Archive member included to satisfy reference by file (symbol)

/Applications/STM32CubeIDE.app/Contents/Eclipse/plugins/com.st.stm32cube.ide.mcu.externaltools.gnu-tools-for-stm32.11.3.rel1.macos64_1.1.0.202305231506/tools/bin/../lib/gcc/arm-none-eabi/11.3.1/../../../../arm-none-eabi/lib/thumb/v6-m/nofp/libc_nano.a(libc_a-exit.o)
                              /Applications/STM32CubeIDE.app/Contents/Eclipse/plugins/com.st.stm32cube.ide.mcu.externaltools.gnu-tools-for-stm32.11.3.rel1.macos64_1.1.0.202305231506/tools/bin/../lib/gcc/arm-none-eabi/11.3.1/../../../../arm-none-eabi/lib/thumb/v6-m/nofp/crt0.o (exit)
/Applications/STM32CubeIDE.app/Contents/Eclipse/plugins/com.st.stm32cube.ide.mcu.externaltools.gnu-tools-for-stm32.11.3.rel1.macos64_1.1.0.202305231506/tools/bin/../lib/gcc/arm-none-eabi/11.3.1/../../../../arm-none-eabi/lib/thumb/v6-m/nofp/libc_nano.a(libc_a-sprintf.o)
                              ./Core/Src/main.o (sprintf)
/Applications/STM32CubeIDE.app/Contents/Eclipse/plugins/com.st.stm32cube.ide.mcu.externaltools.gnu-tools-for-stm32.11.3.rel1.macos64_1.1.0.202305231506/tools/bin/../lib/gcc/arm-none-eabi/11.3.1/../../../../arm-none-eabi/lib/thumb/v6-m/nofp/libc_nano.a(libc_a-random.o)
                              /Users/jgengineergirl/Sign2Sound/Core/Src/lab8-autotest.o (srandom)
/Applications/STM32CubeIDE.app/Contents/Eclipse/plugins/com.st.stm32cube.ide.mcu.externaltools.gnu-tools-for-stm32.11.3.rel1.macos64_1.1.0.202305231506/tools/bin/../lib/gcc/arm-none-eabi/11.3.1/../../../../arm-none-eabi/lib/thumb/v6-m/nofp/libc_nano.a(libc_a-findfp.o)
                              /Applications/STM32CubeIDE.app/Contents/Eclipse/plugins/com.st.stm32cube.ide.mcu.externaltools.gnu-tools-for-stm32.11.3.rel1.macos64_1.1.0.202305231506/tools/bin/../lib/gcc/arm-none-eabi/11.3.1/../../../../arm-none-eabi/lib/thumb/v6-m/nofp/libc_nano.a(libc_a-exit.o) (__stdio_exit_handler)
/Applications/STM32CubeIDE.app/Contents/Eclipse/plugins/com.st.stm32cube.ide.mcu.externaltools.gnu-tools-for-stm32.11.3.rel1.macos64_1.1.0.202305231506/tools/bin/../lib/gcc/arm-none-eabi/11.3.1/../../../../arm-none-eabi/lib/thumb/v6-m/nofp/libc_nano.a(libc_a-fwalk.o)
                              /Applications/STM32CubeIDE.app/Contents/Eclipse/plugins/com.st.stm32cube.ide.mcu.externaltools.gnu-tools-for-stm32.11.3.rel1.macos64_1.1.0.202305231506/tools/bin/../lib/gcc/arm-none-eabi/11.3.1/../../../../arm-none-eabi/lib/thumb/v6-m/nofp/libc_nano.a(libc_a-findfp.o) (_fwalk_sglue)
/Applications/STM32CubeIDE.app/Contents/Eclipse/plugins/com.st.stm32cube.ide.mcu.externaltools.gnu-tools-for-stm32.11.3.rel1.macos64_1.1.0.202305231506/tools/bin/../lib/gcc/arm-none-eabi/11.3.1/../../../../arm-none-eabi/lib/thumb/v6-m/nofp/libc_nano.a(libc_a-puts.o)
                              /Users/jgengineergirl/Sign2Sound/Core/Src/lab8-autotest.o (puts)
/Applications/STM32CubeIDE.app/Contents/Eclipse/plugins/com.st.stm32cube.ide.mcu.externaltools.gnu-tools-for-stm32.11.3.rel1.macos64_1.1.0.202305231506/tools/bin/../lib/gcc/arm-none-eabi/11.3.1/../../../../arm-none-eabi/lib/thumb/v6-m/nofp/libc_nano.a(libc_a-strcat.o)
                              /Users/jgengineergirl/Sign2Sound/Core/Src/lab8-autotest.o (strcat)
/Applications/STM32CubeIDE.app/Contents/Eclipse/plugins/com.st.stm32cube.ide.mcu.externaltools.gnu-tools-for-stm32.11.3.rel1.macos64_1.1.0.202305231506/tools/bin/../lib/gcc/arm-none-eabi/11.3.1/../../../../arm-none-eabi/lib/thumb/v6-m/nofp/libc_nano.a(libc_a-strncpy.o)
                              /Users/jgengineergirl/Sign2Sound/Core/Src/lab8-autotest.o (strncpy)
/Applications/STM32CubeIDE.app/Contents/Eclipse/plugins/com.st.stm32cube.ide.mcu.externaltools.gnu-tools-for-stm32.11.3.rel1.macos64_1.1.0.202305231506/tools/bin/../lib/gcc/arm-none-eabi/11.3.1/../../../../arm-none-eabi/lib/thumb/v6-m/nofp/libc_nano.a(libc_a-memset.o)
                              /Applications/STM32CubeIDE.app/Contents/Eclipse/plugins/com.st.stm32cube.ide.mcu.externaltools.gnu-tools-for-stm32.11.3.rel1.macos64_1.1.0.202305231506/tools/bin/../lib/gcc/arm-none-eabi/11.3.1/../../../../arm-none-eabi/lib/thumb/v6-m/nofp/crt0.o (memset)
/Applications/STM32CubeIDE.app/Contents/Eclipse/plugins/com.st.stm32cube.ide.mcu.externaltools.gnu-tools-for-stm32.11.3.rel1.macos64_1.1.0.202305231506/tools/bin/../lib/gcc/arm-none-eabi/11.3.1/../../../../arm-none-eabi/lib/thumb/v6-m/nofp/libc_nano.a(libc_a-impure.o)
                              /Applications/STM32CubeIDE.app/Contents/Eclipse/plugins/com.st.stm32cube.ide.mcu.externaltools.gnu-tools-for-stm32.11.3.rel1.macos64_1.1.0.202305231506/tools/bin/../lib/gcc/arm-none-eabi/11.3.1/../../../../arm-none-eabi/lib/thumb/v6-m/nofp/libc_nano.a(libc_a-sprintf.o) (_impure_ptr)
/Applications/STM32CubeIDE.app/Contents/Eclipse/plugins/com.st.stm32cube.ide.mcu.externaltools.gnu-tools-for-stm32.11.3.rel1.macos64_1.1.0.202305231506/tools/bin/../lib/gcc/arm-none-eabi/11.3.1/../../../../arm-none-eabi/lib/thumb/v6-m/nofp/libc_nano.a(libc_a-errno.o)
[...]
Memory Configuration

Name             Origin             Length             Attributes
RAM              0x0000000020000000 0x0000000000008000 xrw
FLASH            0x0000000008000000 0x0000000000040000 xr
*default*        0x0000000000000000 0xffffffffffffffff

Linker script and memory map

LOAD /Applications/STM32CubeIDE.app/Contents/Eclipse/plugins/com.st.stm32cube.ide.mcu.externaltools.gnu-tools-for-stm32.11.3.rel1.macos64_1.1.0.202305231506/tools/bin/../lib/gcc/arm-none-eabi/11.3.1/thumb/v6-m/nofp/crti.o
LOAD /Applications/STM32CubeIDE.app/Contents/Eclipse/plugins/com.st.stm32cube.ide.mcu.externaltools.gnu-tools-for-stm32.11.3.rel1.macos64_1.1.0.202305231506/tools/bin/../lib/gcc/arm-none-eabi/11.3.1/thumb/v6-m/nofp/crtbegin.o
LOAD /Applications/STM32CubeIDE.app/Contents/Eclipse/plugins/com.st.stm32cube.ide.mcu.externaltools.gnu-tools-for-stm32.11.3.rel1.macos64_1.1.0.202305231506/tools/bin/../lib/gcc/arm-none-eabi/11.3.1/../../../../arm-none-eabi/lib/thumb/v6-m/nofp/crt0.o
LOAD ./Core/Src/image.o
LOAD ./Core/Src/lcd.o
LOAD ./Core/Src/main.o
LOAD ./Core/Src/stm32f0xx_hal_msp.o
LOAD ./Core/Src/stm32f0xx_it.o
LOAD ./Core/Src/syscalls.o
LOAD ./Core/Src/sysmem.o
LOAD ./Core/Src/system_stm32f0xx.o
LOAD ./Core/Startup/startup_stm32f091rctx.o
LOAD ./Drivers/STM32F0xx_HAL_Driver/Src/stm32f0xx_hal.o
LOAD ./Drivers/STM32F0xx_HAL_Driver/Src/stm32f0xx_hal_cortex.o
LOAD ./Drivers/STM32F0xx_HAL_Driver/Src/stm32f0xx_hal_dma.o
LOAD ./Drivers/STM32F0xx_HAL_Driver/Src/stm32f0xx_hal_exti.o
LOAD ./Drivers/STM32F0xx_HAL_Driver/Src/stm32f0xx_hal_flash.o
LOAD ./Drivers/STM32F0xx_HAL_Driver/Src/stm32f0xx_hal_flash_ex.o
LOAD ./Drivers/STM32F0xx_HAL_Driver/Src/stm32f0xx_hal_gpio.o
LOAD ./Drivers/STM32F0xx_HAL_Driver/Src/stm32f0xx_hal_i2c.o
LOAD ./Drivers/STM32F0xx_HAL_Driver/Src/stm32f0xx_hal_i2c_ex.o
LOAD ./Drivers/STM32F0xx_HAL_Driver/Src/stm32f0xx_hal_pwr.o
LOAD ./Drivers/STM32F0xx_HAL_Driver/Src/stm32f0xx_hal_pwr_ex.o
LOAD ./Drivers/STM32F0xx_HAL_Driver/Src/stm32f0xx_hal_rcc.o
LOAD ./Drivers/STM32F0xx_HAL_Driver/Src/stm32f0xx_hal_rcc_ex.o
LOAD ./Drivers/STM32F0xx_HAL_Driver/Src/stm32f0xx_hal_spi.o
LOAD ./Drivers/STM32F0xx_HAL_Driver/Src/stm32f0xx_hal_spi_ex.o
LOAD ./Drivers/STM32F0xx_HAL_Driver/Src/stm32f0xx_hal_tim.o
LOAD ./Drivers/STM32F0xx_HAL_Driver/Src/stm32f0xx_hal_tim_ex.o
LOAD /Users/jgengineergirl/Sign2Sound/Core/Src/lab8-autotest.o
START GROUP
LOAD /Applications/STM32CubeIDE.app/Contents/Eclipse/plugins/com.st.stm32cube.ide.mcu.externaltools.gnu-tools-for-stm32.11.3.rel1.macos64_1.1.0.202305231506/tools/bin/../lib/gcc/arm-none-eabi/11.3.1/../../../../arm-none-eabi/lib/thumb/v6-m/nofp/libc_nano.a
LOAD /Applications/STM32CubeIDE.app/Contents/Eclipse/plugins/com.st.stm32cube.ide.mcu.externaltools.gnu-tools-for-stm32.11.3.rel1.macos64_1.1.0.202305231506/tools/bin/../lib/gcc/arm-none-eabi/11.3.1/../../../../arm-none-eabi/lib/thumb/v6-m/nofp/libm.a
END GROUP
START GROUP
LOAD /Applications/STM32CubeIDE.app/Contents/Eclipse/plugins/com.st.stm32cube.ide.mcu.externaltools.gnu-tools-for-stm32.11.3.rel1.macos64_1.1.0.202305231506/tools/bin/../lib/gcc/arm-none-eabi/11.3.1/thumb/v6-m/nofp/libgcc.a
LOAD /Applications/STM32CubeIDE.app/Contents/Eclipse/plugins/com.st.stm32cube.ide.mcu.externaltools.gnu-tools-for-stm32.11.3.rel1.macos64_1.1.0.202305231506/tools/bin/../lib/gcc/arm-none-eabi/11.3.1/../../../../arm-none-eabi/lib/thumb/v6-m/nofp/libc_nano.a
END GROUP
START GROUP
LOAD /Applications/STM32CubeIDE.app/Contents/Eclipse/plugins/com.st.stm32cube.ide.mcu.externaltools.gnu-tools-for-stm32.11.3.rel1.macos64_1.1.0.202305231506/tools/bin/../lib/gcc/arm-none-eabi/11.3.1/thumb/v6-m/nofp/libgcc.a
LOAD /Applications/STM32CubeIDE.app/Contents/Eclipse/plugins/com.st.stm32cube.ide.mcu.externaltools.gnu-tools-for-stm32.11.3.rel1.macos64_1.1.0.202305231506/tools/bin/../lib/gcc/arm-none-eabi/11.3.1/../../../../arm-none-eabi/lib/thumb/v6-m/nofp/libc_nano.a
LOAD /Applications/STM32CubeIDE.app/Contents/Eclipse/plugins/com.st.stm32cube.ide.mcu.externaltools.gnu-tools-for-stm32.11.3.rel1.macos64_1.1.0.202305231506/tools/bin/../lib/gcc/arm-none-eabi/11.3.1/../../../../arm-none-eabi/lib/thumb/v6-m/nofp/libnosys.a
END GROUP
START GROUP
LOAD /Applications/STM32CubeIDE.app/Contents/Eclipse/plugins/com.st.stm32cube.ide.mcu.externaltools.gnu-tools-for-stm32.11.3.rel1.macos64_1.1.0.202305231506/tools/bin/../lib/gcc/arm-none-eabi/11.3.1/thumb/v6-m/nofp/libgcc.a
LOAD /Applications/STM32CubeIDE.app/Contents/Eclipse/plugins/com.st.stm32cube.ide.mcu.externaltools.gnu-tools-for-stm32.11.3.rel1.macos64_1.1.0.202305231506/tools/bin/../lib/gcc/arm-none-eabi/11.3.1/../../../../arm-none-eabi/lib/thumb/v6-m/nofp/libc_nano.a
LOAD /Applications/STM32CubeIDE.app/Contents/Eclipse/plugins/com.st.stm32cube.ide.mcu.externaltools.gnu-tools-for-stm32.11.3.rel1.macos64_1.1.0.202305231506/tools/bin/../lib/gcc/arm-none-eabi/11.3.1/../../../../arm-none-eabi/lib/thumb/v6-m/nofp/libnosys.a
END GROUP
LOAD /Applications/STM32CubeIDE.app/Contents/Eclipse/plugins/com.st.stm32cube.ide.mcu.externaltools.gnu-tools-for-stm32.11.3.rel1.macos64_1.1.0.202305231506/tools/bin/../lib/gcc/arm-none-eabi/11.3.1/thumb/v6-m/nofp/crtend.o
LOAD /Applications/STM32CubeIDE.app/Contents/Eclipse/plugins/com.st.stm32cube.ide.mcu.externaltools.gnu-tools-for-stm32.11.3.rel1.macos64_1.1.0.202305231506/tools/bin/../lib/gcc/arm-none-eabi/11.3.1/thumb/v6-m/nofp/crtn.o
                0x0000000020008000                _estack = (ORIGIN (RAM) + LENGTH (RAM))
                0x0000000000000200                _Min_Heap_Size = 0x200
                0x0000000000000400                _Min_Stack_Size = 0x400

.isr_vector     0x0000000008000000       0xbc
                0x0000000008000000                . = ALIGN (0x4)
 *(.isr_vector)
 .isr_vector    0x0000000008000000       0xbc ./Core/Startup/startup_stm32f091rctx.o
                0x0000000008000000                g_pfnVectors
                0x00000000080000bc                . = ALIGN (0x4)

.text           0x00000000080000bc     0x28b0
                0x00000000080000bc                . = ALIGN (0x4)
 *(.text)
 .text          0x00000000080000bc       0x48 /Applications/STM32CubeIDE.app/Contents/Eclipse/plugins/com.st.stm32cube.ide.mcu.externaltools.gnu-tools-for-stm32.11.3.rel1.macos64_1.1.0.202305231506/tools/bin/../lib/gcc/arm-none-eabi/11.3.1/thumb/v6-m/nofp/crtbegin.o
 .text          0x0000000008000104       0x14 /Applications/STM32CubeIDE.app/Contents/Eclipse/plugins/com.st.stm32cube.ide.mcu.externaltools.gnu-tools-for-stm32.11.3.rel1.macos64_1.1.0.202305231506/tools/bin/../lib/gcc/arm-none-eabi/11.3.1/thumb/v6-m/nofp/libgcc.a(_thumb1_case_shi.o)
                0x0000000008000104                __gnu_thumb1_case_shi
 .text          0x0000000008000118      0x114 /Applications/STM32CubeIDE.app/Contents/Eclipse/plugins/com.st.stm32cube.ide.mcu.externaltools.gnu-tools-for-stm32.11.3.rel1.macos64_1.1.0.202305231506/tools/bin/../lib/gcc/arm-none-eabi/11.3.1/thumb/v6-m/nofp/libgcc.a(_udivsi3.o)
                0x0000000008000118                __udivsi3
                0x0000000008000118                __aeabi_uidiv
                0x0000000008000224                __aeabi_uidivmod
 .text          0x000000000800022c      0x1d4 /Applications/STM32CubeIDE.app/Contents/Eclipse/plugins/com.st.stm32cube.ide.mcu.externaltools.gnu-tools-for-stm32.11.3.rel1.macos64_1.1.0.202305231506/tools/bin/../lib/gcc/arm-none-eabi/11.3.1/thumb/v6-m/nofp/libgcc.a(_divsi3.o)
                0x000000000800022c                __aeabi_idiv
                0x000000000800022c                __divsi3
                0x00000000080003f8                __aeabi_idivmod
 .text          0x0000000008000400        0x4 /Applications/STM32CubeIDE.app/Contents/Eclipse/plugins/com.st.stm32cube.ide.mcu.externaltools.gnu-tools-for-stm32.11.3.rel1.macos64_1.1.0.202305231506/tools/bin/../lib/gcc/arm-none-eabi/11.3.1/thumb/v6-m/nofp/libgcc.a(_dvmd_tls.o)
                0x0000000008000400                __aeabi_ldiv0
                0x0000000008000400                __aeabi_idiv0
 *(.text*)
 .text.nano_wait
                0x0000000008000404       0x18 ./Core/Src/lcd.o
                0x0000000008000404                nano_wait
 .text.LCD_Reset
                0x000000000800041c       0x38 ./Core/Src/lcd.o
                0x000000000800041c                LCD_Reset
 .text.LCD_WR_REG
                0x0000000008000454       0x3c ./Core/Src/lcd.o
                0x0000000008000454                LCD_WR_REG
 .text.LCD_WR_DATA
                0x0000000008000490       0x3c ./Core/Src/lcd.o
                0x0000000008000490                LCD_WR_DATA
 .text.LCD_WriteData16_Prepare
                0x00000000080004cc       0x28 ./Core/Src/lcd.o
                0x00000000080004cc                LCD_WriteData16_Prepare
 .text.LCD_WriteData16
                0x00000000080004f4       0x2c ./Core/Src/lcd.o
                0x00000000080004f4                LCD_WriteData16
 .text.LCD_WriteData16_End
                0x0000000008000520       0x20 ./Core/Src/lcd.o
                0x0000000008000520                LCD_WriteData16_End
 .text.LCD_WriteReg
                0x0000000008000540       0x30 ./Core/Src/lcd.o
                0x0000000008000540                LCD_WriteReg
 .text.LCD_WriteRAM_Prepare
                0x0000000008000570       0x1c ./Core/Src/lcd.o
                0x0000000008000570                LCD_WriteRAM_Prepare
 .text.LCD_direction
                0x000000000800058c       0xa8 ./Core/Src/lcd.o
                0x000000000800058c                LCD_direction
 .text.tft_select
                0x0000000008000634       0x4c ./Core/Src/lcd.o
 .text.tft_reset
                0x0000000008000680       0x2c ./Core/Src/lcd.o
 .text.tft_reg_select
                0x00000000080006ac       0x28 ./Core/Src/lcd.o
 .text.LCD_Init
                0x00000000080006d4      0x2a4 ./Core/Src/lcd.o
                0x00000000080006d4                LCD_Init
 .text.LCD_SetWindow
                0x0000000008000978       0xc0 ./Core/Src/lcd.o
                0x0000000008000978                LCD_SetWindow
 .text.LCD_Clear
                0x0000000008000a38       0x84 ./Core/Src/lcd.o
                0x0000000008000a38                LCD_Clear
 .text._LCD_DrawPoint
                0x0000000008000abc       0x4e ./Core/Src/lcd.o
 .text._LCD_DrawLine
                0x0000000008000b0a      0x12e ./Core/Src/lcd.o
 .text.LCD_DrawLine
                0x0000000008000c38       0x60 ./Core/Src/lcd.o
                0x0000000008000c38                LCD_DrawLine
 .text.LCD_DrawRectangle
                0x0000000008000c98       0xb4 ./Core/Src/lcd.o
                0x0000000008000c98                LCD_DrawRectangle
 .text._LCD_Fill
                0x0000000008000d4c       0xcc ./Core/Src/lcd.o
 .text.LCD_DrawFillRectangle
                0x0000000008000e18       0x60 ./Core/Src/lcd.o
                0x0000000008000e18                LCD_DrawFillRectangle
 .text._draw_circle_8
                0x0000000008000e78      0x13a ./Core/Src/lcd.o
 *fill*         0x0000000008000fb2        0x2 
 .text.LCD_Circle
                0x0000000008000fb4      0x11c ./Core/Src/lcd.o
                0x0000000008000fb4                LCD_Circle
 .text._swap    0x00000000080010d0       0x2c ./Core/Src/lcd.o
 .text.LCD_DrawFillTriangle
                0x00000000080010fc      0x340 ./Core/Src/lcd.o
                0x00000000080010fc                LCD_DrawFillTriangle
 .text._LCD_DrawChar
                0x000000000800143c      0x22c ./Core/Src/lcd.o
                0x000000000800143c                _LCD_DrawChar
 .text.LCD_DrawChar
                0x0000000008001668       0x70 ./Core/Src/lcd.o
                0x0000000008001668                LCD_DrawChar
 .text.LCD_DrawString
                0x00000000080016d8       0xc4 ./Core/Src/lcd.o
                0x00000000080016d8                LCD_DrawString
 .text.LCD_DrawPicture
                0x000000000800179c      0x108 ./Core/Src/lcd.o
                0x000000000800179c                LCD_DrawPicture
 .text.setup_bb
                0x00000000080018a4       0x4c ./Core/Src/main.o
                0x00000000080018a4                setup_bb
 .text.small_delay
                0x00000000080018f0       0x18 ./Core/Src/main.o
                0x00000000080018f0                small_delay
 .text.bb_write_bit
                0x0000000008001908       0x54 ./Core/Src/main.o
                0x0000000008001908                bb_write_bit
 .text.bb_write_byte
                0x000000000800195c       0x3e ./Core/Src/main.o
                0x000000000800195c                bb_write_byte
 *fill*         0x000000000800199a        0x2 
 .text.bb_cmd   0x000000000800199c       0x5c ./Core/Src/main.o
                0x000000000800199c                bb_cmd
 .text.bb_data  0x00000000080019f8       0x5c ./Core/Src/main.o
                0x00000000080019f8                bb_data
 .text.bb_init_oled
                0x0000000008001a54       0x44 ./Core/Src/main.o
                0x0000000008001a54                bb_init_oled
 .text.bb_display1
                0x0000000008001a98       0x42 ./Core/Src/main.o
                0x0000000008001a98                bb_display1
 *fill*         0x0000000008001ada        0x2 
 .text.show_counter
                0x0000000008001adc       0x70 ./Core/Src/main.o
                0x0000000008001adc                show_counter
 .text.main     0x0000000008001b4c      0x138 ./Core/Src/main.o
                0x0000000008001b4c                main
 .text.NMI_Handler
                0x0000000008001c84        0x6 ./Core/Src/stm32f0xx_it.o
                0x0000000008001c84                NMI_Handler
 .text.HardFault_Handler
                0x0000000008001c8a        0x6 ./Core/Src/stm32f0xx_it.o
                0x0000000008001c8a                HardFault_Handler
 .text.SVC_Handler
                0x0000000008001c90        0xa ./Core/Src/stm32f0xx_it.o
                0x0000000008001c90                SVC_Handler
 .text.PendSV_Handler
                0x0000000008001c9a        0xa ./Core/Src/stm32f0xx_it.o
                0x0000000008001c9a                PendSV_Handler
 .text.SysTick_Handler
                0x0000000008001ca4        0xe ./Core/Src/stm32f0xx_it.o
                0x0000000008001ca4                SysTick_Handler
 *fill*         0x0000000008001cb2        0x2 
 .text._sbrk    0x0000000008001cb4       0x6c ./Core/Src/sysmem.o
                0x0000000008001cb4                _sbrk
 .text.SystemInit
                0x0000000008001d20        0xa ./Core/Src/system_stm32f0xx.o
                0x0000000008001d20                SystemInit
 *fill*         0x0000000008001d2a        0x2 
 .text.Reset_Handler
                0x0000000008001d2c       0x50 ./Core/Startup/startup_stm32f091rctx.o
                0x0000000008001d2c                Reset_Handler
 .text.Default_Handler
                0x0000000008001d7c        0x2 ./Core/Startup/startup_stm32f091rctx.o
                0x0000000008001d7c                TIM1_BRK_UP_TRG_COM_IRQHandler
                0x0000000008001d7c                TSC_IRQHandler
                0x0000000008001d7c                ADC1_COMP_IRQHandler
                0x0000000008001d7c                I2C1_IRQHandler
                0x0000000008001d7c                RCC_CRS_IRQHandler
                0x0000000008001d7c                SPI1_IRQHandler
                0x0000000008001d7c                TIM6_DAC_IRQHandler
                0x0000000008001d7c                DMA1_Ch1_IRQHandler
                0x0000000008001d7c                EXTI2_3_IRQHandler
                0x0000000008001d7c                I2C2_IRQHandler
                0x0000000008001d7c                CEC_CAN_IRQHandler
                0x0000000008001d7c                RTC_IRQHandler
                0x0000000008001d7c                PVD_VDDIO2_IRQHandler
                0x0000000008001d7c                TIM3_IRQHandler
                0x0000000008001d7c                EXTI4_15_IRQHandler
                0x0000000008001d7c                USART3_8_IRQHandler
                0x0000000008001d7c                Default_Handler
                0x0000000008001d7c                TIM14_IRQHandler
                0x0000000008001d7c                TIM7_IRQHandler
                0x0000000008001d7c                TIM15_IRQHandler
                0x0000000008001d7c                EXTI0_1_IRQHandler
                0x0000000008001d7c                SPI2_IRQHandler
                0x0000000008001d7c                DMA1_Ch2_3_DMA2_Ch1_2_IRQHandler
                0x0000000008001d7c                DMA1_Ch4_7_DMA2_Ch3_5_IRQHandler
                0x0000000008001d7c                WWDG_IRQHandler
                0x0000000008001d7c                TIM2_IRQHandler
                0x0000000008001d7c                USART2_IRQHandler
                0x0000000008001d7c                FLASH_IRQHandler
                0x0000000008001d7c                USART1_IRQHandler
                0x0000000008001d7c                TIM1_CC_IRQHandler
 *fill*         0x0000000008001d7e        0x2 
 .text.HAL_IncTick
                0x0000000008001d80       0x24 ./Drivers/STM32F0xx_HAL_Driver/Src/stm32f0xx_hal.o
                0x0000000008001d80                HAL_IncTick
 .text.TIM16_IRQHandler
                0x0000000008001da4       0x2c /Users/jgengineergirl/Sign2Sound/Core/Src/lab8-autotest.o
                0x0000000008001da4                TIM16_IRQHandler
 .text.internal_show_digit
                0x0000000008001dd0       0x44 /Users/jgengineergirl/Sign2Sound/Core/Src/lab8-autotest.o
 .text.internal_set_row
                0x0000000008001e14       0x2c /Users/jgengineergirl/Sign2Sound/Core/Src/lab8-autotest.o
 .text.internal_get_cols
                0x0000000008001e40       0x20 /Users/jgengineergirl/Sign2Sound/Core/Src/lab8-autotest.o
 .text.internal_insert_queue
                0x0000000008001e60       0x48 /Users/jgengineergirl/Sign2Sound/Core/Src/lab8-autotest.o
 .text.internal_update_hist
                0x0000000008001ea8      0x110 /Users/jgengineergirl/Sign2Sound/Core/Src/lab8-autotest.o
 .text.TIM17_IRQHandler
                0x0000000008001fb8       0x60 /Users/jgengineergirl/Sign2Sound/Core/Src/lab8-autotest.o
                0x0000000008001fb8                TIM17_IRQHandler
 .text.sprintf  0x0000000008002018       0x40 /Applications/STM32CubeIDE.app/Contents/Eclipse/plugins/com.st.stm32cube.ide.mcu.externaltools.gnu-tools-for-stm32.11.3.rel1.macos64_1.1.0.202305231506/tools/bin/../lib/gcc/arm-none-eabi/11.3.1/../../../../arm-none-eabi/lib/thumb/v6-m/nofp/libc_nano.a(libc_a-sprintf.o)
                0x0000000008002018                sprintf
                0x0000000008002018                siprintf
 .text.__errno  0x0000000008002058        0xc /Applications/STM32CubeIDE.app/Contents/Eclipse/plugins/com.st.stm32cube.ide.mcu.externaltools.gnu-tools-for-stm32.11.3.rel1.macos64_1.1.0.202305231506/tools/bin/../lib/gcc/arm-none-eabi/11.3.1/../../../../arm-none-eabi/lib/thumb/v6-m/nofp/libc_nano.a(libc_a-errno.o)
                0x0000000008002058                __errno
 .text.__libc_init_array
                0x0000000008002064       0x48 /Applications/STM32CubeIDE.app/Contents/Eclipse/plugins/com.st.stm32cube.ide.mcu.externaltools.gnu-tools-for-stm32.11.3.rel1.macos64_1.1.0.202305231506/tools/bin/../lib/gcc/arm-none-eabi/11.3.1/../../../../arm-none-eabi/lib/thumb/v6-m/nofp/libc_nano.a(libc_a-init.o)
                0x0000000008002064                __libc_init_array
 .text.__retarget_lock_acquire_recursive
                0x00000000080020ac        0x2 /Applications/STM32CubeIDE.app/Contents/Eclipse/plugins/com.st.stm32cube.ide.mcu.externaltools.gnu-tools-for-stm32.11.3.rel1.macos64_1.1.0.202305231506/tools/bin/../lib/gcc/arm-none-eabi/11.3.1/../../../../arm-none-eabi/lib/thumb/v6-m/nofp/libc_nano.a(libc_a-lock.o)
                0x00000000080020ac                __retarget_lock_acquire_recursive
 .text.__retarget_lock_release_recursive
                0x00000000080020ae        0x2 /Applications/STM32CubeIDE.app/Contents/Eclipse/plugins/com.st.stm32cube.ide.mcu.externaltools.gnu-tools-for-stm32.11.3.rel1.macos64_1.1.0.202305231506/tools/bin/../lib/gcc/arm-none-eabi/11.3.1/../../../../arm-none-eabi/lib/thumb/v6-m/nofp/libc_nano.a(libc_a-lock.o)
                0x00000000080020ae                __retarget_lock_release_recursive
 .text.memcpy   0x00000000080020b0       0x12 /Applications/STM32CubeIDE.app/Contents/Eclipse/plugins/com.st.stm32cube.ide.mcu.externaltools.gnu-tools-for-stm32.11.3.rel1.macos64_1.1.0.202305231506/tools/bin/../lib/gcc/arm-none-eabi/11.3.1/../../../../arm-none-eabi/lib/thumb/v6-m/nofp/libc_nano.a(libc_a-memcpy-stub.o)
                0x00000000080020b0                memcpy
 *fill*         0x00000000080020c2        0x2 
 .text.__ssputs_r
                0x00000000080020c4       0xc4 /Applications/STM32CubeIDE.app/Contents/Eclipse/plugins/com.st.stm32cube.ide.mcu.externaltools.gnu-tools-for-stm32.11.3.rel1.macos64_1.1.0.202305231506/tools/bin/../lib/gcc/arm-none-eabi/11.3.1/../../../../arm-none-eabi/lib/thumb/v6-m/nofp/libc_nano.a(libc_a-nano-svfprintf.o)
                0x00000000080020c4                __ssputs_r
 .text._svfprintf_r
                0x0000000008002188      0x200 /Applications/STM32CubeIDE.app/Contents/Eclipse/plugins/com.st.stm32cube.ide.mcu.externaltools.gnu-tools-for-stm32.11.3.rel1.macos64_1.1.0.202305231506/tools/bin/../lib/gcc/arm-none-eabi/11.3.1/../../../../arm-none-eabi/lib/thumb/v6-m/nofp/libc_nano.a(libc_a-nano-svfprintf.o)
                0x0000000008002188                _svfprintf_r
                0x0000000008002188                _svfiprintf_r
 .text.sbrk_aligned
                0x0000000008002388       0x44 /Applications/STM32CubeIDE.app/Contents/Eclipse/plugins/com.st.stm32cube.ide.mcu.externaltools.gnu-tools-for-stm32.11.3.rel1.macos64_1.1.0.202305231506/tools/bin/../lib/gcc/arm-none-eabi/11.3.1/../../../../arm-none-eabi/lib/thumb/v6-m/nofp/libc_nano.a(libc_a-mallocr.o)
 .text._malloc_r
                0x00000000080023cc      0x104 /Applications/STM32CubeIDE.app/Contents/Eclipse/plugins/com.st.stm32cube.ide.mcu.externaltools.gnu-tools-for-stm32.11.3.rel1.macos64_1.1.0.202305231506/tools/bin/../lib/gcc/arm-none-eabi/11.3.1/../../../../arm-none-eabi/lib/thumb/v6-m/nofp/libc_nano.a(libc_a-mallocr.o)
                0x00000000080023cc                _malloc_r
 .text._printf_common
                0x00000000080024d0       0xde /Applications/STM32CubeIDE.app/Contents/Eclipse/plugins/com.st.stm32cube.ide.mcu.externaltools.gnu-tools-for-stm32.11.3.rel1.macos64_1.1.0.202305231506/tools/bin/../lib/gcc/arm-none-eabi/11.3.1/../../../../arm-none-eabi/lib/thumb/v6-m/nofp/libc_nano.a(libc_a-nano-vfprintf_i.o)
                0x00000000080024d0                _printf_common
 *fill*         0x00000000080025ae        0x2 
 .text._printf_i
                0x00000000080025b0      0x220 /Applications/STM32CubeIDE.app/Contents/Eclipse/plugins/com.st.stm32cube.ide.mcu.externaltools.gnu-tools-for-stm32.11.3.rel1.macos64_1.1.0.202305231506/tools/bin/../lib/gcc/arm-none-eabi/11.3.1/../../../../arm-none-eabi/lib/thumb/v6-m/nofp/libc_nano.a(libc_a-nano-vfprintf_i.o)
                0x00000000080025b0                _printf_i
 .text.__malloc_lock
                0x00000000080027d0       0x10 /Applications/STM32CubeIDE.app/Contents/Eclipse/plugins/com.st.stm32cube.ide.mcu.externaltools.gnu-tools-for-stm32.11.3.rel1.macos64_1.1.0.202305231506/tools/bin/../lib/gcc/arm-none-eabi/11.3.1/../../../../arm-none-eabi/lib/thumb/v6-m/nofp/libc_nano.a(libc_a-mlock.o)
                0x00000000080027d0                __malloc_lock
 .text.__malloc_unlock
                0x00000000080027e0       0x10 /Applications/STM32CubeIDE.app/Contents/Eclipse/plugins/com.st.stm32cube.ide.mcu.externaltools.gnu-tools-for-stm32.11.3.rel1.macos64_1.1.0.202305231506/tools/bin/../lib/gcc/arm-none-eabi/11.3.1/../../../../arm-none-eabi/lib/thumb/v6-m/nofp/libc_nano.a(libc_a-mlock.o)
                0x00000000080027e0                __malloc_unlock
 .text._realloc_r
                0x00000000080027f0       0x5e /Applications/STM32CubeIDE.app/Contents/Eclipse/plugins/com.st.stm32cube.ide.mcu.externaltools.gnu-tools-for-stm32.11.3.rel1.macos64_1.1.0.202305231506/tools/bin/../lib/gcc/arm-none-eabi/11.3.1/../../../../arm-none-eabi/lib/thumb/v6-m/nofp/libc_nano.a(libc_a-reallocr.o)
                0x00000000080027f0                _realloc_r
 .text.memmove  0x000000000800284e       0x26 /Applications/STM32CubeIDE.app/Contents/Eclipse/plugins/com.st.stm32cube.ide.mcu.externaltools.gnu-tools-for-stm32.11.3.rel1.macos64_1.1.0.202305231506/tools/bin/../lib/gcc/arm-none-eabi/11.3.1/../../../../arm-none-eabi/lib/thumb/v6-m/nofp/libc_nano.a(libc_a-memmove.o)
                0x000000000800284e                memmove
 .text._sbrk_r  0x0000000008002874       0x24 /Applications/STM32CubeIDE.app/Contents/Eclipse/plugins/com.st.stm32cube.ide.mcu.externaltools.gnu-tools-for-stm32.11.3.rel1.macos64_1.1.0.202305231506/tools/bin/../lib/gcc/arm-none-eabi/11.3.1/../../../../arm-none-eabi/lib/thumb/v6-m/nofp/libc_nano.a(libc_a-sbrkr.o)
                0x0000000008002874                _sbrk_r
 .text.memchr   0x0000000008002898       0x16 /Applications/STM32CubeIDE.app/Contents/Eclipse/plugins/com.st.stm32cube.ide.mcu.externaltools.gnu-tools-for-stm32.11.3.rel1.macos64_1.1.0.202305231506/tools/bin/../lib/gcc/arm-none-eabi/11.3.1/../../../../arm-none-eabi/lib/thumb/v6-m/nofp/libc_nano.a(libc_a-memchr-stub.o)
                0x0000000008002898                memchr
 *fill*         0x00000000080028ae        0x2 
 .text._free_r  0x00000000080028b0       0x94 /Applications/STM32CubeIDE.app/Contents/Eclipse/plugins/com.st.stm32cube.ide.mcu.externaltools.gnu-tools-for-stm32.11.3.rel1.macos64_1.1.0.202305231506/tools/bin/../lib/gcc/arm-none-eabi/11.3.1/../../../../arm-none-eabi/lib/thumb/v6-m/nofp/libc_nano.a(libc_a-freer.o)
                0x00000000080028b0                _free_r
 .text._malloc_usable_size_r
                0x0000000008002944       0x10 /Applications/STM32CubeIDE.app/Contents/Eclipse/plugins/com.st.stm32cube.ide.mcu.externaltools.gnu-tools-for-stm32.11.3.rel1.macos64_1.1.0.202305231506/tools/bin/../lib/gcc/arm-none-eabi/11.3.1/../../../../arm-none-eabi/lib/thumb/v6-m/nofp/libc_nano.a(libc_a-msizer.o)
                0x0000000008002944                _malloc_usable_size_r
 *(.glue_7)
 .glue_7        0x0000000008002954        0x0 linker stubs
 *(.glue_7t)
 .glue_7t       0x0000000008002954        0x0 linker stubs
 *(.eh_frame)
 .eh_frame      0x0000000008002954        0x0 /Applications/STM32CubeIDE.app/Contents/Eclipse/plugins/com.st.stm32cube.ide.mcu.externaltools.gnu-tools-for-stm32.11.3.rel1.macos64_1.1.0.202305231506/tools/bin/../lib/gcc/arm-none-eabi/11.3.1/thumb/v6-m/nofp/crtbegin.o
 *(.init)
 .init          0x0000000008002954        0x4 /Applications/STM32CubeIDE.app/Contents/Eclipse/plugins/com.st.stm32cube.ide.mcu.externaltools.gnu-tools-for-stm32.11.3.rel1.macos64_1.1.0.202305231506/tools/bin/../lib/gcc/arm-none-eabi/11.3.1/thumb/v6-m/nofp/crti.o
                0x0000000008002954                _init
 .init          0x0000000008002958        0x8 /Applications/STM32CubeIDE.app/Contents/Eclipse/plugins/com.st.stm32cube.ide.mcu.externaltools.gnu-tools-for-stm32.11.3.rel1.macos64_1.1.0.202305231506/tools/bin/../lib/gcc/arm-none-eabi/11.3.1/thumb/v6-m/nofp/crtn.o
 *(.fini)
 .fini          0x0000000008002960        0x4 /Applications/STM32CubeIDE.app/Contents/Eclipse/plugins/com.st.stm32cube.ide.mcu.externaltools.gnu-tools-for-stm32.11.3.rel1.macos64_1.1.0.202305231506/tools/bin/../lib/gcc/arm-none-eabi/11.3.1/thumb/v6-m/nofp/crti.o
                0x0000000008002960                _fini
 .fini          0x0000000008002964        0x8 /Applications/STM32CubeIDE.app/Contents/Eclipse/plugins/com.st.stm32cube.ide.mcu.externaltools.gnu-tools-for-stm32.11.3.rel1.macos64_1.1.0.202305231506/tools/bin/../lib/gcc/arm-none-eabi/11.3.1/thumb/v6-m/nofp/crtn.o
                0x000000000800296c                . = ALIGN (0x4)
                0x000000000800296c                _etext = .

.vfp11_veneer   0x000000000800296c        0x0
 .vfp11_veneer  0x000000000800296c        0x0 linker stubs

.v4_bx          0x000000000800296c        0x0
 .v4_bx         0x000000000800296c        0x0 linker stubs

.iplt           0x000000000800296c        0x0
 .iplt          0x000000000800296c        0x0 /Applications/STM32CubeIDE.app/Contents/Eclipse/plugins/com.st.stm32cube.ide.mcu.externaltools.gnu-tools-for-stm32.11.3.rel1.macos64_1.1.0.202305231506/tools/bin/../lib/gcc/arm-none-eabi/11.3.1/thumb/v6-m/nofp/crtbegin.o

.rodata         0x000000000800296c     0x5f7c
                0x000000000800296c                . = ALIGN (0x4)
 *(.rodata)
 .rodata        0x000000000800296c       0x74 ./Core/Src/main.o
 *(.rodata*)
 .rodata.image  0x00000000080029e0     0x5470 ./Core/Src/image.o
                0x00000000080029e0                image
 .rodata.asc2_1206
                0x0000000008007e50      0x474 ./Core/Src/lcd.o
                0x0000000008007e50                asc2_1206
 .rodata.asc2_1608
                0x00000000080082c4      0x5f0 ./Core/Src/lcd.o
                0x00000000080082c4                asc2_1608
 .rodata._svfprintf_r.str1.1
                0x00000000080088b4       0x11 /Applications/STM32CubeIDE.app/Contents/Eclipse/plugins/com.st.stm32cube.ide.mcu.externaltools.gnu-tools-for-stm32.11.3.rel1.macos64_1.1.0.202305231506/tools/bin/../lib/gcc/arm-none-eabi/11.3.1/../../../../arm-none-eabi/lib/thumb/v6-m/nofp/libc_nano.a(libc_a-nano-svfprintf.o)
 .rodata._printf_i.str1.1
                0x00000000080088c5       0x22 /Applications/STM32CubeIDE.app/Contents/Eclipse/plugins/com.st.stm32cube.ide.mcu.externaltools.gnu-tools-for-stm32.11.3.rel1.macos64_1.1.0.202305231506/tools/bin/../lib/gcc/arm-none-eabi/11.3.1/../../../../arm-none-eabi/lib/thumb/v6-m/nofp/libc_nano.a(libc_a-nano-vfprintf_i.o)
                0x00000000080088e8                . = ALIGN (0x4)
 *fill*         0x00000000080088e7        0x1 

.rel.dyn        0x00000000080088e8        0x0
 .rel.iplt      0x00000000080088e8        0x0 /Applications/STM32CubeIDE.app/Contents/Eclipse/plugins/com.st.stm32cube.ide.mcu.externaltools.gnu-tools-for-stm32.11.3.rel1.macos64_1.1.0.202305231506/tools/bin/../lib/gcc/arm-none-eabi/11.3.1/thumb/v6-m/nofp/crtbegin.o

.ARM.extab      0x00000000080088e8        0x0
                0x00000000080088e8                . = ALIGN (0x4)
 *(.ARM.extab* .gnu.linkonce.armextab.*)
                0x00000000080088e8                . = ALIGN (0x4)

.ARM            0x00000000080088e8        0x0
                0x00000000080088e8                . = ALIGN (0x4)
                0x00000000080088e8                __exidx_start = .
 *(.ARM.exidx*)
                0x00000000080088e8                __exidx_end = .
                0x00000000080088e8                . = ALIGN (0x4)

.preinit_array  0x00000000080088e8        0x0
                0x00000000080088e8                . = ALIGN (0x4)
                0x00000000080088e8                PROVIDE (__preinit_array_start = .)
 *(.preinit_array*)
                0x00000000080088e8                PROVIDE (__preinit_array_end = .)
                0x00000000080088e8                . = ALIGN (0x4)

.init_array     0x00000000080088e8        0x4
                0x00000000080088e8                . = ALIGN (0x4)
                0x00000000080088e8                PROVIDE (__init_array_start = .)
 *(SORT_BY_NAME(.init_array.*))
 *(.init_array*)
 .init_array    0x00000000080088e8        0x4 /Applications/STM32CubeIDE.app/Contents/Eclipse/plugins/com.st.stm32cube.ide.mcu.externaltools.gnu-tools-for-stm32.11.3.rel1.macos64_1.1.0.202305231506/tools/bin/../lib/gcc/arm-none-eabi/11.3.1/thumb/v6-m/nofp/crtbegin.o
                0x00000000080088ec                PROVIDE (__init_array_end = .)
                0x00000000080088ec                . = ALIGN (0x4)

.fini_array     0x00000000080088ec        0x4
                0x00000000080088ec                . = ALIGN (0x4)
                [!provide]                        PROVIDE (__fini_array_start = .)
 *(SORT_BY_NAME(.fini_array.*))
 *(.fini_array*)
 .fini_array    0x00000000080088ec        0x4 /Applications/STM32CubeIDE.app/Contents/Eclipse/plugins/com.st.stm32cube.ide.mcu.externaltools.gnu-tools-for-stm32.11.3.rel1.macos64_1.1.0.202305231506/tools/bin/../lib/gcc/arm-none-eabi/11.3.1/thumb/v6-m/nofp/crtbegin.o
                [!provide]                        PROVIDE (__fini_array_end = .)
                0x00000000080088f0                . = ALIGN (0x4)
                0x00000000080088f0                _sidata = LOADADDR (.data)

.data           0x0000000020000000       0x58 load address 0x00000000080088f0
                0x0000000020000000                . = ALIGN (0x4)
                0x0000000020000000                _sdata = .
 *(.data)
 *(.data*)
 .data.wait     0x0000000020000000        0x4 ./Core/Src/main.o
                0x0000000020000000                wait
 .data.uwTickFreq
                0x0000000020000004        0x1 ./Drivers/STM32F0xx_HAL_Driver/Src/stm32f0xx_hal.o
                0x0000000020000004                uwTickFreq
 *fill*         0x0000000020000005        0x3 
 .data._impure_data
                0x0000000020000008       0x4c /Applications/STM32CubeIDE.app/Contents/Eclipse/plugins/com.st.stm32cube.ide.mcu.externaltools.gnu-tools-for-stm32.11.3.rel1.macos64_1.1.0.202305231506/tools/bin/../lib/gcc/arm-none-eabi/11.3.1/../../../../arm-none-eabi/lib/thumb/v6-m/nofp/libc_nano.a(libc_a-impure.o)
                0x0000000020000008                _impure_data
 .data._impure_ptr
                0x0000000020000054        0x4 /Applications/STM32CubeIDE.app/Contents/Eclipse/plugins/com.st.stm32cube.ide.mcu.externaltools.gnu-tools-for-stm32.11.3.rel1.macos64_1.1.0.202305231506/tools/bin/../lib/gcc/arm-none-eabi/11.3.1/../../../../arm-none-eabi/lib/thumb/v6-m/nofp/libc_nano.a(libc_a-impure.o)
                0x0000000020000054                _impure_ptr
 *(.RamFunc)
 *(.RamFunc*)
                0x0000000020000058                . = ALIGN (0x4)
                0x0000000020000058                _edata = .

.igot.plt       0x0000000020000058        0x0 load address 0x0000000008008948
 .igot.plt      0x0000000020000058        0x0 /Applications/STM32CubeIDE.app/Contents/Eclipse/plugins/com.st.stm32cube.ide.mcu.externaltools.gnu-tools-for-stm32.11.3.rel1.macos64_1.1.0.202305231506/tools/bin/../lib/gcc/arm-none-eabi/11.3.1/thumb/v6-m/nofp/crtbegin.o
                0x0000000020000058                . = ALIGN (0x4)

.bss            0x0000000020000058      0xbf0 load address 0x0000000008008948
                0x0000000020000058                _sbss = .
                0x0000000020000058                __bss_start__ = _sbss
 *(.bss)
 .bss           0x0000000020000058       0x1c /Applications/STM32CubeIDE.app/Contents/Eclipse/plugins/com.st.stm32cube.ide.mcu.externaltools.gnu-tools-for-stm32.11.3.rel1.macos64_1.1.0.202305231506/tools/bin/../lib/gcc/arm-none-eabi/11.3.1/thumb/v6-m/nofp/crtbegin.o
 .bss           0x0000000020000074      0xa68 /Users/jgengineergirl/Sign2Sound/Core/Src/lab8-autotest.o
 *(.bss*)
 .bss.lcddev    0x0000000020000adc       0x1c ./Core/Src/lcd.o
                0x0000000020000adc                lcddev
 .bss.__sbrk_heap_end
                0x0000000020000af8        0x4 ./Core/Src/sysmem.o
 .bss.uwTick    0x0000000020000afc        0x4 ./Drivers/STM32F0xx_HAL_Driver/Src/stm32f0xx_hal.o
                0x0000000020000afc                uwTick
 .bss.__sf      0x0000000020000b00      0x138 /Applications/STM32CubeIDE.app/Contents/Eclipse/plugins/com.st.stm32cube.ide.mcu.externaltools.gnu-tools-for-stm32.11.3.rel1.macos64_1.1.0.202305231506/tools/bin/../lib/gcc/arm-none-eabi/11.3.1/../../../../arm-none-eabi/lib/thumb/v6-m/nofp/libc_nano.a(libc_a-findfp.o)
                0x0000000020000b00                __sf
 .bss.__lock___malloc_recursive_mutex
                0x0000000020000c38        0x1 /Applications/STM32CubeIDE.app/Contents/Eclipse/plugins/com.st.stm32cube.ide.mcu.externaltools.gnu-tools-for-stm32.11.3.rel1.macos64_1.1.0.202305231506/tools/bin/../lib/gcc/arm-none-eabi/11.3.1/../../../../arm-none-eabi/lib/thumb/v6-m/nofp/libc_nano.a(libc_a-lock.o)
                0x0000000020000c38                __lock___malloc_recursive_mutex
 *fill*         0x0000000020000c39        0x3 
 .bss.__malloc_free_list
                0x0000000020000c3c        0x4 /Applications/STM32CubeIDE.app/Contents/Eclipse/plugins/com.st.stm32cube.ide.mcu.externaltools.gnu-tools-for-stm32.11.3.rel1.macos64_1.1.0.202305231506/tools/bin/../lib/gcc/arm-none-eabi/11.3.1/../../../../arm-none-eabi/lib/thumb/v6-m/nofp/libc_nano.a(libc_a-mallocr.o)
                0x0000000020000c3c                __malloc_free_list
 .bss.__malloc_sbrk_start
                0x0000000020000c40        0x4 /Applications/STM32CubeIDE.app/Contents/Eclipse/plugins/com.st.stm32cube.ide.mcu.externaltools.gnu-tools-for-stm32.11.3.rel1.macos64_1.1.0.202305231506/tools/bin/../lib/gcc/arm-none-eabi/11.3.1/../../../../arm-none-eabi/lib/thumb/v6-m/nofp/libc_nano.a(libc_a-mallocr.o)
                0x0000000020000c40                __malloc_sbrk_start
 .bss.errno     0x0000000020000c44        0x4 /Applications/STM32CubeIDE.app/Contents/Eclipse/plugins/com.st.stm32cube.ide.mcu.externaltools.gnu-tools-for-stm32.11.3.rel1.macos64_1.1.0.202305231506/tools/bin/../lib/gcc/arm-none-eabi/11.3.1/../../../../arm-none-eabi/lib/thumb/v6-m/nofp/libc_nano.a(libc_a-reent.o)
                0x0000000020000c44                errno
 *(COMMON)
                0x0000000020000c48                . = ALIGN (0x4)
                0x0000000020000c48                _ebss = .
                0x0000000020000c48                __bss_end__ = _ebss

._user_heap_stack
                0x0000000020000c48      0x600 load address 0x0000000008008948
                0x0000000020000c48                . = ALIGN (0x8)
                [!provide]                        PROVIDE (end = .)
                0x0000000020000c48                PROVIDE (_end = .)
                0x0000000020000e48                . = (. + _Min_Heap_Size)
 *fill*         0x0000000020000c48      0x200 
                0x0000000020001248                . = (. + _Min_Stack_Size)
 *fill*         0x0000000020000e48      0x400 
                0x0000000020001248                . = ALIGN (0x8)

/DISCARD/
 libc.a(*)
 libm.a(*)
 libgcc.a(*)

.ARM.attributes
                0x0000000000000000       0x28
 *(.ARM.attributes)
 .ARM.attributes
                0x0000000000000000       0x1e /Applications/STM32CubeIDE.app/Contents/Eclipse/plugins/com.st.stm32cube.ide.mcu.externaltools.gnu-tools-for-stm32.11.3.rel1.macos64_1.1.0.202305231506/tools/bin/../lib/gcc/arm-none-eabi/11.3.1/thumb/v6-m/nofp/crti.o
 .ARM.attributes
                0x000000000000001e       0x2c /Applications/STM32CubeIDE.app/Contents/Eclipse/plugins/com.st.stm32cube.ide.mcu.externaltools.gnu-tools-for-stm32.11.3.rel1.macos64_1.1.0.202305231506/tools/bin/../lib/gcc/arm-none-eabi/11.3.1/thumb/v6-m/nofp/crtbegin.o
 .ARM.attributes
                0x000000000000004a       0x2c ./Core/Src/image.o
 .ARM.attributes
                0x0000000000000076       0x2c ./Core/Src/lcd.o
 .ARM.attributes
                0x00000000000000a2       0x2c ./Core/Src/main.o
 .ARM.attributes
                0x00000000000000ce       0x2c ./Core/Src/stm32f0xx_it.o
 .ARM.attributes
                0x00000000000000fa       0x2c ./Core/Src/sysmem.o
 .ARM.attributes
                0x0000000000000126       0x2c ./Core/Src/system_stm32f0xx.o
 .ARM.attributes
                0x0000000000000152       0x21 ./Core/Startup/startup_stm32f091rctx.o
 .ARM.attributes
                0x0000000000000173       0x2c ./Drivers/STM32F0xx_HAL_Driver/Src/stm32f0xx_hal.o
 .ARM.attributes
                0x000000000000019f       0x31 /Users/jgengineergirl/Sign2Sound/Core/Src/lab8-autotest.o
 .ARM.attributes
                0x00000000000001d0       0x2c /Applications/STM32CubeIDE.app/Contents/Eclipse/plugins/com.st.stm32cube.ide.mcu.externaltools.gnu-tools-for-stm32.11.3.rel1.macos64_1.1.0.202305231506/tools/bin/../lib/gcc/arm-none-eabi/11.3.1/../../../../arm-none-eabi/lib/thumb/v6-m/nofp/libc_nano.a(libc_a-sprintf.o)
 .ARM.attributes
                0x00000000000001fc       0x2c /Applications/STM32CubeIDE.app/Contents/Eclipse/plugins/com.st.stm32cube.ide.mcu.externaltools.gnu-tools-for-stm32.11.3.rel1.macos64_1.1.0.202305231506/tools/bin/../lib/gcc/arm-none-eabi/11.3.1/../../../../arm-none-eabi/lib/thumb/v6-m/nofp/libc_nano.a(libc_a-findfp.o)
 .ARM.attributes
                0x0000000000000228       0x2c /Applications/STM32CubeIDE.app/Contents/Eclipse/plugins/com.st.stm32cube.ide.mcu.externaltools.gnu-tools-for-stm32.11.3.rel1.macos64_1.1.0.202305231506/tools/bin/../lib/gcc/arm-none-eabi/11.3.1/../../../../arm-none-eabi/lib/thumb/v6-m/nofp/libc_nano.a(libc_a-impure.o)
 .ARM.attributes
                0x0000000000000254       0x2c /Applications/STM32CubeIDE.app/Contents/Eclipse/plugins/com.st.stm32cube.ide.mcu.externaltools.gnu-tools-for-stm32.11.3.rel1.macos64_1.1.0.202305231506/tools/bin/../lib/gcc/arm-none-eabi/11.3.1/../../../../arm-none-eabi/lib/thumb/v6-m/nofp/libc_nano.a(libc_a-errno.o)
 .ARM.attributes
                0x0000000000000280       0x2c /Applications/STM32CubeIDE.app/Contents/Eclipse/plugins/com.st.stm32cube.ide.mcu.externaltools.gnu-tools-for-stm32.11.3.rel1.macos64_1.1.0.202305231506/tools/bin/../lib/gcc/arm-none-eabi/11.3.1/../../../../arm-none-eabi/lib/thumb/v6-m/nofp/libc_nano.a(libc_a-init.o)
 .ARM.attributes
                0x00000000000002ac       0x2c /Applications/STM32CubeIDE.app/Contents/Eclipse/plugins/com.st.stm32cube.ide.mcu.externaltools.gnu-tools-for-stm32.11.3.rel1.macos64_1.1.0.202305231506/tools/bin/../lib/gcc/arm-none-eabi/11.3.1/../../../../arm-none-eabi/lib/thumb/v6-m/nofp/libc_nano.a(libc_a-lock.o)
 .ARM.attributes
                0x00000000000002d8       0x2c /Applications/STM32CubeIDE.app/Contents/Eclipse/plugins/com.st.stm32cube.ide.mcu.externaltools.gnu-tools-for-stm32.11.3.rel1.macos64_1.1.0.202305231506/tools/bin/../lib/gcc/arm-none-eabi/11.3.1/../../../../arm-none-eabi/lib/thumb/v6-m/nofp/libc_nano.a(libc_a-memcpy-stub.o)
 .ARM.attributes
                0x0000000000000304       0x2c /Applications/STM32CubeIDE.app/Contents/Eclipse/plugins/com.st.stm32cube.ide.mcu.externaltools.gnu-tools-for-stm32.11.3.rel1.macos64_1.1.0.202305231506/tools/bin/../lib/gcc/arm-none-eabi/11.3.1/../../../../arm-none-eabi/lib/thumb/v6-m/nofp/libc_nano.a(libc_a-nano-svfprintf.o)
 .ARM.attributes
                0x0000000000000330       0x2c /Applications/STM32CubeIDE.app/Contents/Eclipse/plugins/com.st.stm32cube.ide.mcu.externaltools.gnu-tools-for-stm32.11.3.rel1.macos64_1.1.0.202305231506/tools/bin/../lib/gcc/arm-none-eabi/11.3.1/../../../../arm-none-eabi/lib/thumb/v6-m/nofp/libc_nano.a(libc_a-mallocr.o)
 .ARM.attributes
                0x000000000000035c       0x2c /Applications/STM32CubeIDE.app/Contents/Eclipse/plugins/com.st.stm32cube.ide.mcu.externaltools.gnu-tools-for-stm32.11.3.rel1.macos64_1.1.0.202305231506/tools/bin/../lib/gcc/arm-none-eabi/11.3.1/../../../../arm-none-eabi/lib/thumb/v6-m/nofp/libc_nano.a(libc_a-nano-vfprintf_i.o)
 .ARM.attributes
                0x0000000000000388       0x2c /Applications/STM32CubeIDE.app/Contents/Eclipse/plugins/com.st.stm32cube.ide.mcu.externaltools.gnu-tools-for-stm32.11.3.rel1.macos64_1.1.0.202305231506/tools/bin/../lib/gcc/arm-none-eabi/11.3.1/../../../../arm-none-eabi/lib/thumb/v6-m/nofp/libc_nano.a(libc_a-mlock.o)
 .ARM.attributes
                0x00000000000003b4       0x2c /Applications/STM32CubeIDE.app/Contents/Eclipse/plugins/com.st.stm32cube.ide.mcu.externaltools.gnu-tools-for-stm32.11.3.rel1.macos64_1.1.0.202305231506/tools/bin/../lib/gcc/arm-none-eabi/11.3.1/../../../../arm-none-eabi/lib/thumb/v6-m/nofp/libc_nano.a(libc_a-reallocr.o)
 .ARM.attributes
                0x00000000000003e0       0x2c /Applications/STM32CubeIDE.app/Contents/Eclipse/plugins/com.st.stm32cube.ide.mcu.externaltools.gnu-tools-for-stm32.11.3.rel1.macos64_1.1.0.202305231506/tools/bin/../lib/gcc/arm-none-eabi/11.3.1/../../../../arm-none-eabi/lib/thumb/v6-m/nofp/libc_nano.a(libc_a-memmove.o)
 .ARM.attributes
                0x000000000000040c       0x2c /Applications/STM32CubeIDE.app/Contents/Eclipse/plugins/com.st.stm32cube.ide.mcu.externaltools.gnu-tools-for-stm32.11.3.rel1.macos64_1.1.0.202305231506/tools/bin/../lib/gcc/arm-none-eabi/11.3.1/../../../../arm-none-eabi/lib/thumb/v6-m/nofp/libc_nano.a(libc_a-reent.o)
 .ARM.attributes
                0x0000000000000438       0x2c /Applications/STM32CubeIDE.app/Contents/Eclipse/plugins/com.st.stm32cube.ide.mcu.externaltools.gnu-tools-for-stm32.11.3.rel1.macos64_1.1.0.202305231506/tools/bin/../lib/gcc/arm-none-eabi/11.3.1/../../../../arm-none-eabi/lib/thumb/v6-m/nofp/libc_nano.a(libc_a-sbrkr.o)
 .ARM.attributes
                0x0000000000000464       0x2c /Applications/STM32CubeIDE.app/Contents/Eclipse/plugins/com.st.stm32cube.ide.mcu.externaltools.gnu-tools-for-stm32.11.3.rel1.macos64_1.1.0.202305231506/tools/bin/../lib/gcc/arm-none-eabi/11.3.1/../../../../arm-none-eabi/lib/thumb/v6-m/nofp/libc_nano.a(libc_a-memchr-stub.o)
 .ARM.attributes
                0x0000000000000490       0x2c /Applications/STM32CubeIDE.app/Contents/Eclipse/plugins/com.st.stm32cube.ide.mcu.externaltools.gnu-tools-for-stm32.11.3.rel1.macos64_1.1.0.202305231506/tools/bin/../lib/gcc/arm-none-eabi/11.3.1/../../../../arm-none-eabi/lib/thumb/v6-m/nofp/libc_nano.a(libc_a-freer.o)
 .ARM.attributes
                0x00000000000004bc       0x2c /Applications/STM32CubeIDE.app/Contents/Eclipse/plugins/com.st.stm32cube.ide.mcu.externaltools.gnu-tools-for-stm32.11.3.rel1.macos64_1.1.0.202305231506/tools/bin/../lib/gcc/arm-none-eabi/11.3.1/../../../../arm-none-eabi/lib/thumb/v6-m/nofp/libc_nano.a(libc_a-msizer.o)
 .ARM.attributes
                0x00000000000004e8       0x1e /Applications/STM32CubeIDE.app/Contents/Eclipse/plugins/com.st.stm32cube.ide.mcu.externaltools.gnu-tools-for-stm32.11.3.rel1.macos64_1.1.0.202305231506/tools/bin/../lib/gcc/arm-none-eabi/11.3.1/thumb/v6-m/nofp/libgcc.a(_thumb1_case_shi.o)
 .ARM.attributes
                0x0000000000000506       0x1e /Applications/STM32CubeIDE.app/Contents/Eclipse/plugins/com.st.stm32cube.ide.mcu.externaltools.gnu-tools-for-stm32.11.3.rel1.macos64_1.1.0.202305231506/tools/bin/../lib/gcc/arm-none-eabi/11.3.1/thumb/v6-m/nofp/libgcc.a(_udivsi3.o)
 .ARM.attributes
                0x0000000000000524       0x1e /Applications/STM32CubeIDE.app/Contents/Eclipse/plugins/com.st.stm32cube.ide.mcu.externaltools.gnu-tools-for-stm32.11.3.rel1.macos64_1.1.0.202305231506/tools/bin/../lib/gcc/arm-none-eabi/11.3.1/thumb/v6-m/nofp/libgcc.a(_divsi3.o)
 .ARM.attributes
                0x0000000000000542       0x1e /Applications/STM32CubeIDE.app/Contents/Eclipse/plugins/com.st.stm32cube.ide.mcu.externaltools.gnu-tools-for-stm32.11.3.rel1.macos64_1.1.0.202305231506/tools/bin/../lib/gcc/arm-none-eabi/11.3.1/thumb/v6-m/nofp/libgcc.a(_dvmd_tls.o)
 .ARM.attributes
                0x0000000000000560       0x1e /Applications/STM32CubeIDE.app/Contents/Eclipse/plugins/com.st.stm32cube.ide.mcu.externaltools.gnu-tools-for-stm32.11.3.rel1.macos64_1.1.0.202305231506/tools/bin/../lib/gcc/arm-none-eabi/11.3.1/thumb/v6-m/nofp/crtn.o
OUTPUT(Sign2Sound.elf elf32-littlearm)
LOAD linker stubs
LOAD /Applications/STM32CubeIDE.app/Contents/Eclipse/plugins/com.st.stm32cube.ide.mcu.externaltools.gnu-tools-for-stm32.11.3.rel1.macos64_1.1.0.202305231506/tools/bin/../lib/gcc/arm-none-eabi/11.3.1/../../../../arm-none-eabi/lib/thumb/v6-m/nofp/libc.a
LOAD /Applications/STM32CubeIDE.app/Contents/Eclipse/plugins/com.st.stm32cube.ide.mcu.externaltools.gnu-tools-for-stm32.11.3.rel1.macos64_1.1.0.202305231506/tools/bin/../lib/gcc/arm-none-eabi/11.3.1/../../../../arm-none-eabi/lib/thumb/v6-m/nofp/libm.a
LOAD /Applications/STM32CubeIDE.app/Contents/Eclipse/plugins/com.st.stm32cube.ide.mcu.externaltools.gnu-tools-for-stm32.11.3.rel1.macos64_1.1.0.202305231506/tools/bin/../lib/gcc/arm-none-eabi/11.3.1/thumb/v6-m/nofp/libgcc.a

.comment        0x0000000000000000       0xc2
 .comment       0x0000000000000000       0x43 /Applications/STM32CubeIDE.app/Contents/Eclipse/plugins/com.st.stm32cube.ide.mcu.externaltools.gnu-tools-for-stm32.11.3.rel1.macos64_1.1.0.202305231506/tools/bin/../lib/gcc/arm-none-eabi/11.3.1/thumb/v6-m/nofp/crtbegin.o
                                         0x44 (size before relaxing)
 .comment       0x0000000000000043       0x44 ./Core/Src/image.o
 .comment       0x0000000000000043       0x44 ./Core/Src/lcd.o
 .comment       0x0000000000000043       0x44 ./Core/Src/main.o
 .comment       0x0000000000000043       0x44 ./Core/Src/stm32f0xx_it.o
 .comment       0x0000000000000043       0x44 ./Core/Src/sysmem.o
 .comment       0x0000000000000043       0x44 ./Core/Src/system_stm32f0xx.o
 .comment       0x0000000000000043       0x44 ./Drivers/STM32F0xx_HAL_Driver/Src/stm32f0xx_hal.o
 .comment       0x0000000000000043       0x7f /Users/jgengineergirl/Sign2Sound/Core/Src/lab8-autotest.o
                                         0x80 (size before relaxing)

.debug_info     0x0000000000000000     0x20d1
 .debug_info    0x0000000000000000       0x90 ./Core/Src/image.o
 .debug_info    0x0000000000000090      0xdf4 ./Core/Src/lcd.o
 .debug_info    0x0000000000000e84      0x6ea ./Core/Src/main.o
 .debug_info    0x000000000000156e       0xd3 ./Core/Src/stm32f0xx_it.o
 .debug_info    0x0000000000001641      0x168 ./Core/Src/sysmem.o
 .debug_info    0x00000000000017a9      0x242 ./Core/Src/system_stm32f0xx.o
 .debug_info    0x00000000000019eb       0x23 ./Core/Startup/startup_stm32f091rctx.o
 .debug_info    0x0000000000001a0e      0x6c3 ./Drivers/STM32F0xx_HAL_Driver/Src/stm32f0xx_hal.o

.debug_abbrev   0x0000000000000000      0x9c4
 .debug_abbrev  0x0000000000000000       0x6b ./Core/Src/image.o
 .debug_abbrev  0x000000000000006b      0x2bd ./Core/Src/lcd.o
 .debug_abbrev  0x0000000000000328      0x22c ./Core/Src/main.o
 .debug_abbrev  0x0000000000000554       0x73 ./Core/Src/stm32f0xx_it.o
 .debug_abbrev  0x00000000000005c7       0xbc ./Core/Src/sysmem.o
 .debug_abbrev  0x0000000000000683      0x11c ./Core/Src/system_stm32f0xx.o
 .debug_abbrev  0x000000000000079f       0x12 ./Core/Startup/startup_stm32f091rctx.o
 .debug_abbrev  0x00000000000007b1      0x213 ./Drivers/STM32F0xx_HAL_Driver/Src/stm32f0xx_hal.o

.debug_aranges  0x0000000000000000      0x340
 .debug_aranges
                0x0000000000000000       0x18 ./Core/Src/image.o
 .debug_aranges
                0x0000000000000018      0x118 ./Core/Src/lcd.o
 .debug_aranges
                0x0000000000000130       0x90 ./Core/Src/main.o
 .debug_aranges
                0x00000000000001c0       0x40 ./Core/Src/stm32f0xx_it.o
 .debug_aranges
                0x0000000000000200       0x20 ./Core/Src/sysmem.o
 .debug_aranges
                0x0000000000000220       0x28 ./Core/Src/system_stm32f0xx.o
 .debug_aranges
                0x0000000000000248       0x28 ./Core/Startup/startup_stm32f091rctx.o
 .debug_aranges
                0x0000000000000270       0xd0 ./Drivers/STM32F0xx_HAL_Driver/Src/stm32f0xx_hal.o

.debug_macro    0x0000000000000000    0x19d75
 .debug_macro   0x0000000000000000       0x11 ./Core/Src/image.o
 .debug_macro   0x0000000000000011      0xa7e ./Core/Src/image.o
 .debug_macro   0x0000000000000a8f      0x290 ./Core/Src/lcd.o
 .debug_macro   0x0000000000000d1f       0x2e ./Core/Src/lcd.o
 .debug_macro   0x0000000000000d4d       0x22 ./Core/Src/lcd.o
 .debug_macro   0x0000000000000d6f       0x22 ./Core/Src/lcd.o
 .debug_macro   0x0000000000000d91       0x8e ./Core/Src/lcd.o
 .debug_macro   0x0000000000000e1f       0x51 ./Core/Src/lcd.o
 .debug_macro   0x0000000000000e70      0x103 ./Core/Src/lcd.o
 .debug_macro   0x0000000000000f73       0x6a ./Core/Src/lcd.o
 .debug_macro   0x0000000000000fdd      0x1df ./Core/Src/lcd.o
 .debug_macro   0x00000000000011bc       0x1c ./Core/Src/lcd.o
 .debug_macro   0x00000000000011d8       0x22 ./Core/Src/lcd.o
 .debug_macro   0x00000000000011fa       0xaf ./Core/Src/lcd.o
 .debug_macro   0x00000000000012a9      0x391 ./Core/Src/lcd.o
 .debug_macro   0x000000000000163a    0x10e6b ./Core/Src/lcd.o
 .debug_macro   0x00000000000124a5       0x66 ./Core/Src/lcd.o
 .debug_macro   0x000000000001250b      0x12d ./Core/Src/lcd.o
 .debug_macro   0x0000000000012638     0x34be ./Core/Src/lcd.o
 .debug_macro   0x0000000000015af6      0x174 ./Core/Src/lcd.o
 .debug_macro   0x0000000000015c6a       0x55 ./Core/Src/lcd.o
 .debug_macro   0x0000000000015cbf      0x946 ./Core/Src/lcd.o
 .debug_macro   0x0000000000016605      0x69b ./Core/Src/lcd.o
 .debug_macro   0x0000000000016ca0      0x1ae ./Core/Src/lcd.o
 .debug_macro   0x0000000000016e4e      0x202 ./Core/Src/lcd.o
 .debug_macro   0x0000000000017050      0x1a7 ./Core/Src/lcd.o
 .debug_macro   0x00000000000171f7      0x1bc ./Core/Src/lcd.o
 .debug_macro   0x00000000000173b3      0x4cf ./Core/Src/lcd.o
 .debug_macro   0x0000000000017882       0x3c ./Core/Src/lcd.o
 .debug_macro   0x00000000000178be       0x28 ./Core/Src/lcd.o
 .debug_macro   0x00000000000178e6       0xb0 ./Core/Src/lcd.o
 .debug_macro   0x0000000000017996      0x23f ./Core/Src/lcd.o
 .debug_macro   0x0000000000017bd5      0x22c ./Core/Src/lcd.o
 .debug_macro   0x0000000000017e01       0x61 ./Core/Src/lcd.o
 .debug_macro   0x0000000000017e62       0xa5 ./Core/Src/lcd.o
 .debug_macro   0x0000000000017f07       0x4c ./Core/Src/lcd.o
 .debug_macro   0x0000000000017f53      0x16d ./Core/Src/lcd.o
 .debug_macro   0x00000000000180c0      0x2fe ./Core/Src/lcd.o
 .debug_macro   0x00000000000183be      0x435 ./Core/Src/lcd.o
 .debug_macro   0x00000000000187f3       0x24 ./Core/Src/lcd.o
 .debug_macro   0x0000000000018817       0x61 ./Core/Src/lcd.o
 .debug_macro   0x0000000000018878       0x43 ./Core/Src/lcd.o
 .debug_macro   0x00000000000188bb       0x34 ./Core/Src/lcd.o
 .debug_macro   0x00000000000188ef       0x16 ./Core/Src/lcd.o
 .debug_macro   0x0000000000018905       0x35 ./Core/Src/lcd.o
 .debug_macro   0x000000000001893a       0x16 ./Core/Src/lcd.o
 .debug_macro   0x0000000000018950       0x43 ./Core/Src/lcd.o
 .debug_macro   0x0000000000018993       0x34 ./Core/Src/lcd.o
 .debug_macro   0x00000000000189c7       0x10 ./Core/Src/lcd.o
 .debug_macro   0x00000000000189d7       0x58 ./Core/Src/lcd.o
 .debug_macro   0x0000000000018a2f       0x8e ./Core/Src/lcd.o
 .debug_macro   0x0000000000018abd       0x1c ./Core/Src/lcd.o
 .debug_macro   0x0000000000018ad9      0x177 ./Core/Src/lcd.o
 .debug_macro   0x0000000000018c50      0x369 ./Core/Src/lcd.o
 .debug_macro   0x0000000000018fb9       0x16 ./Core/Src/lcd.o
 .debug_macro   0x0000000000018fcf       0x29 ./Core/Src/lcd.o
 .debug_macro   0x0000000000018ff8       0x9a ./Core/Src/lcd.o
 .debug_macro   0x0000000000019092      0x2be ./Core/Src/main.o
 .debug_macro   0x0000000000019350       0x1c ./Core/Src/main.o
 .debug_macro   0x000000000001936c       0x10 ./Core/Src/main.o
 .debug_macro   0x000000000001937c       0x1c ./Core/Src/main.o
 .debug_macro   0x0000000000019398       0x16 ./Core/Src/main.o
 .debug_macro   0x00000000000193ae      0x147 ./Core/Src/main.o
 .debug_macro   0x00000000000194f5      0x1c3 ./Core/Src/stm32f0xx_it.o
 .debug_macro   0x00000000000196b8       0xff ./Core/Src/sysmem.o
 .debug_macro   0x00000000000197b7      0x23c ./Core/Src/sysmem.o
 .debug_macro   0x00000000000199f3      0x1af ./Core/Src/system_stm32f0xx.o
 .debug_macro   0x0000000000019ba2      0x1d3 ./Drivers/STM32F0xx_HAL_Driver/Src/stm32f0xx_hal.o

.debug_line     0x0000000000000000     0x3941
 .debug_line    0x0000000000000000       0x34 ./Core/Src/image.o
 .debug_line    0x0000000000000034     0x115e ./Core/Src/lcd.o
 .debug_line    0x0000000000001192      0xa6e ./Core/Src/main.o
 .debug_line    0x0000000000001c00      0x729 ./Core/Src/stm32f0xx_it.o
 .debug_line    0x0000000000002329      0x512 ./Core/Src/sysmem.o
 .debug_line    0x000000000000283b      0x74c ./Core/Src/system_stm32f0xx.o
 .debug_line    0x0000000000002f87       0x7b ./Core/Startup/startup_stm32f091rctx.o
 .debug_line    0x0000000000003002      0x93f ./Drivers/STM32F0xx_HAL_Driver/Src/stm32f0xx_hal.o

.debug_str      0x0000000000000000    0x9c9c0
 .debug_str     0x0000000000000000     0x2ce8 ./Core/Src/image.o
                                       0x2d03 (size before relaxing)
 .debug_str     0x0000000000002ce8    0x98a06 ./Core/Src/lcd.o
                                      0x9b9bf (size before relaxing)
 .debug_str     0x000000000009b6ee      0x771 ./Core/Src/main.o
                                      0x9bed3 (size before relaxing)
 .debug_str     0x000000000009be5f       0x8c ./Core/Src/stm32f0xx_it.o
                                      0x9838b (size before relaxing)
 .debug_str     0x000000000009beeb      0x4dc ./Core/Src/sysmem.o
                                       0x5f41 (size before relaxing)
 .debug_str     0x000000000009c3c7       0x8b ./Core/Src/system_stm32f0xx.o
                                      0x98403 (size before relaxing)
 .debug_str     0x000000000009c452       0x34 ./Core/Startup/startup_stm32f091rctx.o
                                         0x5b (size before relaxing)
 .debug_str     0x000000000009c486      0x53a ./Drivers/STM32F0xx_HAL_Driver/Src/stm32f0xx_hal.o
                                      0x989f3 (size before relaxing)

.debug_rnglists
                0x0000000000000000      0x24b
 .debug_rnglists
                0x0000000000000000       0xdb ./Core/Src/lcd.o
 .debug_rnglists
                0x00000000000000db       0x68 ./Core/Src/main.o
 .debug_rnglists
                0x0000000000000143       0x2b ./Core/Src/stm32f0xx_it.o
 .debug_rnglists
                0x000000000000016e       0x13 ./Core/Src/sysmem.o
 .debug_rnglists
                0x0000000000000181       0x1a ./Core/Src/system_stm32f0xx.o
 .debug_rnglists
                0x000000000000019b       0x19 ./Core/Startup/startup_stm32f091rctx.o
 .debug_rnglists
                0x00000000000001b4       0x97 ./Drivers/STM32F0xx_HAL_Driver/Src/stm32f0xx_hal.o

.debug_frame    0x0000000000000000      0xf2c
 .debug_frame   0x0000000000000000      0x434 ./Core/Src/lcd.o
 .debug_frame   0x0000000000000434      0x1e0 ./Core/Src/main.o
 .debug_frame   0x0000000000000614       0x9c ./Core/Src/stm32f0xx_it.o
 .debug_frame   0x00000000000006b0       0x30 ./Core/Src/sysmem.o
 .debug_frame   0x00000000000006e0       0x4c ./Core/Src/system_stm32f0xx.o
 .debug_frame   0x000000000000072c      0x2a4 ./Drivers/STM32F0xx_HAL_Driver/Src/stm32f0xx_hal.o
 .debug_frame   0x00000000000009d0       0x48 /Applications/STM32CubeIDE.app/Contents/Eclipse/plugins/com.st.stm32cube.ide.mcu.externaltools.gnu-tools-for-stm32.11.3.rel1.macos64_1.1.0.202305231506/tools/bin/../lib/gcc/arm-none-eabi/11.3.1/../../../../arm-none-eabi/lib/thumb/v6-m/nofp/libc_nano.a(libc_a-sprintf.o)
 .debug_frame   0x0000000000000a18      0x138 /Applications/STM32CubeIDE.app/Contents/Eclipse/plugins/com.st.stm32cube.ide.mcu.externaltools.gnu-tools-for-stm32.11.3.rel1.macos64_1.1.0.202305231506/tools/bin/../lib/gcc/arm-none-eabi/11.3.1/../../../../arm-none-eabi/lib/thumb/v6-m/nofp/libc_nano.a(libc_a-findfp.o)
 .debug_frame   0x0000000000000b50       0x20 /Applications/STM32CubeIDE.app/Contents/Eclipse/plugins/com.st.stm32cube.ide.mcu.externaltools.gnu-tools-for-stm32.11.3.rel1.macos64_1.1.0.202305231506/tools/bin/../lib/gcc/arm-none-eabi/11.3.1/../../../../arm-none-eabi/lib/thumb/v6-m/nofp/libc_nano.a(libc_a-errno.o)
 .debug_frame   0x0000000000000b70       0x2c /Applications/STM32CubeIDE.app/Contents/Eclipse/plugins/com.st.stm32cube.ide.mcu.externaltools.gnu-tools-for-stm32.11.3.rel1.macos64_1.1.0.202305231506/tools/bin/../lib/gcc/arm-none-eabi/11.3.1/../../../../arm-none-eabi/lib/thumb/v6-m/nofp/libc_nano.a(libc_a-init.o)
 .debug_frame   0x0000000000000b9c       0xb0 /Applications/STM32CubeIDE.app/Contents/Eclipse/plugins/com.st.stm32cube.ide.mcu.externaltools.gnu-tools-for-stm32.11.3.rel1.macos64_1.1.0.202305231506/tools/bin/../lib/gcc/arm-none-eabi/11.3.1/../../../../arm-none-eabi/lib/thumb/v6-m/nofp/libc_nano.a(libc_a-lock.o)
 .debug_frame   0x0000000000000c4c       0x28 /Applications/STM32CubeIDE.app/Contents/Eclipse/plugins/com.st.stm32cube.ide.mcu.externaltools.gnu-tools-for-stm32.11.3.rel1.macos64_1.1.0.202305231506/tools/bin/../lib/gcc/arm-none-eabi/11.3.1/../../../../arm-none-eabi/lib/thumb/v6-m/nofp/libc_nano.a(libc_a-memcpy-stub.o)
 .debug_frame   0x0000000000000c74       0x74 /Applications/STM32CubeIDE.app/Contents/Eclipse/plugins/com.st.stm32cube.ide.mcu.externaltools.gnu-tools-for-stm32.11.3.rel1.macos64_1.1.0.202305231506/tools/bin/../lib/gcc/arm-none-eabi/11.3.1/../../../../arm-none-eabi/lib/thumb/v6-m/nofp/libc_nano.a(libc_a-nano-svfprintf.o)
 .debug_frame   0x0000000000000ce8       0x50 /Applications/STM32CubeIDE.app/Contents/Eclipse/plugins/com.st.stm32cube.ide.mcu.externaltools.gnu-tools-for-stm32.11.3.rel1.macos64_1.1.0.202305231506/tools/bin/../lib/gcc/arm-none-eabi/11.3.1/../../../../arm-none-eabi/lib/thumb/v6-m/nofp/libc_nano.a(libc_a-mallocr.o)
 .debug_frame   0x0000000000000d38       0x54 /Applications/STM32CubeIDE.app/Contents/Eclipse/plugins/com.st.stm32cube.ide.mcu.externaltools.gnu-tools-for-stm32.11.3.rel1.macos64_1.1.0.202305231506/tools/bin/../lib/gcc/arm-none-eabi/11.3.1/../../../../arm-none-eabi/lib/thumb/v6-m/nofp/libc_nano.a(libc_a-nano-vfprintf_i.o)
 .debug_frame   0x0000000000000d8c       0x40 /Applications/STM32CubeIDE.app/Contents/Eclipse/plugins/com.st.stm32cube.ide.mcu.externaltools.gnu-tools-for-stm32.11.3.rel1.macos64_1.1.0.202305231506/tools/bin/../lib/gcc/arm-none-eabi/11.3.1/../../../../arm-none-eabi/lib/thumb/v6-m/nofp/libc_nano.a(libc_a-mlock.o)
 .debug_frame   0x0000000000000dcc       0x34 /Applications/STM32CubeIDE.app/Contents/Eclipse/plugins/com.st.stm32cube.ide.mcu.externaltools.gnu-tools-for-stm32.11.3.rel1.macos64_1.1.0.202305231506/tools/bin/../lib/gcc/arm-none-eabi/11.3.1/../../../../arm-none-eabi/lib/thumb/v6-m/nofp/libc_nano.a(libc_a-reallocr.o)
 .debug_frame   0x0000000000000e00       0x28 /Applications/STM32CubeIDE.app/Contents/Eclipse/plugins/com.st.stm32cube.ide.mcu.externaltools.gnu-tools-for-stm32.11.3.rel1.macos64_1.1.0.202305231506/tools/bin/../lib/gcc/arm-none-eabi/11.3.1/../../../../arm-none-eabi/lib/thumb/v6-m/nofp/libc_nano.a(libc_a-memmove.o)
 .debug_frame   0x0000000000000e28       0x2c /Applications/STM32CubeIDE.app/Contents/Eclipse/plugins/com.st.stm32cube.ide.mcu.externaltools.gnu-tools-for-stm32.11.3.rel1.macos64_1.1.0.202305231506/tools/bin/../lib/gcc/arm-none-eabi/11.3.1/../../../../arm-none-eabi/lib/thumb/v6-m/nofp/libc_nano.a(libc_a-reent.o)
 .debug_frame   0x0000000000000e54       0x2c /Applications/STM32CubeIDE.app/Contents/Eclipse/plugins/com.st.stm32cube.ide.mcu.externaltools.gnu-tools-for-stm32.11.3.rel1.macos64_1.1.0.202305231506/tools/bin/../lib/gcc/arm-none-eabi/11.3.1/../../../../arm-none-eabi/lib/thumb/v6-m/nofp/libc_nano.a(libc_a-sbrkr.o)
 .debug_frame   0x0000000000000e80       0x20 /Applications/STM32CubeIDE.app/Contents/Eclipse/plugins/com.st.stm32cube.ide.mcu.externaltools.gnu-tools-for-stm32.11.3.rel1.macos64_1.1.0.202305231506/tools/bin/../lib/gcc/arm-none-eabi/11.3.1/../../../../arm-none-eabi/lib/thumb/v6-m/nofp/libc_nano.a(libc_a-memchr-stub.o)
 .debug_frame   0x0000000000000ea0       0x2c /Applications/STM32CubeIDE.app/Contents/Eclipse/plugins/com.st.stm32cube.ide.mcu.externaltools.gnu-tools-for-stm32.11.3.rel1.macos64_1.1.0.202305231506/tools/bin/../lib/gcc/arm-none-eabi/11.3.1/../../../../arm-none-eabi/lib/thumb/v6-m/nofp/libc_nano.a(libc_a-freer.o)
 .debug_frame   0x0000000000000ecc       0x20 /Applications/STM32CubeIDE.app/Contents/Eclipse/plugins/com.st.stm32cube.ide.mcu.externaltools.gnu-tools-for-stm32.11.3.rel1.macos64_1.1.0.202305231506/tools/bin/../lib/gcc/arm-none-eabi/11.3.1/../../../../arm-none-eabi/lib/thumb/v6-m/nofp/libc_nano.a(libc_a-msizer.o)
 .debug_frame   0x0000000000000eec       0x20 /Applications/STM32CubeIDE.app/Contents/Eclipse/plugins/com.st.stm32cube.ide.mcu.externaltools.gnu-tools-for-stm32.11.3.rel1.macos64_1.1.0.202305231506/tools/bin/../lib/gcc/arm-none-eabi/11.3.1/thumb/v6-m/nofp/libgcc.a(_udivsi3.o)
 .debug_frame   0x0000000000000f0c       0x20 /Applications/STM32CubeIDE.app/Contents/Eclipse/plugins/com.st.stm32cube.ide.mcu.externaltools.gnu-tools-for-stm32.11.3.rel1.macos64_1.1.0.202305231506/tools/bin/../lib/gcc/arm-none-eabi/11.3.1/thumb/v6-m/nofp/libgcc.a(_divsi3.o)

.debug_line_str
                0x0000000000000000       0x4f
 .debug_line_str
                0x0000000000000000       0x4f ./Core/Startup/startup_stm32f091rctx.o
                                         0x67 (size before relaxing)
