Archive member included to satisfy reference by file (symbol)

/Applications/STM32CubeIDE.app/Contents/Eclipse/plugins/com.st.stm32cube.ide.mcu.externaltools.gnu-tools-for-stm32.11.3.rel1.macos64_1.1.0.202305231506/tools/bin/../lib/gcc/arm-none-eabi/11.3.1/../../../../arm-none-eabi/lib/thumb/v6-m/nofp/libc_nano.a(libc_a-exit.o)
                              /Applications/STM32CubeIDE.app/Contents/Eclipse/plugins/com.st.stm32cube.ide.mcu.externaltools.gnu-tools-for-stm32.11.3.rel1.macos64_1.1.0.202305231506/tools/bin/../lib/gcc/arm-none-eabi/11.3.1/../../../../arm-none-eabi/lib/thumb/v6-m/nofp/crt0.o (exit)
/Applications/STM32CubeIDE.app/Contents/Eclipse/plugins/com.st.stm32cube.ide.mcu.externaltools.gnu-tools-for-stm32.11.3.rel1.macos64_1.1.0.202305231506/tools/bin/../lib/gcc/arm-none-eabi/11.3.1/../../../../arm-none-eabi/lib/thumb/v6-m/nofp/libc_nano.a(libc_a-sprintf.o)
                              ./Core/Src/main.o (sprintf)
/Applications/STM32CubeIDE.app/Contents/Eclipse/plugins/com.st.stm32cube.ide.mcu.externaltools.gnu-tools-for-stm32.11.3.rel1.macos64_1.1.0.202305231506/tools/bin/../lib/gcc/arm-none-eabi/11.3.1/../../../../arm-none-eabi/lib/thumb/v6-m/nofp/libc_nano.a(libc_a-random.o)
                              /Users/jgengineergirl/Sign2Sound/Core/Src/lab8-autotest.o (srandom)
/Applications/STM32CubeIDE.app/Contents/Eclipse/plugins/com.st.stm32cube.ide.mcu.externaltools.gnu-tools-for-stm32.11.3.rel1.macos64_1.1.0.202305231506/tools/bin/../lib/gcc/arm-none-eabi/11.3.1/../../../../arm-none-eabi/lib/thumb/v6-m/nofp/libc_nano.a(libc_a-findfp.o)
                              /Applications/STM32CubeIDE.app/Contents/Eclipse/plugins/com.st.stm32cube.ide.mcu.externaltools.gnu-tools-for-stm32.11.3.rel1.macos64_1.1.0.202305231506/tools/bin/../lib/gcc/arm-none-eabi/11.3.1/../../../../arm-none-eabi/lib/thumb/v6-m/nofp/libc_nano.a(libc_a-exit.o) (__stdio_exit_handler)
/Applications/STM32CubeIDE.app/Contents/Eclipse/plugins/com.st.stm32cube.ide.mcu.externaltools.gnu-tools-for-stm32.11.3.rel1.macos64_1.1.0.202305231506/tools/bin/../lib/gcc/arm-none-eabi/11.3.1/../../../../arm-none-eabi/lib/thumb/v6-m/nofp/libc_nano.a(libc_a-fwalk.o)
                              /Applications/STM32CubeIDE.app/Contents/Eclipse/plugins/com.st.stm32cube.ide.mcu.externaltools.gnu-tools-for-stm32.11.3.rel1.macos64_1.1.0.202305231506/tools/bin/../lib/gcc/arm-none-eabi/11.3.1/../../../../arm-none-eabi/lib/thumb/v6-m/nofp/libc_nano.a(libc_a-findfp.o) (_fwalk_sglue)
/Applications/STM32CubeIDE.app/Contents/Eclipse/plugins/com.st.stm32cube.ide.mcu.externaltools.gnu-tools-for-stm32.11.3.rel1.macos64_1.1.0.202305231506/tools/bin/../lib/gcc/arm-none-eabi/11.3.1/../../../../arm-none-eabi/lib/thumb/v6-m/nofp/libc_nano.a(libc_a-puts.o)
                              /Users/jgengineergirl/Sign2Sound/Core/Src/lab8-autotest.o (puts)
/Applications/STM32CubeIDE.app/Contents/Eclipse/plugins/com.st.stm32cube.ide.mcu.externaltools.gnu-tools-for-stm32.11.3.rel1.macos64_1.1.0.202305231506/tools/bin/../lib/gcc/arm-none-eabi/11.3.1/../../../../arm-none-eabi/lib/thumb/v6-m/nofp/libc_nano.a(libc_a-strcat.o)
                              /Users/jgengineergirl/Sign2Sound/Core/Src/lab8-autotest.o (strcat)
/Applications/STM32CubeIDE.app/Contents/Eclipse/plugins/com.st.stm32cube.ide.mcu.externaltools.gnu-tools-for-stm32.11.3.rel1.macos64_1.1.0.202305231506/tools/bin/../lib/gcc/arm-none-eabi/11.3.1/../../../../arm-none-eabi/lib/thumb/v6-m/nofp/libc_nano.a(libc_a-strncpy.o)
                              /Users/jgengineergirl/Sign2Sound/Core/Src/lab8-autotest.o (strncpy)
/Applications/STM32CubeIDE.app/Contents/Eclipse/plugins/com.st.stm32cube.ide.mcu.externaltools.gnu-tools-for-stm32.11.3.rel1.macos64_1.1.0.202305231506/tools/bin/../lib/gcc/arm-none-eabi/11.3.1/../../../../arm-none-eabi/lib/thumb/v6-m/nofp/libc_nano.a(libc_a-memset.o)
                              /Applications/STM32CubeIDE.app/Contents/Eclipse/plugins/com.st.stm32cube.ide.mcu.externaltools.gnu-tools-for-stm32.11.3.rel1.macos64_1.1.0.202305231506/tools/bin/../lib/gcc/arm-none-eabi/11.3.1/../../../../arm-none-eabi/lib/thumb/v6-m/nofp/crt0.o (memset)
/Applications/STM32CubeIDE.app/Contents/Eclipse/plugins/com.st.stm32cube.ide.mcu.externaltools.gnu-tools-for-stm32.11.3.rel1.macos64_1.1.0.202305231506/tools/bin/../lib/gcc/arm-none-eabi/11.3.1/../../../../arm-none-eabi/lib/thumb/v6-m/nofp/libc_nano.a(libc_a-impure.o)
                              /Applications/STM32CubeIDE.app/Contents/Eclipse/plugins/com.st.stm32cube.ide.mcu.externaltools.gnu-tools-for-stm32.11.3.rel1.macos64_1.1.0.202305231506/tools/bin/../lib/gcc/arm-none-eabi/11.3.1/../../../../arm-none-eabi/lib/thumb/v6-m/nofp/libc_nano.a(libc_a-sprintf.o) (_impure_ptr)
/Applications/STM32CubeIDE.app/Contents/Eclipse/plugins/com.st.stm32cube.ide.mcu.externaltools.gnu-tools-for-stm32.11.3.rel1.macos64_1.1.0.202305231506/tools/bin/../lib/gcc/arm-none-eabi/11.3.1/../../../../arm-none-eabi/lib/thumb/v6-m/nofp/libc_nano.a(libc_a-errno.o)
[...]
Memory Configuration

Name             Origin             Length             Attributes
RAM              0x0000000020000000 0x0000000000008000 xrw
FLASH            0x0000000008000000 0x0000000000040000 xr
*default*        0x0000000000000000 0xffffffffffffffff

Linker script and memory map

LOAD /Applications/STM32CubeIDE.app/Contents/Eclipse/plugins/com.st.stm32cube.ide.mcu.externaltools.gnu-tools-for-stm32.11.3.rel1.macos64_1.1.0.202305231506/tools/bin/../lib/gcc/arm-none-eabi/11.3.1/thumb/v6-m/nofp/crti.o
LOAD /Applications/STM32CubeIDE.app/Contents/Eclipse/plugins/com.st.stm32cube.ide.mcu.externaltools.gnu-tools-for-stm32.11.3.rel1.macos64_1.1.0.202305231506/tools/bin/../lib/gcc/arm-none-eabi/11.3.1/thumb/v6-m/nofp/crtbegin.o
LOAD /Applications/STM32CubeIDE.app/Contents/Eclipse/plugins/com.st.stm32cube.ide.mcu.externaltools.gnu-tools-for-stm32.11.3.rel1.macos64_1.1.0.202305231506/tools/bin/../lib/gcc/arm-none-eabi/11.3.1/../../../../arm-none-eabi/lib/thumb/v6-m/nofp/crt0.o
LOAD ./Core/Src/image.o
LOAD ./Core/Src/lcd.o
LOAD ./Core/Src/main.o
LOAD ./Core/Src/stm32f0xx_hal_msp.o
LOAD ./Core/Src/stm32f0xx_it.o
LOAD ./Core/Src/syscalls.o
LOAD ./Core/Src/sysmem.o
LOAD ./Core/Src/system_stm32f0xx.o
LOAD ./Core/Startup/startup_stm32f091rctx.o
LOAD ./Drivers/STM32F0xx_HAL_Driver/Src/stm32f0xx_hal.o
LOAD ./Drivers/STM32F0xx_HAL_Driver/Src/stm32f0xx_hal_cortex.o
LOAD ./Drivers/STM32F0xx_HAL_Driver/Src/stm32f0xx_hal_dma.o
LOAD ./Drivers/STM32F0xx_HAL_Driver/Src/stm32f0xx_hal_exti.o
LOAD ./Drivers/STM32F0xx_HAL_Driver/Src/stm32f0xx_hal_flash.o
LOAD ./Drivers/STM32F0xx_HAL_Driver/Src/stm32f0xx_hal_flash_ex.o
LOAD ./Drivers/STM32F0xx_HAL_Driver/Src/stm32f0xx_hal_gpio.o
LOAD ./Drivers/STM32F0xx_HAL_Driver/Src/stm32f0xx_hal_i2c.o
LOAD ./Drivers/STM32F0xx_HAL_Driver/Src/stm32f0xx_hal_i2c_ex.o
LOAD ./Drivers/STM32F0xx_HAL_Driver/Src/stm32f0xx_hal_pwr.o
LOAD ./Drivers/STM32F0xx_HAL_Driver/Src/stm32f0xx_hal_pwr_ex.o
LOAD ./Drivers/STM32F0xx_HAL_Driver/Src/stm32f0xx_hal_rcc.o
LOAD ./Drivers/STM32F0xx_HAL_Driver/Src/stm32f0xx_hal_rcc_ex.o
LOAD ./Drivers/STM32F0xx_HAL_Driver/Src/stm32f0xx_hal_spi.o
LOAD ./Drivers/STM32F0xx_HAL_Driver/Src/stm32f0xx_hal_spi_ex.o
LOAD ./Drivers/STM32F0xx_HAL_Driver/Src/stm32f0xx_hal_tim.o
LOAD ./Drivers/STM32F0xx_HAL_Driver/Src/stm32f0xx_hal_tim_ex.o
LOAD /Users/jgengineergirl/Sign2Sound/Core/Src/lab8-autotest.o
START GROUP
LOAD /Applications/STM32CubeIDE.app/Contents/Eclipse/plugins/com.st.stm32cube.ide.mcu.externaltools.gnu-tools-for-stm32.11.3.rel1.macos64_1.1.0.202305231506/tools/bin/../lib/gcc/arm-none-eabi/11.3.1/../../../../arm-none-eabi/lib/thumb/v6-m/nofp/libc_nano.a
LOAD /Applications/STM32CubeIDE.app/Contents/Eclipse/plugins/com.st.stm32cube.ide.mcu.externaltools.gnu-tools-for-stm32.11.3.rel1.macos64_1.1.0.202305231506/tools/bin/../lib/gcc/arm-none-eabi/11.3.1/../../../../arm-none-eabi/lib/thumb/v6-m/nofp/libm.a
END GROUP
START GROUP
LOAD /Applications/STM32CubeIDE.app/Contents/Eclipse/plugins/com.st.stm32cube.ide.mcu.externaltools.gnu-tools-for-stm32.11.3.rel1.macos64_1.1.0.202305231506/tools/bin/../lib/gcc/arm-none-eabi/11.3.1/thumb/v6-m/nofp/libgcc.a
LOAD /Applications/STM32CubeIDE.app/Contents/Eclipse/plugins/com.st.stm32cube.ide.mcu.externaltools.gnu-tools-for-stm32.11.3.rel1.macos64_1.1.0.202305231506/tools/bin/../lib/gcc/arm-none-eabi/11.3.1/../../../../arm-none-eabi/lib/thumb/v6-m/nofp/libc_nano.a
END GROUP
START GROUP
LOAD /Applications/STM32CubeIDE.app/Contents/Eclipse/plugins/com.st.stm32cube.ide.mcu.externaltools.gnu-tools-for-stm32.11.3.rel1.macos64_1.1.0.202305231506/tools/bin/../lib/gcc/arm-none-eabi/11.3.1/thumb/v6-m/nofp/libgcc.a
LOAD /Applications/STM32CubeIDE.app/Contents/Eclipse/plugins/com.st.stm32cube.ide.mcu.externaltools.gnu-tools-for-stm32.11.3.rel1.macos64_1.1.0.202305231506/tools/bin/../lib/gcc/arm-none-eabi/11.3.1/../../../../arm-none-eabi/lib/thumb/v6-m/nofp/libc_nano.a
LOAD /Applications/STM32CubeIDE.app/Contents/Eclipse/plugins/com.st.stm32cube.ide.mcu.externaltools.gnu-tools-for-stm32.11.3.rel1.macos64_1.1.0.202305231506/tools/bin/../lib/gcc/arm-none-eabi/11.3.1/../../../../arm-none-eabi/lib/thumb/v6-m/nofp/libnosys.a
END GROUP
START GROUP
LOAD /Applications/STM32CubeIDE.app/Contents/Eclipse/plugins/com.st.stm32cube.ide.mcu.externaltools.gnu-tools-for-stm32.11.3.rel1.macos64_1.1.0.202305231506/tools/bin/../lib/gcc/arm-none-eabi/11.3.1/thumb/v6-m/nofp/libgcc.a
LOAD /Applications/STM32CubeIDE.app/Contents/Eclipse/plugins/com.st.stm32cube.ide.mcu.externaltools.gnu-tools-for-stm32.11.3.rel1.macos64_1.1.0.202305231506/tools/bin/../lib/gcc/arm-none-eabi/11.3.1/../../../../arm-none-eabi/lib/thumb/v6-m/nofp/libc_nano.a
LOAD /Applications/STM32CubeIDE.app/Contents/Eclipse/plugins/com.st.stm32cube.ide.mcu.externaltools.gnu-tools-for-stm32.11.3.rel1.macos64_1.1.0.202305231506/tools/bin/../lib/gcc/arm-none-eabi/11.3.1/../../../../arm-none-eabi/lib/thumb/v6-m/nofp/libnosys.a
END GROUP
LOAD /Applications/STM32CubeIDE.app/Contents/Eclipse/plugins/com.st.stm32cube.ide.mcu.externaltools.gnu-tools-for-stm32.11.3.rel1.macos64_1.1.0.202305231506/tools/bin/../lib/gcc/arm-none-eabi/11.3.1/thumb/v6-m/nofp/crtend.o
LOAD /Applications/STM32CubeIDE.app/Contents/Eclipse/plugins/com.st.stm32cube.ide.mcu.externaltools.gnu-tools-for-stm32.11.3.rel1.macos64_1.1.0.202305231506/tools/bin/../lib/gcc/arm-none-eabi/11.3.1/thumb/v6-m/nofp/crtn.o
                0x0000000020008000                _estack = (ORIGIN (RAM) + LENGTH (RAM))
                0x0000000000000200                _Min_Heap_Size = 0x200
                0x0000000000000400                _Min_Stack_Size = 0x400

.isr_vector     0x0000000008000000       0xbc
                0x0000000008000000                . = ALIGN (0x4)
 *(.isr_vector)
 .isr_vector    0x0000000008000000       0xbc ./Core/Startup/startup_stm32f091rctx.o
                0x0000000008000000                g_pfnVectors
                0x00000000080000bc                . = ALIGN (0x4)

.text           0x00000000080000bc     0x2110
                0x00000000080000bc                . = ALIGN (0x4)
 *(.text)
 .text          0x00000000080000bc       0x48 /Applications/STM32CubeIDE.app/Contents/Eclipse/plugins/com.st.stm32cube.ide.mcu.externaltools.gnu-tools-for-stm32.11.3.rel1.macos64_1.1.0.202305231506/tools/bin/../lib/gcc/arm-none-eabi/11.3.1/thumb/v6-m/nofp/crtbegin.o
 .text          0x0000000008000104      0x114 /Applications/STM32CubeIDE.app/Contents/Eclipse/plugins/com.st.stm32cube.ide.mcu.externaltools.gnu-tools-for-stm32.11.3.rel1.macos64_1.1.0.202305231506/tools/bin/../lib/gcc/arm-none-eabi/11.3.1/thumb/v6-m/nofp/libgcc.a(_udivsi3.o)
                0x0000000008000104                __udivsi3
                0x0000000008000104                __aeabi_uidiv
                0x0000000008000210                __aeabi_uidivmod
 .text          0x0000000008000218        0x4 /Applications/STM32CubeIDE.app/Contents/Eclipse/plugins/com.st.stm32cube.ide.mcu.externaltools.gnu-tools-for-stm32.11.3.rel1.macos64_1.1.0.202305231506/tools/bin/../lib/gcc/arm-none-eabi/11.3.1/thumb/v6-m/nofp/libgcc.a(_dvmd_tls.o)
                0x0000000008000218                __aeabi_ldiv0
                0x0000000008000218                __aeabi_idiv0
 *(.text*)
 .text.nano_wait
                0x000000000800021c       0x18 ./Core/Src/lcd.o
                0x000000000800021c                nano_wait
 .text.setup_bb
                0x0000000008000234       0x4c ./Core/Src/main.o
                0x0000000008000234                setup_bb
 .text.small_delay
                0x0000000008000280       0x18 ./Core/Src/main.o
                0x0000000008000280                small_delay
 .text.bb_write_bit
                0x0000000008000298       0x54 ./Core/Src/main.o
                0x0000000008000298                bb_write_bit
 .text.bb_write_byte
                0x00000000080002ec       0x3e ./Core/Src/main.o
                0x00000000080002ec                bb_write_byte
 *fill*         0x000000000800032a        0x2 
 .text.bb_cmd   0x000000000800032c       0x5c ./Core/Src/main.o
                0x000000000800032c                bb_cmd
 .text.bb_data  0x0000000008000388       0x5c ./Core/Src/main.o
                0x0000000008000388                bb_data
 .text.bb_init_oled
                0x00000000080003e4       0x44 ./Core/Src/main.o
                0x00000000080003e4                bb_init_oled
 .text.bb_display1
                0x0000000008000428       0x42 ./Core/Src/main.o
                0x0000000008000428                bb_display1
 *fill*         0x000000000800046a        0x2 
 .text.setup_spi1
                0x000000000800046c       0x7c ./Core/Src/main.o
                0x000000000800046c                setup_spi1
 .text.setup_CS
                0x00000000080004e8       0x70 ./Core/Src/main.o
                0x00000000080004e8                setup_CS
 .text.spi_write
                0x0000000008000558       0x80 ./Core/Src/main.o
                0x0000000008000558                spi_write
 .text.SystemClock_Config
                0x00000000080005d8       0x80 ./Core/Src/main.o
                0x00000000080005d8                SystemClock_Config
 .text.Error_Handler
                0x0000000008000658        0xa ./Core/Src/main.o
                0x0000000008000658                Error_Handler
 *fill*         0x0000000008000662        0x2 
 .text.main     0x0000000008000664       0xb0 ./Core/Src/main.o
                0x0000000008000664                main
 .text.HAL_MspInit
                0x0000000008000714       0x48 ./Core/Src/stm32f0xx_hal_msp.o
                0x0000000008000714                HAL_MspInit
 .text.HAL_SPI_MspInit
                0x000000000800075c       0x9c ./Core/Src/stm32f0xx_hal_msp.o
                0x000000000800075c                HAL_SPI_MspInit
 .text.NMI_Handler
                0x00000000080007f8        0x6 ./Core/Src/stm32f0xx_it.o
                0x00000000080007f8                NMI_Handler
 .text.HardFault_Handler
                0x00000000080007fe        0x6 ./Core/Src/stm32f0xx_it.o
                0x00000000080007fe                HardFault_Handler
 .text.SVC_Handler
                0x0000000008000804        0xa ./Core/Src/stm32f0xx_it.o
                0x0000000008000804                SVC_Handler
 .text.PendSV_Handler
                0x000000000800080e        0xa ./Core/Src/stm32f0xx_it.o
                0x000000000800080e                PendSV_Handler
 .text.SysTick_Handler
                0x0000000008000818        0xe ./Core/Src/stm32f0xx_it.o
                0x0000000008000818                SysTick_Handler
 .text.SystemInit
                0x0000000008000826        0xa ./Core/Src/system_stm32f0xx.o
                0x0000000008000826                SystemInit
 .text.Reset_Handler
                0x0000000008000830       0x50 ./Core/Startup/startup_stm32f091rctx.o
                0x0000000008000830                Reset_Handler
 .text.Default_Handler
                0x0000000008000880        0x2 ./Core/Startup/startup_stm32f091rctx.o
                0x0000000008000880                TIM1_BRK_UP_TRG_COM_IRQHandler
                0x0000000008000880                TSC_IRQHandler
                0x0000000008000880                ADC1_COMP_IRQHandler
                0x0000000008000880                I2C1_IRQHandler
                0x0000000008000880                RCC_CRS_IRQHandler
                0x0000000008000880                SPI1_IRQHandler
                0x0000000008000880                TIM6_DAC_IRQHandler
                0x0000000008000880                DMA1_Ch1_IRQHandler
                0x0000000008000880                EXTI2_3_IRQHandler
                0x0000000008000880                I2C2_IRQHandler
                0x0000000008000880                CEC_CAN_IRQHandler
                0x0000000008000880                RTC_IRQHandler
                0x0000000008000880                PVD_VDDIO2_IRQHandler
                0x0000000008000880                TIM3_IRQHandler
                0x0000000008000880                EXTI4_15_IRQHandler
                0x0000000008000880                USART3_8_IRQHandler
                0x0000000008000880                Default_Handler
                0x0000000008000880                TIM14_IRQHandler
                0x0000000008000880                TIM7_IRQHandler
                0x0000000008000880                TIM15_IRQHandler
                0x0000000008000880                EXTI0_1_IRQHandler
                0x0000000008000880                SPI2_IRQHandler
                0x0000000008000880                DMA1_Ch2_3_DMA2_Ch1_2_IRQHandler
                0x0000000008000880                DMA1_Ch4_7_DMA2_Ch3_5_IRQHandler
                0x0000000008000880                WWDG_IRQHandler
                0x0000000008000880                TIM2_IRQHandler
                0x0000000008000880                USART2_IRQHandler
                0x0000000008000880                FLASH_IRQHandler
                0x0000000008000880                USART1_IRQHandler
                0x0000000008000880                TIM1_CC_IRQHandler
 *fill*         0x0000000008000882        0x2 
 .text.HAL_Init
                0x0000000008000884       0x28 ./Drivers/STM32F0xx_HAL_Driver/Src/stm32f0xx_hal.o
                0x0000000008000884                HAL_Init
 .text.HAL_InitTick
                0x00000000080008ac       0x68 ./Drivers/STM32F0xx_HAL_Driver/Src/stm32f0xx_hal.o
                0x00000000080008ac                HAL_InitTick
 .text.HAL_IncTick
                0x0000000008000914       0x24 ./Drivers/STM32F0xx_HAL_Driver/Src/stm32f0xx_hal.o
                0x0000000008000914                HAL_IncTick
 .text.HAL_GetTick
                0x0000000008000938       0x14 ./Drivers/STM32F0xx_HAL_Driver/Src/stm32f0xx_hal.o
                0x0000000008000938                HAL_GetTick
 .text.HAL_Delay
                0x000000000800094c       0x48 ./Drivers/STM32F0xx_HAL_Driver/Src/stm32f0xx_hal.o
                0x000000000800094c                HAL_Delay
 .text.__NVIC_SetPriority
                0x0000000008000994       0xdc ./Drivers/STM32F0xx_HAL_Driver/Src/stm32f0xx_hal_cortex.o
 .text.SysTick_Config
                0x0000000008000a70       0x48 ./Drivers/STM32F0xx_HAL_Driver/Src/stm32f0xx_hal_cortex.o
 .text.HAL_NVIC_SetPriority
                0x0000000008000ab8       0x2a ./Drivers/STM32F0xx_HAL_Driver/Src/stm32f0xx_hal_cortex.o
                0x0000000008000ab8                HAL_NVIC_SetPriority
 .text.HAL_SYSTICK_Config
                0x0000000008000ae2       0x1a ./Drivers/STM32F0xx_HAL_Driver/Src/stm32f0xx_hal_cortex.o
                0x0000000008000ae2                HAL_SYSTICK_Config
 .text.HAL_GPIO_Init
                0x0000000008000afc      0x2f0 ./Drivers/STM32F0xx_HAL_Driver/Src/stm32f0xx_hal_gpio.o
                0x0000000008000afc                HAL_GPIO_Init
 .text.HAL_GPIO_WritePin
                0x0000000008000dec       0x3a ./Drivers/STM32F0xx_HAL_Driver/Src/stm32f0xx_hal_gpio.o
                0x0000000008000dec                HAL_GPIO_WritePin
 *fill*         0x0000000008000e26        0x2 
 .text.HAL_RCC_OscConfig
                0x0000000008000e28      0x70c ./Drivers/STM32F0xx_HAL_Driver/Src/stm32f0xx_hal_rcc.o
                0x0000000008000e28                HAL_RCC_OscConfig
 .text.HAL_RCC_ClockConfig
                0x0000000008001534      0x1b4 ./Drivers/STM32F0xx_HAL_Driver/Src/stm32f0xx_hal_rcc.o
                0x0000000008001534                HAL_RCC_ClockConfig
 .text.HAL_RCC_GetSysClockFreq
                0x00000000080016e8       0xe4 ./Drivers/STM32F0xx_HAL_Driver/Src/stm32f0xx_hal_rcc.o
                0x00000000080016e8                HAL_RCC_GetSysClockFreq
 .text.HAL_SPI_Init
                0x00000000080017cc      0x170 ./Drivers/STM32F0xx_HAL_Driver/Src/stm32f0xx_hal_spi.o
                0x00000000080017cc                HAL_SPI_Init
 .text.HAL_SPI_Transmit
                0x000000000800193c      0x2be ./Drivers/STM32F0xx_HAL_Driver/Src/stm32f0xx_hal_spi.o
                0x000000000800193c                HAL_SPI_Transmit
 *fill*         0x0000000008001bfa        0x2 
 .text.SPI_WaitFlagStateUntilTimeout
                0x0000000008001bfc      0x11c ./Drivers/STM32F0xx_HAL_Driver/Src/stm32f0xx_hal_spi.o
 .text.SPI_WaitFifoStateUntilTimeout
                0x0000000008001d18      0x144 ./Drivers/STM32F0xx_HAL_Driver/Src/stm32f0xx_hal_spi.o
 .text.SPI_EndRxTxTransaction
                0x0000000008001e5c       0x8c ./Drivers/STM32F0xx_HAL_Driver/Src/stm32f0xx_hal_spi.o
 .text.TIM16_IRQHandler
                0x0000000008001ee8       0x2c /Users/jgengineergirl/Sign2Sound/Core/Src/lab8-autotest.o
                0x0000000008001ee8                TIM16_IRQHandler
 .text.internal_show_digit
                0x0000000008001f14       0x44 /Users/jgengineergirl/Sign2Sound/Core/Src/lab8-autotest.o
 .text.internal_set_row
                0x0000000008001f58       0x2c /Users/jgengineergirl/Sign2Sound/Core/Src/lab8-autotest.o
 .text.internal_get_cols
                0x0000000008001f84       0x20 /Users/jgengineergirl/Sign2Sound/Core/Src/lab8-autotest.o
 .text.internal_insert_queue
                0x0000000008001fa4       0x48 /Users/jgengineergirl/Sign2Sound/Core/Src/lab8-autotest.o
 .text.internal_update_hist
                0x0000000008001fec      0x110 /Users/jgengineergirl/Sign2Sound/Core/Src/lab8-autotest.o
 .text.TIM17_IRQHandler
                0x00000000080020fc       0x60 /Users/jgengineergirl/Sign2Sound/Core/Src/lab8-autotest.o
                0x00000000080020fc                TIM17_IRQHandler
 .text.memset   0x000000000800215c       0x10 /Applications/STM32CubeIDE.app/Contents/Eclipse/plugins/com.st.stm32cube.ide.mcu.externaltools.gnu-tools-for-stm32.11.3.rel1.macos64_1.1.0.202305231506/tools/bin/../lib/gcc/arm-none-eabi/11.3.1/../../../../arm-none-eabi/lib/thumb/v6-m/nofp/libc_nano.a(libc_a-memset.o)
                0x000000000800215c                memset
 .text.__libc_init_array
                0x000000000800216c       0x48 /Applications/STM32CubeIDE.app/Contents/Eclipse/plugins/com.st.stm32cube.ide.mcu.externaltools.gnu-tools-for-stm32.11.3.rel1.macos64_1.1.0.202305231506/tools/bin/../lib/gcc/arm-none-eabi/11.3.1/../../../../arm-none-eabi/lib/thumb/v6-m/nofp/libc_nano.a(libc_a-init.o)
                0x000000000800216c                __libc_init_array
 *(.glue_7)
 .glue_7        0x00000000080021b4        0x0 linker stubs
 *(.glue_7t)
 .glue_7t       0x00000000080021b4        0x0 linker stubs
 *(.eh_frame)
 .eh_frame      0x00000000080021b4        0x0 /Applications/STM32CubeIDE.app/Contents/Eclipse/plugins/com.st.stm32cube.ide.mcu.externaltools.gnu-tools-for-stm32.11.3.rel1.macos64_1.1.0.202305231506/tools/bin/../lib/gcc/arm-none-eabi/11.3.1/thumb/v6-m/nofp/crtbegin.o
 *(.init)
 .init          0x00000000080021b4        0x4 /Applications/STM32CubeIDE.app/Contents/Eclipse/plugins/com.st.stm32cube.ide.mcu.externaltools.gnu-tools-for-stm32.11.3.rel1.macos64_1.1.0.202305231506/tools/bin/../lib/gcc/arm-none-eabi/11.3.1/thumb/v6-m/nofp/crti.o
                0x00000000080021b4                _init
 .init          0x00000000080021b8        0x8 /Applications/STM32CubeIDE.app/Contents/Eclipse/plugins/com.st.stm32cube.ide.mcu.externaltools.gnu-tools-for-stm32.11.3.rel1.macos64_1.1.0.202305231506/tools/bin/../lib/gcc/arm-none-eabi/11.3.1/thumb/v6-m/nofp/crtn.o
 *(.fini)
 .fini          0x00000000080021c0        0x4 /Applications/STM32CubeIDE.app/Contents/Eclipse/plugins/com.st.stm32cube.ide.mcu.externaltools.gnu-tools-for-stm32.11.3.rel1.macos64_1.1.0.202305231506/tools/bin/../lib/gcc/arm-none-eabi/11.3.1/thumb/v6-m/nofp/crti.o
                0x00000000080021c0                _fini
 .fini          0x00000000080021c4        0x8 /Applications/STM32CubeIDE.app/Contents/Eclipse/plugins/com.st.stm32cube.ide.mcu.externaltools.gnu-tools-for-stm32.11.3.rel1.macos64_1.1.0.202305231506/tools/bin/../lib/gcc/arm-none-eabi/11.3.1/thumb/v6-m/nofp/crtn.o
                0x00000000080021cc                . = ALIGN (0x4)
                0x00000000080021cc                _etext = .

.vfp11_veneer   0x00000000080021cc        0x0
 .vfp11_veneer  0x00000000080021cc        0x0 linker stubs

.v4_bx          0x00000000080021cc        0x0
 .v4_bx         0x00000000080021cc        0x0 linker stubs

.iplt           0x00000000080021cc        0x0
 .iplt          0x00000000080021cc        0x0 /Applications/STM32CubeIDE.app/Contents/Eclipse/plugins/com.st.stm32cube.ide.mcu.externaltools.gnu-tools-for-stm32.11.3.rel1.macos64_1.1.0.202305231506/tools/bin/../lib/gcc/arm-none-eabi/11.3.1/thumb/v6-m/nofp/crtbegin.o

.rodata         0x00000000080021cc       0x44
                0x00000000080021cc                . = ALIGN (0x4)
 *(.rodata)
 .rodata        0x00000000080021cc       0x14 ./Core/Src/main.o
 *(.rodata*)
 .rodata.AHBPrescTable
                0x00000000080021e0       0x10 ./Core/Src/system_stm32f0xx.o
                0x00000000080021e0                AHBPrescTable
 .rodata.aPLLMULFactorTable.1
                0x00000000080021f0       0x10 ./Drivers/STM32F0xx_HAL_Driver/Src/stm32f0xx_hal_rcc.o
 .rodata.aPredivFactorTable.0
                0x0000000008002200       0x10 ./Drivers/STM32F0xx_HAL_Driver/Src/stm32f0xx_hal_rcc.o
                0x0000000008002210                . = ALIGN (0x4)

.rel.dyn        0x0000000008002210        0x0
 .rel.iplt      0x0000000008002210        0x0 /Applications/STM32CubeIDE.app/Contents/Eclipse/plugins/com.st.stm32cube.ide.mcu.externaltools.gnu-tools-for-stm32.11.3.rel1.macos64_1.1.0.202305231506/tools/bin/../lib/gcc/arm-none-eabi/11.3.1/thumb/v6-m/nofp/crtbegin.o

.ARM.extab      0x0000000008002210        0x0
                0x0000000008002210                . = ALIGN (0x4)
 *(.ARM.extab* .gnu.linkonce.armextab.*)
                0x0000000008002210                . = ALIGN (0x4)

.ARM            0x0000000008002210        0x0
                0x0000000008002210                . = ALIGN (0x4)
                0x0000000008002210                __exidx_start = .
 *(.ARM.exidx*)
                0x0000000008002210                __exidx_end = .
                0x0000000008002210                . = ALIGN (0x4)

.preinit_array  0x0000000008002210        0x0
                0x0000000008002210                . = ALIGN (0x4)
                0x0000000008002210                PROVIDE (__preinit_array_start = .)
 *(.preinit_array*)
                0x0000000008002210                PROVIDE (__preinit_array_end = .)
                0x0000000008002210                . = ALIGN (0x4)

.init_array     0x0000000008002210        0x4
                0x0000000008002210                . = ALIGN (0x4)
                0x0000000008002210                PROVIDE (__init_array_start = .)
 *(SORT_BY_NAME(.init_array.*))
 *(.init_array*)
 .init_array    0x0000000008002210        0x4 /Applications/STM32CubeIDE.app/Contents/Eclipse/plugins/com.st.stm32cube.ide.mcu.externaltools.gnu-tools-for-stm32.11.3.rel1.macos64_1.1.0.202305231506/tools/bin/../lib/gcc/arm-none-eabi/11.3.1/thumb/v6-m/nofp/crtbegin.o
                0x0000000008002214                PROVIDE (__init_array_end = .)
                0x0000000008002214                . = ALIGN (0x4)

.fini_array     0x0000000008002214        0x4
                0x0000000008002214                . = ALIGN (0x4)
                [!provide]                        PROVIDE (__fini_array_start = .)
 *(SORT_BY_NAME(.fini_array.*))
 *(.fini_array*)
 .fini_array    0x0000000008002214        0x4 /Applications/STM32CubeIDE.app/Contents/Eclipse/plugins/com.st.stm32cube.ide.mcu.externaltools.gnu-tools-for-stm32.11.3.rel1.macos64_1.1.0.202305231506/tools/bin/../lib/gcc/arm-none-eabi/11.3.1/thumb/v6-m/nofp/crtbegin.o
                [!provide]                        PROVIDE (__fini_array_end = .)
                0x0000000008002218                . = ALIGN (0x4)
                0x0000000008002218                _sidata = LOADADDR (.data)

.data           0x0000000020000000       0x10 load address 0x0000000008002218
                0x0000000020000000                . = ALIGN (0x4)
                0x0000000020000000                _sdata = .
 *(.data)
 *(.data*)
 .data.wait     0x0000000020000000        0x4 ./Core/Src/main.o
                0x0000000020000000                wait
 .data.SystemCoreClock
                0x0000000020000004        0x4 ./Core/Src/system_stm32f0xx.o
                0x0000000020000004                SystemCoreClock
 .data.uwTickPrio
                0x0000000020000008        0x4 ./Drivers/STM32F0xx_HAL_Driver/Src/stm32f0xx_hal.o
                0x0000000020000008                uwTickPrio
 .data.uwTickFreq
                0x000000002000000c        0x1 ./Drivers/STM32F0xx_HAL_Driver/Src/stm32f0xx_hal.o
                0x000000002000000c                uwTickFreq
 *(.RamFunc)
 *(.RamFunc*)
                0x0000000020000010                . = ALIGN (0x4)
 *fill*         0x000000002000000d        0x3 
                0x0000000020000010                _edata = .

.igot.plt       0x0000000020000010        0x0 load address 0x0000000008002228
 .igot.plt      0x0000000020000010        0x0 /Applications/STM32CubeIDE.app/Contents/Eclipse/plugins/com.st.stm32cube.ide.mcu.externaltools.gnu-tools-for-stm32.11.3.rel1.macos64_1.1.0.202305231506/tools/bin/../lib/gcc/arm-none-eabi/11.3.1/thumb/v6-m/nofp/crtbegin.o
                0x0000000020000010                . = ALIGN (0x4)

.bss            0x0000000020000010      0xaec load address 0x0000000008002228
                0x0000000020000010                _sbss = .
                0x0000000020000010                __bss_start__ = _sbss
 *(.bss)
 .bss           0x0000000020000010       0x1c /Applications/STM32CubeIDE.app/Contents/Eclipse/plugins/com.st.stm32cube.ide.mcu.externaltools.gnu-tools-for-stm32.11.3.rel1.macos64_1.1.0.202305231506/tools/bin/../lib/gcc/arm-none-eabi/11.3.1/thumb/v6-m/nofp/crtbegin.o
 .bss           0x000000002000002c      0xa68 /Users/jgengineergirl/Sign2Sound/Core/Src/lab8-autotest.o
 *(.bss*)
 .bss.hspi1     0x0000000020000a94       0x64 ./Core/Src/main.o
                0x0000000020000a94                hspi1
 .bss.uwTick    0x0000000020000af8        0x4 ./Drivers/STM32F0xx_HAL_Driver/Src/stm32f0xx_hal.o
                0x0000000020000af8                uwTick
 *(COMMON)
                0x0000000020000afc                . = ALIGN (0x4)
                0x0000000020000afc                _ebss = .
                0x0000000020000afc                __bss_end__ = _ebss

._user_heap_stack
                0x0000000020000afc      0x604 load address 0x0000000008002228
                0x0000000020000b00                . = ALIGN (0x8)
 *fill*         0x0000000020000afc        0x4 
                [!provide]                        PROVIDE (end = .)
                0x0000000020000b00                PROVIDE (_end = .)
                0x0000000020000d00                . = (. + _Min_Heap_Size)
 *fill*         0x0000000020000b00      0x200 
                0x0000000020001100                . = (. + _Min_Stack_Size)
 *fill*         0x0000000020000d00      0x400 
                0x0000000020001100                . = ALIGN (0x8)

/DISCARD/
 libc.a(*)
 libm.a(*)
 libgcc.a(*)

.ARM.attributes
                0x0000000000000000       0x28
 *(.ARM.attributes)
 .ARM.attributes
                0x0000000000000000       0x1e /Applications/STM32CubeIDE.app/Contents/Eclipse/plugins/com.st.stm32cube.ide.mcu.externaltools.gnu-tools-for-stm32.11.3.rel1.macos64_1.1.0.202305231506/tools/bin/../lib/gcc/arm-none-eabi/11.3.1/thumb/v6-m/nofp/crti.o
 .ARM.attributes
                0x000000000000001e       0x2c /Applications/STM32CubeIDE.app/Contents/Eclipse/plugins/com.st.stm32cube.ide.mcu.externaltools.gnu-tools-for-stm32.11.3.rel1.macos64_1.1.0.202305231506/tools/bin/../lib/gcc/arm-none-eabi/11.3.1/thumb/v6-m/nofp/crtbegin.o
 .ARM.attributes
                0x000000000000004a       0x2c ./Core/Src/lcd.o
 .ARM.attributes
                0x0000000000000076       0x2c ./Core/Src/main.o
 .ARM.attributes
                0x00000000000000a2       0x2c ./Core/Src/stm32f0xx_hal_msp.o
 .ARM.attributes
                0x00000000000000ce       0x2c ./Core/Src/stm32f0xx_it.o
 .ARM.attributes
                0x00000000000000fa       0x2c ./Core/Src/system_stm32f0xx.o
 .ARM.attributes
                0x0000000000000126       0x21 ./Core/Startup/startup_stm32f091rctx.o
 .ARM.attributes
                0x0000000000000147       0x2c ./Drivers/STM32F0xx_HAL_Driver/Src/stm32f0xx_hal.o
 .ARM.attributes
                0x0000000000000173       0x2c ./Drivers/STM32F0xx_HAL_Driver/Src/stm32f0xx_hal_cortex.o
 .ARM.attributes
                0x000000000000019f       0x2c ./Drivers/STM32F0xx_HAL_Driver/Src/stm32f0xx_hal_gpio.o
 .ARM.attributes
                0x00000000000001cb       0x2c ./Drivers/STM32F0xx_HAL_Driver/Src/stm32f0xx_hal_rcc.o
 .ARM.attributes
                0x00000000000001f7       0x2c ./Drivers/STM32F0xx_HAL_Driver/Src/stm32f0xx_hal_spi.o
 .ARM.attributes
                0x0000000000000223       0x31 /Users/jgengineergirl/Sign2Sound/Core/Src/lab8-autotest.o
 .ARM.attributes
                0x0000000000000254       0x2c /Applications/STM32CubeIDE.app/Contents/Eclipse/plugins/com.st.stm32cube.ide.mcu.externaltools.gnu-tools-for-stm32.11.3.rel1.macos64_1.1.0.202305231506/tools/bin/../lib/gcc/arm-none-eabi/11.3.1/../../../../arm-none-eabi/lib/thumb/v6-m/nofp/libc_nano.a(libc_a-memset.o)
 .ARM.attributes
                0x0000000000000280       0x2c /Applications/STM32CubeIDE.app/Contents/Eclipse/plugins/com.st.stm32cube.ide.mcu.externaltools.gnu-tools-for-stm32.11.3.rel1.macos64_1.1.0.202305231506/tools/bin/../lib/gcc/arm-none-eabi/11.3.1/../../../../arm-none-eabi/lib/thumb/v6-m/nofp/libc_nano.a(libc_a-init.o)
 .ARM.attributes
                0x00000000000002ac       0x1e /Applications/STM32CubeIDE.app/Contents/Eclipse/plugins/com.st.stm32cube.ide.mcu.externaltools.gnu-tools-for-stm32.11.3.rel1.macos64_1.1.0.202305231506/tools/bin/../lib/gcc/arm-none-eabi/11.3.1/thumb/v6-m/nofp/libgcc.a(_udivsi3.o)
 .ARM.attributes
                0x00000000000002ca       0x1e /Applications/STM32CubeIDE.app/Contents/Eclipse/plugins/com.st.stm32cube.ide.mcu.externaltools.gnu-tools-for-stm32.11.3.rel1.macos64_1.1.0.202305231506/tools/bin/../lib/gcc/arm-none-eabi/11.3.1/thumb/v6-m/nofp/libgcc.a(_dvmd_tls.o)
 .ARM.attributes
                0x00000000000002e8       0x1e /Applications/STM32CubeIDE.app/Contents/Eclipse/plugins/com.st.stm32cube.ide.mcu.externaltools.gnu-tools-for-stm32.11.3.rel1.macos64_1.1.0.202305231506/tools/bin/../lib/gcc/arm-none-eabi/11.3.1/thumb/v6-m/nofp/crtn.o
OUTPUT(Sign2Sound.elf elf32-littlearm)
LOAD linker stubs
LOAD /Applications/STM32CubeIDE.app/Contents/Eclipse/plugins/com.st.stm32cube.ide.mcu.externaltools.gnu-tools-for-stm32.11.3.rel1.macos64_1.1.0.202305231506/tools/bin/../lib/gcc/arm-none-eabi/11.3.1/../../../../arm-none-eabi/lib/thumb/v6-m/nofp/libc.a
LOAD /Applications/STM32CubeIDE.app/Contents/Eclipse/plugins/com.st.stm32cube.ide.mcu.externaltools.gnu-tools-for-stm32.11.3.rel1.macos64_1.1.0.202305231506/tools/bin/../lib/gcc/arm-none-eabi/11.3.1/../../../../arm-none-eabi/lib/thumb/v6-m/nofp/libm.a
LOAD /Applications/STM32CubeIDE.app/Contents/Eclipse/plugins/com.st.stm32cube.ide.mcu.externaltools.gnu-tools-for-stm32.11.3.rel1.macos64_1.1.0.202305231506/tools/bin/../lib/gcc/arm-none-eabi/11.3.1/thumb/v6-m/nofp/libgcc.a

.comment        0x0000000000000000       0xc2
 .comment       0x0000000000000000       0x43 /Applications/STM32CubeIDE.app/Contents/Eclipse/plugins/com.st.stm32cube.ide.mcu.externaltools.gnu-tools-for-stm32.11.3.rel1.macos64_1.1.0.202305231506/tools/bin/../lib/gcc/arm-none-eabi/11.3.1/thumb/v6-m/nofp/crtbegin.o
                                         0x44 (size before relaxing)
 .comment       0x0000000000000043       0x44 ./Core/Src/lcd.o
 .comment       0x0000000000000043       0x44 ./Core/Src/main.o
 .comment       0x0000000000000043       0x44 ./Core/Src/stm32f0xx_hal_msp.o
 .comment       0x0000000000000043       0x44 ./Core/Src/stm32f0xx_it.o
 .comment       0x0000000000000043       0x44 ./Core/Src/system_stm32f0xx.o
 .comment       0x0000000000000043       0x44 ./Drivers/STM32F0xx_HAL_Driver/Src/stm32f0xx_hal.o
 .comment       0x0000000000000043       0x44 ./Drivers/STM32F0xx_HAL_Driver/Src/stm32f0xx_hal_cortex.o
 .comment       0x0000000000000043       0x44 ./Drivers/STM32F0xx_HAL_Driver/Src/stm32f0xx_hal_gpio.o
 .comment       0x0000000000000043       0x44 ./Drivers/STM32F0xx_HAL_Driver/Src/stm32f0xx_hal_rcc.o
 .comment       0x0000000000000043       0x44 ./Drivers/STM32F0xx_HAL_Driver/Src/stm32f0xx_hal_spi.o
 .comment       0x0000000000000043       0x7f /Users/jgengineergirl/Sign2Sound/Core/Src/lab8-autotest.o
                                         0x80 (size before relaxing)

.debug_info     0x0000000000000000     0x5afd
 .debug_info    0x0000000000000000      0xdf4 ./Core/Src/lcd.o
 .debug_info    0x0000000000000df4      0xf99 ./Core/Src/main.o
 .debug_info    0x0000000000001d8d      0x851 ./Core/Src/stm32f0xx_hal_msp.o
 .debug_info    0x00000000000025de       0xd3 ./Core/Src/stm32f0xx_it.o
 .debug_info    0x00000000000026b1      0x242 ./Core/Src/system_stm32f0xx.o
 .debug_info    0x00000000000028f3       0x23 ./Core/Startup/startup_stm32f091rctx.o
 .debug_info    0x0000000000002916      0x6c3 ./Drivers/STM32F0xx_HAL_Driver/Src/stm32f0xx_hal.o
 .debug_info    0x0000000000002fd9      0x6bf ./Drivers/STM32F0xx_HAL_Driver/Src/stm32f0xx_hal_cortex.o
 .debug_info    0x0000000000003698      0x5e6 ./Drivers/STM32F0xx_HAL_Driver/Src/stm32f0xx_hal_gpio.o
 .debug_info    0x0000000000003c7e      0x83f ./Drivers/STM32F0xx_HAL_Driver/Src/stm32f0xx_hal_rcc.o
 .debug_info    0x00000000000044bd     0x1640 ./Drivers/STM32F0xx_HAL_Driver/Src/stm32f0xx_hal_spi.o

.debug_abbrev   0x0000000000000000     0x14f6
 .debug_abbrev  0x0000000000000000      0x2bd ./Core/Src/lcd.o
 .debug_abbrev  0x00000000000002bd      0x372 ./Core/Src/main.o
 .debug_abbrev  0x000000000000062f      0x1a6 ./Core/Src/stm32f0xx_hal_msp.o
 .debug_abbrev  0x00000000000007d5       0x73 ./Core/Src/stm32f0xx_it.o
 .debug_abbrev  0x0000000000000848      0x11c ./Core/Src/system_stm32f0xx.o
 .debug_abbrev  0x0000000000000964       0x12 ./Core/Startup/startup_stm32f091rctx.o
 .debug_abbrev  0x0000000000000976      0x213 ./Drivers/STM32F0xx_HAL_Driver/Src/stm32f0xx_hal.o
 .debug_abbrev  0x0000000000000b89      0x28c ./Drivers/STM32F0xx_HAL_Driver/Src/stm32f0xx_hal_cortex.o
 .debug_abbrev  0x0000000000000e15      0x1da ./Drivers/STM32F0xx_HAL_Driver/Src/stm32f0xx_hal_gpio.o
 .debug_abbrev  0x0000000000000fef      0x28c ./Drivers/STM32F0xx_HAL_Driver/Src/stm32f0xx_hal_rcc.o
 .debug_abbrev  0x000000000000127b      0x27b ./Drivers/STM32F0xx_HAL_Driver/Src/stm32f0xx_hal_spi.o

.debug_aranges  0x0000000000000000      0x6f8
 .debug_aranges
                0x0000000000000000      0x118 ./Core/Src/lcd.o
 .debug_aranges
                0x0000000000000118       0xe0 ./Core/Src/main.o
 .debug_aranges
                0x00000000000001f8       0x30 ./Core/Src/stm32f0xx_hal_msp.o
 .debug_aranges
                0x0000000000000228       0x40 ./Core/Src/stm32f0xx_it.o
 .debug_aranges
                0x0000000000000268       0x28 ./Core/Src/system_stm32f0xx.o
 .debug_aranges
                0x0000000000000290       0x28 ./Core/Startup/startup_stm32f091rctx.o
 .debug_aranges
                0x00000000000002b8       0xd0 ./Drivers/STM32F0xx_HAL_Driver/Src/stm32f0xx_hal.o
 .debug_aranges
                0x0000000000000388       0xc0 ./Drivers/STM32F0xx_HAL_Driver/Src/stm32f0xx_hal_cortex.o
 .debug_aranges
                0x0000000000000448       0x58 ./Drivers/STM32F0xx_HAL_Driver/Src/stm32f0xx_hal_gpio.o
 .debug_aranges
                0x00000000000004a0       0x80 ./Drivers/STM32F0xx_HAL_Driver/Src/stm32f0xx_hal_rcc.o
 .debug_aranges
                0x0000000000000520      0x1d8 ./Drivers/STM32F0xx_HAL_Driver/Src/stm32f0xx_hal_spi.o

.debug_rnglists
                0x0000000000000000      0x53e
 .debug_rnglists
                0x0000000000000000       0xdb ./Core/Src/lcd.o
 .debug_rnglists
                0x00000000000000db       0xa8 ./Core/Src/main.o
 .debug_rnglists
                0x0000000000000183       0x20 ./Core/Src/stm32f0xx_hal_msp.o
 .debug_rnglists
                0x00000000000001a3       0x2b ./Core/Src/stm32f0xx_it.o
 .debug_rnglists
                0x00000000000001ce       0x1a ./Core/Src/system_stm32f0xx.o
 .debug_rnglists
                0x00000000000001e8       0x19 ./Core/Startup/startup_stm32f091rctx.o
 .debug_rnglists
                0x0000000000000201       0x97 ./Drivers/STM32F0xx_HAL_Driver/Src/stm32f0xx_hal.o
 .debug_rnglists
                0x0000000000000298       0x8c ./Drivers/STM32F0xx_HAL_Driver/Src/stm32f0xx_hal_cortex.o
 .debug_rnglists
                0x0000000000000324       0x3f ./Drivers/STM32F0xx_HAL_Driver/Src/stm32f0xx_hal_gpio.o
 .debug_rnglists
                0x0000000000000363       0x61 ./Drivers/STM32F0xx_HAL_Driver/Src/stm32f0xx_hal_rcc.o
 .debug_rnglists
                0x00000000000003c4      0x17a ./Drivers/STM32F0xx_HAL_Driver/Src/stm32f0xx_hal_spi.o

.debug_macro    0x0000000000000000    0x19a07
 .debug_macro   0x0000000000000000      0x290 ./Core/Src/lcd.o
 .debug_macro   0x0000000000000290       0x2e ./Core/Src/lcd.o
 .debug_macro   0x00000000000002be       0x22 ./Core/Src/lcd.o
 .debug_macro   0x00000000000002e0       0x22 ./Core/Src/lcd.o
 .debug_macro   0x0000000000000302       0x8e ./Core/Src/lcd.o
 .debug_macro   0x0000000000000390       0x51 ./Core/Src/lcd.o
 .debug_macro   0x00000000000003e1      0x103 ./Core/Src/lcd.o
 .debug_macro   0x00000000000004e4       0x6a ./Core/Src/lcd.o
 .debug_macro   0x000000000000054e      0x1df ./Core/Src/lcd.o
 .debug_macro   0x000000000000072d       0x1c ./Core/Src/lcd.o
 .debug_macro   0x0000000000000749       0x22 ./Core/Src/lcd.o
 .debug_macro   0x000000000000076b       0xaf ./Core/Src/lcd.o
 .debug_macro   0x000000000000081a      0x391 ./Core/Src/lcd.o
 .debug_macro   0x0000000000000bab    0x10e6b ./Core/Src/lcd.o
 .debug_macro   0x0000000000011a16       0x66 ./Core/Src/lcd.o
 .debug_macro   0x0000000000011a7c      0x12d ./Core/Src/lcd.o
 .debug_macro   0x0000000000011ba9     0x34be ./Core/Src/lcd.o
 .debug_macro   0x0000000000015067      0x174 ./Core/Src/lcd.o
 .debug_macro   0x00000000000151db       0x55 ./Core/Src/lcd.o
 .debug_macro   0x0000000000015230      0x946 ./Core/Src/lcd.o
 .debug_macro   0x0000000000015b76      0x69b ./Core/Src/lcd.o
 .debug_macro   0x0000000000016211      0x1ae ./Core/Src/lcd.o
 .debug_macro   0x00000000000163bf      0x202 ./Core/Src/lcd.o
 .debug_macro   0x00000000000165c1      0x1a7 ./Core/Src/lcd.o
 .debug_macro   0x0000000000016768      0x1bc ./Core/Src/lcd.o
 .debug_macro   0x0000000000016924      0x4cf ./Core/Src/lcd.o
 .debug_macro   0x0000000000016df3       0x3c ./Core/Src/lcd.o
 .debug_macro   0x0000000000016e2f       0x28 ./Core/Src/lcd.o
 .debug_macro   0x0000000000016e57       0xb0 ./Core/Src/lcd.o
 .debug_macro   0x0000000000016f07      0x23f ./Core/Src/lcd.o
 .debug_macro   0x0000000000017146      0x22c ./Core/Src/lcd.o
 .debug_macro   0x0000000000017372       0x61 ./Core/Src/lcd.o
 .debug_macro   0x00000000000173d3       0xa5 ./Core/Src/lcd.o
 .debug_macro   0x0000000000017478       0x4c ./Core/Src/lcd.o
 .debug_macro   0x00000000000174c4      0x16d ./Core/Src/lcd.o
 .debug_macro   0x0000000000017631      0x2fe ./Core/Src/lcd.o
 .debug_macro   0x000000000001792f      0x435 ./Core/Src/lcd.o
 .debug_macro   0x0000000000017d64       0x24 ./Core/Src/lcd.o
 .debug_macro   0x0000000000017d88       0x61 ./Core/Src/lcd.o
 .debug_macro   0x0000000000017de9       0x43 ./Core/Src/lcd.o
 .debug_macro   0x0000000000017e2c       0x34 ./Core/Src/lcd.o
 .debug_macro   0x0000000000017e60       0x16 ./Core/Src/lcd.o
 .debug_macro   0x0000000000017e76       0x35 ./Core/Src/lcd.o
 .debug_macro   0x0000000000017eab       0x16 ./Core/Src/lcd.o
 .debug_macro   0x0000000000017ec1       0x43 ./Core/Src/lcd.o
 .debug_macro   0x0000000000017f04       0x34 ./Core/Src/lcd.o
 .debug_macro   0x0000000000017f38       0x10 ./Core/Src/lcd.o
 .debug_macro   0x0000000000017f48       0x58 ./Core/Src/lcd.o
 .debug_macro   0x0000000000017fa0       0x8e ./Core/Src/lcd.o
 .debug_macro   0x000000000001802e       0x1c ./Core/Src/lcd.o
 .debug_macro   0x000000000001804a      0x177 ./Core/Src/lcd.o
 .debug_macro   0x00000000000181c1      0x369 ./Core/Src/lcd.o
 .debug_macro   0x000000000001852a       0x16 ./Core/Src/lcd.o
 .debug_macro   0x0000000000018540       0x29 ./Core/Src/lcd.o
 .debug_macro   0x0000000000018569       0x9a ./Core/Src/lcd.o
 .debug_macro   0x0000000000018603      0x2e9 ./Core/Src/main.o
 .debug_macro   0x00000000000188ec       0x1c ./Core/Src/main.o
 .debug_macro   0x0000000000018908       0x10 ./Core/Src/main.o
 .debug_macro   0x0000000000018918       0x1c ./Core/Src/main.o
 .debug_macro   0x0000000000018934       0x16 ./Core/Src/main.o
 .debug_macro   0x000000000001894a      0x147 ./Core/Src/main.o
 .debug_macro   0x0000000000018a91      0x19b ./Core/Src/main.o
 .debug_macro   0x0000000000018c2c      0x1b9 ./Core/Src/stm32f0xx_hal_msp.o
 .debug_macro   0x0000000000018de5      0x1c3 ./Core/Src/stm32f0xx_it.o
 .debug_macro   0x0000000000018fa8      0x1af ./Core/Src/system_stm32f0xx.o
 .debug_macro   0x0000000000019157      0x1d3 ./Drivers/STM32F0xx_HAL_Driver/Src/stm32f0xx_hal.o
 .debug_macro   0x000000000001932a      0x1af ./Drivers/STM32F0xx_HAL_Driver/Src/stm32f0xx_hal_cortex.o
 .debug_macro   0x00000000000194d9      0x1b6 ./Drivers/STM32F0xx_HAL_Driver/Src/stm32f0xx_hal_gpio.o
 .debug_macro   0x000000000001968f      0x1c1 ./Drivers/STM32F0xx_HAL_Driver/Src/stm32f0xx_hal_rcc.o
 .debug_macro   0x0000000000019850      0x1b7 ./Drivers/STM32F0xx_HAL_Driver/Src/stm32f0xx_hal_spi.o

.debug_line     0x0000000000000000     0x7e5d
 .debug_line    0x0000000000000000     0x115e ./Core/Src/lcd.o
 .debug_line    0x000000000000115e      0xcf4 ./Core/Src/main.o
 .debug_line    0x0000000000001e52      0x712 ./Core/Src/stm32f0xx_hal_msp.o
 .debug_line    0x0000000000002564      0x729 ./Core/Src/stm32f0xx_it.o
 .debug_line    0x0000000000002c8d      0x74c ./Core/Src/system_stm32f0xx.o
 .debug_line    0x00000000000033d9       0x7b ./Core/Startup/startup_stm32f091rctx.o
 .debug_line    0x0000000000003454      0x93f ./Drivers/STM32F0xx_HAL_Driver/Src/stm32f0xx_hal.o
 .debug_line    0x0000000000003d93      0x9eb ./Drivers/STM32F0xx_HAL_Driver/Src/stm32f0xx_hal_cortex.o
 .debug_line    0x000000000000477e      0xacf ./Drivers/STM32F0xx_HAL_Driver/Src/stm32f0xx_hal_gpio.o
 .debug_line    0x000000000000524d      0xdc7 ./Drivers/STM32F0xx_HAL_Driver/Src/stm32f0xx_hal_rcc.o
 .debug_line    0x0000000000006014     0x1e49 ./Drivers/STM32F0xx_HAL_Driver/Src/stm32f0xx_hal_spi.o

.debug_str      0x0000000000000000    0x9ddcf
 .debug_str     0x0000000000000000    0x9b6cf ./Core/Src/lcd.o
                                      0x9b9bf (size before relaxing)
 .debug_str     0x000000000009b6cf     0x1602 ./Core/Src/main.o
                                      0x9cd3c (size before relaxing)
 .debug_str     0x000000000009ccd1       0x63 ./Core/Src/stm32f0xx_hal_msp.o
                                      0x98854 (size before relaxing)
 .debug_str     0x000000000009cd34       0x82 ./Core/Src/stm32f0xx_it.o
                                      0x9838b (size before relaxing)
 .debug_str     0x000000000009cdb6       0x8b ./Core/Src/system_stm32f0xx.o
                                      0x98403 (size before relaxing)
 .debug_str     0x000000000009ce41       0x34 ./Core/Startup/startup_stm32f091rctx.o
                                         0x5b (size before relaxing)
 .debug_str     0x000000000009ce75      0x4d2 ./Drivers/STM32F0xx_HAL_Driver/Src/stm32f0xx_hal.o
                                      0x989f3 (size before relaxing)
 .debug_str     0x000000000009d347      0x1be ./Drivers/STM32F0xx_HAL_Driver/Src/stm32f0xx_hal_cortex.o
                                      0x987e4 (size before relaxing)
 .debug_str     0x000000000009d505      0x11e ./Drivers/STM32F0xx_HAL_Driver/Src/stm32f0xx_hal_gpio.o
                                      0x985b9 (size before relaxing)
 .debug_str     0x000000000009d623      0x21a ./Drivers/STM32F0xx_HAL_Driver/Src/stm32f0xx_hal_rcc.o
                                      0x9884a (size before relaxing)
 .debug_str     0x000000000009d83d      0x592 ./Drivers/STM32F0xx_HAL_Driver/Src/stm32f0xx_hal_spi.o
                                      0x98d83 (size before relaxing)

.debug_frame    0x0000000000000000     0x1814
 .debug_frame   0x0000000000000000      0x434 ./Core/Src/lcd.o
 .debug_frame   0x0000000000000434      0x320 ./Core/Src/main.o
 .debug_frame   0x0000000000000754       0x70 ./Core/Src/stm32f0xx_hal_msp.o
 .debug_frame   0x00000000000007c4       0x9c ./Core/Src/stm32f0xx_it.o
 .debug_frame   0x0000000000000860       0x4c ./Core/Src/system_stm32f0xx.o
 .debug_frame   0x00000000000008ac      0x2a4 ./Drivers/STM32F0xx_HAL_Driver/Src/stm32f0xx_hal.o
 .debug_frame   0x0000000000000b50      0x2a0 ./Drivers/STM32F0xx_HAL_Driver/Src/stm32f0xx_hal_cortex.o
 .debug_frame   0x0000000000000df0      0x110 ./Drivers/STM32F0xx_HAL_Driver/Src/stm32f0xx_hal_gpio.o
 .debug_frame   0x0000000000000f00      0x198 ./Drivers/STM32F0xx_HAL_Driver/Src/stm32f0xx_hal_rcc.o
 .debug_frame   0x0000000000001098      0x710 ./Drivers/STM32F0xx_HAL_Driver/Src/stm32f0xx_hal_spi.o
 .debug_frame   0x00000000000017a8       0x20 /Applications/STM32CubeIDE.app/Contents/Eclipse/plugins/com.st.stm32cube.ide.mcu.externaltools.gnu-tools-for-stm32.11.3.rel1.macos64_1.1.0.202305231506/tools/bin/../lib/gcc/arm-none-eabi/11.3.1/../../../../arm-none-eabi/lib/thumb/v6-m/nofp/libc_nano.a(libc_a-memset.o)
 .debug_frame   0x00000000000017c8       0x2c /Applications/STM32CubeIDE.app/Contents/Eclipse/plugins/com.st.stm32cube.ide.mcu.externaltools.gnu-tools-for-stm32.11.3.rel1.macos64_1.1.0.202305231506/tools/bin/../lib/gcc/arm-none-eabi/11.3.1/../../../../arm-none-eabi/lib/thumb/v6-m/nofp/libc_nano.a(libc_a-init.o)
 .debug_frame   0x00000000000017f4       0x20 /Applications/STM32CubeIDE.app/Contents/Eclipse/plugins/com.st.stm32cube.ide.mcu.externaltools.gnu-tools-for-stm32.11.3.rel1.macos64_1.1.0.202305231506/tools/bin/../lib/gcc/arm-none-eabi/11.3.1/thumb/v6-m/nofp/libgcc.a(_udivsi3.o)

.debug_line_str
                0x0000000000000000       0x4f
 .debug_line_str
                0x0000000000000000       0x4f ./Core/Startup/startup_stm32f091rctx.o
                                         0x67 (size before relaxing)
