Archive member included to satisfy reference by file (symbol)

/Applications/STM32CubeIDE.app/Contents/Eclipse/plugins/com.st.stm32cube.ide.mcu.externaltools.gnu-tools-for-stm32.11.3.rel1.macos64_1.1.1.202309131626/tools/bin/../lib/gcc/arm-none-eabi/11.3.1/../../../../arm-none-eabi/lib/thumb/v6-m/nofp/libc_nano.a(libc_a-exit.o)
                              /Applications/STM32CubeIDE.app/Contents/Eclipse/plugins/com.st.stm32cube.ide.mcu.externaltools.gnu-tools-for-stm32.11.3.rel1.macos64_1.1.1.202309131626/tools/bin/../lib/gcc/arm-none-eabi/11.3.1/../../../../arm-none-eabi/lib/thumb/v6-m/nofp/crt0.o (exit)
/Applications/STM32CubeIDE.app/Contents/Eclipse/plugins/com.st.stm32cube.ide.mcu.externaltools.gnu-tools-for-stm32.11.3.rel1.macos64_1.1.1.202309131626/tools/bin/../lib/gcc/arm-none-eabi/11.3.1/../../../../arm-none-eabi/lib/thumb/v6-m/nofp/libc_nano.a(libc_a-findfp.o)
                              /Applications/STM32CubeIDE.app/Contents/Eclipse/plugins/com.st.stm32cube.ide.mcu.externaltools.gnu-tools-for-stm32.11.3.rel1.macos64_1.1.1.202309131626/tools/bin/../lib/gcc/arm-none-eabi/11.3.1/../../../../arm-none-eabi/lib/thumb/v6-m/nofp/libc_nano.a(libc_a-exit.o) (__stdio_exit_handler)
/Applications/STM32CubeIDE.app/Contents/Eclipse/plugins/com.st.stm32cube.ide.mcu.externaltools.gnu-tools-for-stm32.11.3.rel1.macos64_1.1.1.202309131626/tools/bin/../lib/gcc/arm-none-eabi/11.3.1/../../../../arm-none-eabi/lib/thumb/v6-m/nofp/libc_nano.a(libc_a-fwalk.o)
                              /Applications/STM32CubeIDE.app/Contents/Eclipse/plugins/com.st.stm32cube.ide.mcu.externaltools.gnu-tools-for-stm32.11.3.rel1.macos64_1.1.1.202309131626/tools/bin/../lib/gcc/arm-none-eabi/11.3.1/../../../../arm-none-eabi/lib/thumb/v6-m/nofp/libc_nano.a(libc_a-findfp.o) (_fwalk_sglue)
/Applications/STM32CubeIDE.app/Contents/Eclipse/plugins/com.st.stm32cube.ide.mcu.externaltools.gnu-tools-for-stm32.11.3.rel1.macos64_1.1.1.202309131626/tools/bin/../lib/gcc/arm-none-eabi/11.3.1/../../../../arm-none-eabi/lib/thumb/v6-m/nofp/libc_nano.a(libc_a-memset.o)
                              /Applications/STM32CubeIDE.app/Contents/Eclipse/plugins/com.st.stm32cube.ide.mcu.externaltools.gnu-tools-for-stm32.11.3.rel1.macos64_1.1.1.202309131626/tools/bin/../lib/gcc/arm-none-eabi/11.3.1/../../../../arm-none-eabi/lib/thumb/v6-m/nofp/crt0.o (memset)
/Applications/STM32CubeIDE.app/Contents/Eclipse/plugins/com.st.stm32cube.ide.mcu.externaltools.gnu-tools-for-stm32.11.3.rel1.macos64_1.1.1.202309131626/tools/bin/../lib/gcc/arm-none-eabi/11.3.1/../../../../arm-none-eabi/lib/thumb/v6-m/nofp/libc_nano.a(libc_a-impure.o)
                              /Applications/STM32CubeIDE.app/Contents/Eclipse/plugins/com.st.stm32cube.ide.mcu.externaltools.gnu-tools-for-stm32.11.3.rel1.macos64_1.1.1.202309131626/tools/bin/../lib/gcc/arm-none-eabi/11.3.1/../../../../arm-none-eabi/lib/thumb/v6-m/nofp/libc_nano.a(libc_a-findfp.o) (_impure_data)
/Applications/STM32CubeIDE.app/Contents/Eclipse/plugins/com.st.stm32cube.ide.mcu.externaltools.gnu-tools-for-stm32.11.3.rel1.macos64_1.1.1.202309131626/tools/bin/../lib/gcc/arm-none-eabi/11.3.1/../../../../arm-none-eabi/lib/thumb/v6-m/nofp/libc_nano.a(libc_a-errno.o)
                              ./Core/Src/syscalls.o (__errno)
/Applications/STM32CubeIDE.app/Contents/Eclipse/plugins/com.st.stm32cube.ide.mcu.externaltools.gnu-tools-for-stm32.11.3.rel1.macos64_1.1.1.202309131626/tools/bin/../lib/gcc/arm-none-eabi/11.3.1/../../../../arm-none-eabi/lib/thumb/v6-m/nofp/libc_nano.a(libc_a-init.o)
                              /Applications/STM32CubeIDE.app/Contents/Eclipse/plugins/com.st.stm32cube.ide.mcu.externaltools.gnu-tools-for-stm32.11.3.rel1.macos64_1.1.1.202309131626/tools/bin/../lib/gcc/arm-none-eabi/11.3.1/../../../../arm-none-eabi/lib/thumb/v6-m/nofp/crt0.o (__libc_init_array)
/Applications/STM32CubeIDE.app/Contents/Eclipse/plugins/com.st.stm32cube.ide.mcu.externaltools.gnu-tools-for-stm32.11.3.rel1.macos64_1.1.1.202309131626/tools/bin/../lib/gcc/arm-none-eabi/11.3.1/../../../../arm-none-eabi/lib/thumb/v6-m/nofp/libc_nano.a(libc_a-lock.o)
                              /Applications/STM32CubeIDE.app/Contents/Eclipse/plugins/com.st.stm32cube.ide.mcu.externaltools.gnu-tools-for-stm32.11.3.rel1.macos64_1.1.1.202309131626/tools/bin/../lib/gcc/arm-none-eabi/11.3.1/../../../../arm-none-eabi/lib/thumb/v6-m/nofp/libc_nano.a(libc_a-findfp.o) (__retarget_lock_init_recursive)
/Applications/STM32CubeIDE.app/Contents/Eclipse/plugins/com.st.stm32cube.ide.mcu.externaltools.gnu-tools-for-stm32.11.3.rel1.macos64_1.1.1.202309131626/tools/bin/../lib/gcc/arm-none-eabi/11.3.1/../../../../arm-none-eabi/lib/thumb/v6-m/nofp/libc_nano.a(libc_a-strlen.o)
                              ./Core/Src/main.o (strlen)
[...]
Memory Configuration

Name             Origin             Length             Attributes
RAM              0x0000000020000000 0x0000000000008000 xrw
FLASH            0x0000000008000000 0x0000000000040000 xr
*default*        0x0000000000000000 0xffffffffffffffff

Linker script and memory map

LOAD /Applications/STM32CubeIDE.app/Contents/Eclipse/plugins/com.st.stm32cube.ide.mcu.externaltools.gnu-tools-for-stm32.11.3.rel1.macos64_1.1.1.202309131626/tools/bin/../lib/gcc/arm-none-eabi/11.3.1/thumb/v6-m/nofp/crti.o
LOAD /Applications/STM32CubeIDE.app/Contents/Eclipse/plugins/com.st.stm32cube.ide.mcu.externaltools.gnu-tools-for-stm32.11.3.rel1.macos64_1.1.1.202309131626/tools/bin/../lib/gcc/arm-none-eabi/11.3.1/thumb/v6-m/nofp/crtbegin.o
LOAD /Applications/STM32CubeIDE.app/Contents/Eclipse/plugins/com.st.stm32cube.ide.mcu.externaltools.gnu-tools-for-stm32.11.3.rel1.macos64_1.1.1.202309131626/tools/bin/../lib/gcc/arm-none-eabi/11.3.1/../../../../arm-none-eabi/lib/thumb/v6-m/nofp/crt0.o
LOAD ./Core/Src/lcd.o
LOAD ./Core/Src/main.o
LOAD ./Core/Src/stm32f0xx_hal_msp.o
LOAD ./Core/Src/stm32f0xx_it.o
LOAD ./Core/Src/syscalls.o
LOAD ./Core/Src/sysmem.o
LOAD ./Core/Src/system_stm32f0xx.o
LOAD ./Core/Startup/startup_stm32f091rctx.o
LOAD ./Drivers/STM32F0xx_HAL_Driver/Src/stm32f0xx_hal.o
LOAD ./Drivers/STM32F0xx_HAL_Driver/Src/stm32f0xx_hal_cortex.o
LOAD ./Drivers/STM32F0xx_HAL_Driver/Src/stm32f0xx_hal_dma.o
LOAD ./Drivers/STM32F0xx_HAL_Driver/Src/stm32f0xx_hal_exti.o
LOAD ./Drivers/STM32F0xx_HAL_Driver/Src/stm32f0xx_hal_flash.o
LOAD ./Drivers/STM32F0xx_HAL_Driver/Src/stm32f0xx_hal_flash_ex.o
LOAD ./Drivers/STM32F0xx_HAL_Driver/Src/stm32f0xx_hal_gpio.o
LOAD ./Drivers/STM32F0xx_HAL_Driver/Src/stm32f0xx_hal_i2c.o
LOAD ./Drivers/STM32F0xx_HAL_Driver/Src/stm32f0xx_hal_i2c_ex.o
LOAD ./Drivers/STM32F0xx_HAL_Driver/Src/stm32f0xx_hal_pwr.o
LOAD ./Drivers/STM32F0xx_HAL_Driver/Src/stm32f0xx_hal_pwr_ex.o
LOAD ./Drivers/STM32F0xx_HAL_Driver/Src/stm32f0xx_hal_rcc.o
LOAD ./Drivers/STM32F0xx_HAL_Driver/Src/stm32f0xx_hal_rcc_ex.o
LOAD ./Drivers/STM32F0xx_HAL_Driver/Src/stm32f0xx_hal_spi.o
LOAD ./Drivers/STM32F0xx_HAL_Driver/Src/stm32f0xx_hal_spi_ex.o
LOAD ./Drivers/STM32F0xx_HAL_Driver/Src/stm32f0xx_hal_uart.o
LOAD ./Drivers/STM32F0xx_HAL_Driver/Src/stm32f0xx_hal_uart_ex.o
START GROUP
LOAD /Applications/STM32CubeIDE.app/Contents/Eclipse/plugins/com.st.stm32cube.ide.mcu.externaltools.gnu-tools-for-stm32.11.3.rel1.macos64_1.1.1.202309131626/tools/bin/../lib/gcc/arm-none-eabi/11.3.1/../../../../arm-none-eabi/lib/thumb/v6-m/nofp/libc_nano.a
LOAD /Applications/STM32CubeIDE.app/Contents/Eclipse/plugins/com.st.stm32cube.ide.mcu.externaltools.gnu-tools-for-stm32.11.3.rel1.macos64_1.1.1.202309131626/tools/bin/../lib/gcc/arm-none-eabi/11.3.1/../../../../arm-none-eabi/lib/thumb/v6-m/nofp/libm.a
END GROUP
START GROUP
LOAD /Applications/STM32CubeIDE.app/Contents/Eclipse/plugins/com.st.stm32cube.ide.mcu.externaltools.gnu-tools-for-stm32.11.3.rel1.macos64_1.1.1.202309131626/tools/bin/../lib/gcc/arm-none-eabi/11.3.1/thumb/v6-m/nofp/libgcc.a
LOAD /Applications/STM32CubeIDE.app/Contents/Eclipse/plugins/com.st.stm32cube.ide.mcu.externaltools.gnu-tools-for-stm32.11.3.rel1.macos64_1.1.1.202309131626/tools/bin/../lib/gcc/arm-none-eabi/11.3.1/../../../../arm-none-eabi/lib/thumb/v6-m/nofp/libc_nano.a
END GROUP
START GROUP
LOAD /Applications/STM32CubeIDE.app/Contents/Eclipse/plugins/com.st.stm32cube.ide.mcu.externaltools.gnu-tools-for-stm32.11.3.rel1.macos64_1.1.1.202309131626/tools/bin/../lib/gcc/arm-none-eabi/11.3.1/thumb/v6-m/nofp/libgcc.a
LOAD /Applications/STM32CubeIDE.app/Contents/Eclipse/plugins/com.st.stm32cube.ide.mcu.externaltools.gnu-tools-for-stm32.11.3.rel1.macos64_1.1.1.202309131626/tools/bin/../lib/gcc/arm-none-eabi/11.3.1/../../../../arm-none-eabi/lib/thumb/v6-m/nofp/libc_nano.a
LOAD /Applications/STM32CubeIDE.app/Contents/Eclipse/plugins/com.st.stm32cube.ide.mcu.externaltools.gnu-tools-for-stm32.11.3.rel1.macos64_1.1.1.202309131626/tools/bin/../lib/gcc/arm-none-eabi/11.3.1/../../../../arm-none-eabi/lib/thumb/v6-m/nofp/libnosys.a
END GROUP
START GROUP
LOAD /Applications/STM32CubeIDE.app/Contents/Eclipse/plugins/com.st.stm32cube.ide.mcu.externaltools.gnu-tools-for-stm32.11.3.rel1.macos64_1.1.1.202309131626/tools/bin/../lib/gcc/arm-none-eabi/11.3.1/thumb/v6-m/nofp/libgcc.a
LOAD /Applications/STM32CubeIDE.app/Contents/Eclipse/plugins/com.st.stm32cube.ide.mcu.externaltools.gnu-tools-for-stm32.11.3.rel1.macos64_1.1.1.202309131626/tools/bin/../lib/gcc/arm-none-eabi/11.3.1/../../../../arm-none-eabi/lib/thumb/v6-m/nofp/libc_nano.a
LOAD /Applications/STM32CubeIDE.app/Contents/Eclipse/plugins/com.st.stm32cube.ide.mcu.externaltools.gnu-tools-for-stm32.11.3.rel1.macos64_1.1.1.202309131626/tools/bin/../lib/gcc/arm-none-eabi/11.3.1/../../../../arm-none-eabi/lib/thumb/v6-m/nofp/libnosys.a
END GROUP
LOAD /Applications/STM32CubeIDE.app/Contents/Eclipse/plugins/com.st.stm32cube.ide.mcu.externaltools.gnu-tools-for-stm32.11.3.rel1.macos64_1.1.1.202309131626/tools/bin/../lib/gcc/arm-none-eabi/11.3.1/thumb/v6-m/nofp/crtend.o
LOAD /Applications/STM32CubeIDE.app/Contents/Eclipse/plugins/com.st.stm32cube.ide.mcu.externaltools.gnu-tools-for-stm32.11.3.rel1.macos64_1.1.1.202309131626/tools/bin/../lib/gcc/arm-none-eabi/11.3.1/thumb/v6-m/nofp/crtn.o
                0x0000000020008000                _estack = (ORIGIN (RAM) + LENGTH (RAM))
                0x0000000000000200                _Min_Heap_Size = 0x200
                0x0000000000000400                _Min_Stack_Size = 0x400

.isr_vector     0x0000000008000000       0xbc
                0x0000000008000000                . = ALIGN (0x4)
 *(.isr_vector)
 .isr_vector    0x0000000008000000       0xbc ./Core/Startup/startup_stm32f091rctx.o
                0x0000000008000000                g_pfnVectors
                0x00000000080000bc                . = ALIGN (0x4)

.text           0x00000000080000bc     0x30c4
                0x00000000080000bc                . = ALIGN (0x4)
 *(.text)
 .text          0x00000000080000bc       0x48 /Applications/STM32CubeIDE.app/Contents/Eclipse/plugins/com.st.stm32cube.ide.mcu.externaltools.gnu-tools-for-stm32.11.3.rel1.macos64_1.1.1.202309131626/tools/bin/../lib/gcc/arm-none-eabi/11.3.1/thumb/v6-m/nofp/crtbegin.o
 .text          0x0000000008000104        0xe /Applications/STM32CubeIDE.app/Contents/Eclipse/plugins/com.st.stm32cube.ide.mcu.externaltools.gnu-tools-for-stm32.11.3.rel1.macos64_1.1.1.202309131626/tools/bin/../lib/gcc/arm-none-eabi/11.3.1/../../../../arm-none-eabi/lib/thumb/v6-m/nofp/libc_nano.a(libc_a-strlen.o)
                0x0000000008000104                strlen
 *fill*         0x0000000008000112        0x2 
 .text          0x0000000008000114      0x114 /Applications/STM32CubeIDE.app/Contents/Eclipse/plugins/com.st.stm32cube.ide.mcu.externaltools.gnu-tools-for-stm32.11.3.rel1.macos64_1.1.1.202309131626/tools/bin/../lib/gcc/arm-none-eabi/11.3.1/thumb/v6-m/nofp/libgcc.a(_udivsi3.o)
                0x0000000008000114                __udivsi3
                0x0000000008000114                __aeabi_uidiv
                0x0000000008000220                __aeabi_uidivmod
 .text          0x0000000008000228        0x4 /Applications/STM32CubeIDE.app/Contents/Eclipse/plugins/com.st.stm32cube.ide.mcu.externaltools.gnu-tools-for-stm32.11.3.rel1.macos64_1.1.1.202309131626/tools/bin/../lib/gcc/arm-none-eabi/11.3.1/thumb/v6-m/nofp/libgcc.a(_dvmd_tls.o)
                0x0000000008000228                __aeabi_ldiv0
                0x0000000008000228                __aeabi_idiv0
 *(.text*)
 .text.nano_wait
                0x000000000800022c       0x18 ./Core/Src/lcd.o
                0x000000000800022c                nano_wait
 .text.main     0x0000000008000244       0x3c ./Core/Src/main.o
                0x0000000008000244                main
 .text.SystemClock_Config
                0x0000000008000280       0xb8 ./Core/Src/main.o
                0x0000000008000280                SystemClock_Config
 .text.MX_SPI1_Init
                0x0000000008000338       0x7c ./Core/Src/main.o
 .text.MX_USART2_UART_Init
                0x00000000080003b4       0x60 ./Core/Src/main.o
 .text.MX_USART3_UART_Init
                0x0000000008000414       0x60 ./Core/Src/main.o
 .text.MX_GPIO_Init
                0x0000000008000474       0x90 ./Core/Src/main.o
 .text.DAC_Handler
                0x0000000008000504       0xf4 ./Core/Src/main.o
                0x0000000008000504                DAC_Handler
 .text.spi_write
                0x00000000080005f8       0x4c ./Core/Src/main.o
                0x00000000080005f8                spi_write
 .text.process_audio_data
                0x0000000008000644       0x80 ./Core/Src/main.o
                0x0000000008000644                process_audio_data
 .text.OLED_Handler
                0x00000000080006c4      0x3b8 ./Core/Src/main.o
                0x00000000080006c4                OLED_Handler
 .text.setup_bb
                0x0000000008000a7c       0x4c ./Core/Src/main.o
                0x0000000008000a7c                setup_bb
 .text.small_delay
                0x0000000008000ac8       0x18 ./Core/Src/main.o
                0x0000000008000ac8                small_delay
 .text.bb_write_bit
                0x0000000008000ae0       0x54 ./Core/Src/main.o
                0x0000000008000ae0                bb_write_bit
 .text.bb_write_byte
                0x0000000008000b34       0x3e ./Core/Src/main.o
                0x0000000008000b34                bb_write_byte
 *fill*         0x0000000008000b72        0x2 
 .text.bb_cmd   0x0000000008000b74       0x5c ./Core/Src/main.o
                0x0000000008000b74                bb_cmd
 .text.bb_data  0x0000000008000bd0       0x5c ./Core/Src/main.o
                0x0000000008000bd0                bb_data
 .text.bb_init_oled
                0x0000000008000c2c       0x44 ./Core/Src/main.o
                0x0000000008000c2c                bb_init_oled
 .text.bb_display1
                0x0000000008000c70       0x92 ./Core/Src/main.o
                0x0000000008000c70                bb_display1
 *fill*         0x0000000008000d02        0x2 
 .text.bb_clear_display
                0x0000000008000d04       0x24 ./Core/Src/main.o
                0x0000000008000d04                bb_clear_display
 .text.software_reset
                0x0000000008000d28        0xe ./Core/Src/main.o
                0x0000000008000d28                software_reset
 .text.Error_Handler
                0x0000000008000d36        0xa ./Core/Src/main.o
                0x0000000008000d36                Error_Handler
 .text.HAL_MspInit
                0x0000000008000d40       0x48 ./Core/Src/stm32f0xx_hal_msp.o
                0x0000000008000d40                HAL_MspInit
 .text.HAL_SPI_MspInit
                0x0000000008000d88       0x98 ./Core/Src/stm32f0xx_hal_msp.o
                0x0000000008000d88                HAL_SPI_MspInit
 .text.HAL_UART_MspInit
                0x0000000008000e20      0x110 ./Core/Src/stm32f0xx_hal_msp.o
                0x0000000008000e20                HAL_UART_MspInit
 .text.NMI_Handler
                0x0000000008000f30        0x6 ./Core/Src/stm32f0xx_it.o
                0x0000000008000f30                NMI_Handler
 .text.HardFault_Handler
                0x0000000008000f36        0x6 ./Core/Src/stm32f0xx_it.o
                0x0000000008000f36                HardFault_Handler
 .text.SVC_Handler
                0x0000000008000f3c        0xa ./Core/Src/stm32f0xx_it.o
                0x0000000008000f3c                SVC_Handler
 .text.PendSV_Handler
                0x0000000008000f46        0xa ./Core/Src/stm32f0xx_it.o
                0x0000000008000f46                PendSV_Handler
 .text.SysTick_Handler
                0x0000000008000f50        0xe ./Core/Src/stm32f0xx_it.o
                0x0000000008000f50                SysTick_Handler
 .text.SystemInit
                0x0000000008000f5e        0xa ./Core/Src/system_stm32f0xx.o
                0x0000000008000f5e                SystemInit
 .text.Reset_Handler
                0x0000000008000f68       0x50 ./Core/Startup/startup_stm32f091rctx.o
                0x0000000008000f68                Reset_Handler
 .text.Default_Handler
                0x0000000008000fb8        0x2 ./Core/Startup/startup_stm32f091rctx.o
                0x0000000008000fb8                TIM1_BRK_UP_TRG_COM_IRQHandler
                0x0000000008000fb8                TSC_IRQHandler
                0x0000000008000fb8                ADC1_COMP_IRQHandler
                0x0000000008000fb8                I2C1_IRQHandler
                0x0000000008000fb8                RCC_CRS_IRQHandler
                0x0000000008000fb8                SPI1_IRQHandler
                0x0000000008000fb8                TIM6_DAC_IRQHandler
                0x0000000008000fb8                DMA1_Ch1_IRQHandler
                0x0000000008000fb8                EXTI2_3_IRQHandler
                0x0000000008000fb8                I2C2_IRQHandler
                0x0000000008000fb8                TIM17_IRQHandler
                0x0000000008000fb8                CEC_CAN_IRQHandler
                0x0000000008000fb8                RTC_IRQHandler
                0x0000000008000fb8                PVD_VDDIO2_IRQHandler
                0x0000000008000fb8                TIM16_IRQHandler
                0x0000000008000fb8                TIM3_IRQHandler
                0x0000000008000fb8                EXTI4_15_IRQHandler
                0x0000000008000fb8                USART3_8_IRQHandler
                0x0000000008000fb8                Default_Handler
                0x0000000008000fb8                TIM14_IRQHandler
                0x0000000008000fb8                TIM7_IRQHandler
                0x0000000008000fb8                TIM15_IRQHandler
                0x0000000008000fb8                EXTI0_1_IRQHandler
                0x0000000008000fb8                SPI2_IRQHandler
                0x0000000008000fb8                DMA1_Ch2_3_DMA2_Ch1_2_IRQHandler
                0x0000000008000fb8                DMA1_Ch4_7_DMA2_Ch3_5_IRQHandler
                0x0000000008000fb8                WWDG_IRQHandler
                0x0000000008000fb8                TIM2_IRQHandler
                0x0000000008000fb8                USART2_IRQHandler
                0x0000000008000fb8                FLASH_IRQHandler
                0x0000000008000fb8                USART1_IRQHandler
                0x0000000008000fb8                TIM1_CC_IRQHandler
 *fill*         0x0000000008000fba        0x2 
 .text.HAL_Init
                0x0000000008000fbc       0x28 ./Drivers/STM32F0xx_HAL_Driver/Src/stm32f0xx_hal.o
                0x0000000008000fbc                HAL_Init
 .text.HAL_InitTick
                0x0000000008000fe4       0x68 ./Drivers/STM32F0xx_HAL_Driver/Src/stm32f0xx_hal.o
                0x0000000008000fe4                HAL_InitTick
 .text.HAL_IncTick
                0x000000000800104c       0x24 ./Drivers/STM32F0xx_HAL_Driver/Src/stm32f0xx_hal.o
                0x000000000800104c                HAL_IncTick
 .text.HAL_GetTick
                0x0000000008001070       0x14 ./Drivers/STM32F0xx_HAL_Driver/Src/stm32f0xx_hal.o
                0x0000000008001070                HAL_GetTick
 .text.__NVIC_SetPriority
                0x0000000008001084       0xdc ./Drivers/STM32F0xx_HAL_Driver/Src/stm32f0xx_hal_cortex.o
 .text.__NVIC_SystemReset
                0x0000000008001160       0x24 ./Drivers/STM32F0xx_HAL_Driver/Src/stm32f0xx_hal_cortex.o
 .text.SysTick_Config
                0x0000000008001184       0x48 ./Drivers/STM32F0xx_HAL_Driver/Src/stm32f0xx_hal_cortex.o
 .text.HAL_NVIC_SetPriority
                0x00000000080011cc       0x2a ./Drivers/STM32F0xx_HAL_Driver/Src/stm32f0xx_hal_cortex.o
                0x00000000080011cc                HAL_NVIC_SetPriority
 .text.HAL_NVIC_SystemReset
                0x00000000080011f6        0x8 ./Drivers/STM32F0xx_HAL_Driver/Src/stm32f0xx_hal_cortex.o
                0x00000000080011f6                HAL_NVIC_SystemReset
 .text.HAL_SYSTICK_Config
                0x00000000080011fe       0x1a ./Drivers/STM32F0xx_HAL_Driver/Src/stm32f0xx_hal_cortex.o
                0x00000000080011fe                HAL_SYSTICK_Config
 .text.HAL_GPIO_Init
                0x0000000008001218      0x2f0 ./Drivers/STM32F0xx_HAL_Driver/Src/stm32f0xx_hal_gpio.o
                0x0000000008001218                HAL_GPIO_Init
 .text.HAL_GPIO_WritePin
                0x0000000008001508       0x3a ./Drivers/STM32F0xx_HAL_Driver/Src/stm32f0xx_hal_gpio.o
                0x0000000008001508                HAL_GPIO_WritePin
 *fill*         0x0000000008001542        0x2 
 .text.HAL_RCC_OscConfig
                0x0000000008001544      0x70c ./Drivers/STM32F0xx_HAL_Driver/Src/stm32f0xx_hal_rcc.o
                0x0000000008001544                HAL_RCC_OscConfig
 .text.HAL_RCC_ClockConfig
                0x0000000008001c50      0x1b4 ./Drivers/STM32F0xx_HAL_Driver/Src/stm32f0xx_hal_rcc.o
                0x0000000008001c50                HAL_RCC_ClockConfig
 .text.HAL_RCC_GetSysClockFreq
                0x0000000008001e04       0xe4 ./Drivers/STM32F0xx_HAL_Driver/Src/stm32f0xx_hal_rcc.o
                0x0000000008001e04                HAL_RCC_GetSysClockFreq
 .text.HAL_RCC_GetHCLKFreq
                0x0000000008001ee8       0x14 ./Drivers/STM32F0xx_HAL_Driver/Src/stm32f0xx_hal_rcc.o
                0x0000000008001ee8                HAL_RCC_GetHCLKFreq
 .text.HAL_RCC_GetPCLK1Freq
                0x0000000008001efc       0x2c ./Drivers/STM32F0xx_HAL_Driver/Src/stm32f0xx_hal_rcc.o
                0x0000000008001efc                HAL_RCC_GetPCLK1Freq
 .text.HAL_RCCEx_PeriphCLKConfig
                0x0000000008001f28      0x200 ./Drivers/STM32F0xx_HAL_Driver/Src/stm32f0xx_hal_rcc_ex.o
                0x0000000008001f28                HAL_RCCEx_PeriphCLKConfig
 .text.HAL_SPI_Init
                0x0000000008002128      0x170 ./Drivers/STM32F0xx_HAL_Driver/Src/stm32f0xx_hal_spi.o
                0x0000000008002128                HAL_SPI_Init
 .text.HAL_SPI_Transmit
                0x0000000008002298      0x2be ./Drivers/STM32F0xx_HAL_Driver/Src/stm32f0xx_hal_spi.o
                0x0000000008002298                HAL_SPI_Transmit
 *fill*         0x0000000008002556        0x2 
 .text.SPI_WaitFlagStateUntilTimeout
                0x0000000008002558      0x11c ./Drivers/STM32F0xx_HAL_Driver/Src/stm32f0xx_hal_spi.o
 .text.SPI_WaitFifoStateUntilTimeout
                0x0000000008002674      0x144 ./Drivers/STM32F0xx_HAL_Driver/Src/stm32f0xx_hal_spi.o
 .text.SPI_EndRxTxTransaction
                0x00000000080027b8       0x8c ./Drivers/STM32F0xx_HAL_Driver/Src/stm32f0xx_hal_spi.o
 .text.HAL_UART_Init
                0x0000000008002844       0xa8 ./Drivers/STM32F0xx_HAL_Driver/Src/stm32f0xx_hal_uart.o
                0x0000000008002844                HAL_UART_Init
 .text.UART_SetConfig
                0x00000000080028ec      0x3d0 ./Drivers/STM32F0xx_HAL_Driver/Src/stm32f0xx_hal_uart.o
                0x00000000080028ec                UART_SetConfig
 .text.UART_AdvFeatureConfig
                0x0000000008002cbc      0x168 ./Drivers/STM32F0xx_HAL_Driver/Src/stm32f0xx_hal_uart.o
                0x0000000008002cbc                UART_AdvFeatureConfig
 .text.UART_CheckIdleState
                0x0000000008002e24      0x150 ./Drivers/STM32F0xx_HAL_Driver/Src/stm32f0xx_hal_uart.o
                0x0000000008002e24                UART_CheckIdleState
 .text.UART_WaitOnFlagUntilTimeout
                0x0000000008002f74       0xd2 ./Drivers/STM32F0xx_HAL_Driver/Src/stm32f0xx_hal_uart.o
                0x0000000008002f74                UART_WaitOnFlagUntilTimeout
 *fill*         0x0000000008003046        0x2 
 .text.UART_EndRxTransfer
                0x0000000008003048       0xc8 ./Drivers/STM32F0xx_HAL_Driver/Src/stm32f0xx_hal_uart.o
 .text.memset   0x0000000008003110       0x10 /Applications/STM32CubeIDE.app/Contents/Eclipse/plugins/com.st.stm32cube.ide.mcu.externaltools.gnu-tools-for-stm32.11.3.rel1.macos64_1.1.1.202309131626/tools/bin/../lib/gcc/arm-none-eabi/11.3.1/../../../../arm-none-eabi/lib/thumb/v6-m/nofp/libc_nano.a(libc_a-memset.o)
                0x0000000008003110                memset
 .text.__libc_init_array
                0x0000000008003120       0x48 /Applications/STM32CubeIDE.app/Contents/Eclipse/plugins/com.st.stm32cube.ide.mcu.externaltools.gnu-tools-for-stm32.11.3.rel1.macos64_1.1.1.202309131626/tools/bin/../lib/gcc/arm-none-eabi/11.3.1/../../../../arm-none-eabi/lib/thumb/v6-m/nofp/libc_nano.a(libc_a-init.o)
                0x0000000008003120                __libc_init_array
 *(.glue_7)
 .glue_7        0x0000000008003168        0x0 linker stubs
 *(.glue_7t)
 .glue_7t       0x0000000008003168        0x0 linker stubs
 *(.eh_frame)
 .eh_frame      0x0000000008003168        0x0 /Applications/STM32CubeIDE.app/Contents/Eclipse/plugins/com.st.stm32cube.ide.mcu.externaltools.gnu-tools-for-stm32.11.3.rel1.macos64_1.1.1.202309131626/tools/bin/../lib/gcc/arm-none-eabi/11.3.1/thumb/v6-m/nofp/crtbegin.o
 *(.init)
 .init          0x0000000008003168        0x4 /Applications/STM32CubeIDE.app/Contents/Eclipse/plugins/com.st.stm32cube.ide.mcu.externaltools.gnu-tools-for-stm32.11.3.rel1.macos64_1.1.1.202309131626/tools/bin/../lib/gcc/arm-none-eabi/11.3.1/thumb/v6-m/nofp/crti.o
                0x0000000008003168                _init
 .init          0x000000000800316c        0x8 /Applications/STM32CubeIDE.app/Contents/Eclipse/plugins/com.st.stm32cube.ide.mcu.externaltools.gnu-tools-for-stm32.11.3.rel1.macos64_1.1.1.202309131626/tools/bin/../lib/gcc/arm-none-eabi/11.3.1/thumb/v6-m/nofp/crtn.o
 *(.fini)
 .fini          0x0000000008003174        0x4 /Applications/STM32CubeIDE.app/Contents/Eclipse/plugins/com.st.stm32cube.ide.mcu.externaltools.gnu-tools-for-stm32.11.3.rel1.macos64_1.1.1.202309131626/tools/bin/../lib/gcc/arm-none-eabi/11.3.1/thumb/v6-m/nofp/crti.o
                0x0000000008003174                _fini
 .fini          0x0000000008003178        0x8 /Applications/STM32CubeIDE.app/Contents/Eclipse/plugins/com.st.stm32cube.ide.mcu.externaltools.gnu-tools-for-stm32.11.3.rel1.macos64_1.1.1.202309131626/tools/bin/../lib/gcc/arm-none-eabi/11.3.1/thumb/v6-m/nofp/crtn.o
                0x0000000008003180                . = ALIGN (0x4)
                0x0000000008003180                _etext = .

.vfp11_veneer   0x0000000008003180        0x0
 .vfp11_veneer  0x0000000008003180        0x0 linker stubs

.v4_bx          0x0000000008003180        0x0
 .v4_bx         0x0000000008003180        0x0 linker stubs

.iplt           0x0000000008003180        0x0
 .iplt          0x0000000008003180        0x0 /Applications/STM32CubeIDE.app/Contents/Eclipse/plugins/com.st.stm32cube.ide.mcu.externaltools.gnu-tools-for-stm32.11.3.rel1.macos64_1.1.1.202309131626/tools/bin/../lib/gcc/arm-none-eabi/11.3.1/thumb/v6-m/nofp/crtbegin.o

.rodata         0x0000000008003180      0x1e4
                0x0000000008003180                . = ALIGN (0x4)
 *(.rodata)
 .rodata        0x0000000008003180      0x1ab ./Core/Src/main.o
 *(.rodata*)
 *fill*         0x000000000800332b        0x1 
 .rodata.AHBPrescTable
                0x000000000800332c       0x10 ./Core/Src/system_stm32f0xx.o
                0x000000000800332c                AHBPrescTable
 .rodata.APBPrescTable
                0x000000000800333c        0x8 ./Core/Src/system_stm32f0xx.o
                0x000000000800333c                APBPrescTable
 .rodata.aPLLMULFactorTable.1
                0x0000000008003344       0x10 ./Drivers/STM32F0xx_HAL_Driver/Src/stm32f0xx_hal_rcc.o
 .rodata.aPredivFactorTable.0
                0x0000000008003354       0x10 ./Drivers/STM32F0xx_HAL_Driver/Src/stm32f0xx_hal_rcc.o
                0x0000000008003364                . = ALIGN (0x4)

.rel.dyn        0x0000000008003364        0x0
 .rel.iplt      0x0000000008003364        0x0 /Applications/STM32CubeIDE.app/Contents/Eclipse/plugins/com.st.stm32cube.ide.mcu.externaltools.gnu-tools-for-stm32.11.3.rel1.macos64_1.1.1.202309131626/tools/bin/../lib/gcc/arm-none-eabi/11.3.1/thumb/v6-m/nofp/crtbegin.o

.ARM.extab      0x0000000008003364        0x0
                0x0000000008003364                . = ALIGN (0x4)
 *(.ARM.extab* .gnu.linkonce.armextab.*)
                0x0000000008003364                . = ALIGN (0x4)

.ARM            0x0000000008003364        0x0
                0x0000000008003364                . = ALIGN (0x4)
                0x0000000008003364                __exidx_start = .
 *(.ARM.exidx*)
                0x0000000008003364                __exidx_end = .
                0x0000000008003364                . = ALIGN (0x4)

.preinit_array  0x0000000008003364        0x0
                0x0000000008003364                . = ALIGN (0x4)
                0x0000000008003364                PROVIDE (__preinit_array_start = .)
 *(.preinit_array*)
                0x0000000008003364                PROVIDE (__preinit_array_end = .)
                0x0000000008003364                . = ALIGN (0x4)

.init_array     0x0000000008003364        0x4
                0x0000000008003364                . = ALIGN (0x4)
                0x0000000008003364                PROVIDE (__init_array_start = .)
 *(SORT_BY_NAME(.init_array.*))
 *(.init_array*)
 .init_array    0x0000000008003364        0x4 /Applications/STM32CubeIDE.app/Contents/Eclipse/plugins/com.st.stm32cube.ide.mcu.externaltools.gnu-tools-for-stm32.11.3.rel1.macos64_1.1.1.202309131626/tools/bin/../lib/gcc/arm-none-eabi/11.3.1/thumb/v6-m/nofp/crtbegin.o
                0x0000000008003368                PROVIDE (__init_array_end = .)
                0x0000000008003368                . = ALIGN (0x4)

.fini_array     0x0000000008003368        0x4
                0x0000000008003368                . = ALIGN (0x4)
                [!provide]                        PROVIDE (__fini_array_start = .)
 *(SORT_BY_NAME(.fini_array.*))
 *(.fini_array*)
 .fini_array    0x0000000008003368        0x4 /Applications/STM32CubeIDE.app/Contents/Eclipse/plugins/com.st.stm32cube.ide.mcu.externaltools.gnu-tools-for-stm32.11.3.rel1.macos64_1.1.1.202309131626/tools/bin/../lib/gcc/arm-none-eabi/11.3.1/thumb/v6-m/nofp/crtbegin.o
                [!provide]                        PROVIDE (__fini_array_end = .)
                0x000000000800336c                . = ALIGN (0x4)
                0x000000000800336c                _sidata = LOADADDR (.data)

.data           0x0000000020000000       0x14 load address 0x000000000800336c
                0x0000000020000000                . = ALIGN (0x4)
                0x0000000020000000                _sdata = .
 *(.data)
 *(.data*)
 .data.wait     0x0000000020000000        0x4 ./Core/Src/main.o
                0x0000000020000000                wait
 .data.reset_code
                0x0000000020000004        0x1 ./Core/Src/main.o
 *fill*         0x0000000020000005        0x3 
 .data.SystemCoreClock
                0x0000000020000008        0x4 ./Core/Src/system_stm32f0xx.o
                0x0000000020000008                SystemCoreClock
 .data.uwTickPrio
                0x000000002000000c        0x4 ./Drivers/STM32F0xx_HAL_Driver/Src/stm32f0xx_hal.o
                0x000000002000000c                uwTickPrio
 .data.uwTickFreq
                0x0000000020000010        0x1 ./Drivers/STM32F0xx_HAL_Driver/Src/stm32f0xx_hal.o
                0x0000000020000010                uwTickFreq
 *(.RamFunc)
 *(.RamFunc*)
                0x0000000020000014                . = ALIGN (0x4)
 *fill*         0x0000000020000011        0x3 
                0x0000000020000014                _edata = .

.igot.plt       0x0000000020000014        0x0 load address 0x0000000008003380
 .igot.plt      0x0000000020000014        0x0 /Applications/STM32CubeIDE.app/Contents/Eclipse/plugins/com.st.stm32cube.ide.mcu.externaltools.gnu-tools-for-stm32.11.3.rel1.macos64_1.1.1.202309131626/tools/bin/../lib/gcc/arm-none-eabi/11.3.1/thumb/v6-m/nofp/crtbegin.o
                0x0000000020000014                . = ALIGN (0x4)

.bss            0x0000000020000014     0x76cc load address 0x0000000008003380
                0x0000000020000014                _sbss = .
                0x0000000020000014                __bss_start__ = _sbss
 *(.bss)
 .bss           0x0000000020000014       0x1c /Applications/STM32CubeIDE.app/Contents/Eclipse/plugins/com.st.stm32cube.ide.mcu.externaltools.gnu-tools-for-stm32.11.3.rel1.macos64_1.1.1.202309131626/tools/bin/../lib/gcc/arm-none-eabi/11.3.1/thumb/v6-m/nofp/crtbegin.o
 *(.bss*)
 .bss.hspi1     0x0000000020000030       0x64 ./Core/Src/main.o
                0x0000000020000030                hspi1
 .bss.huart2    0x0000000020000094       0x88 ./Core/Src/main.o
                0x0000000020000094                huart2
 .bss.huart3    0x000000002000011c       0x88 ./Core/Src/main.o
                0x000000002000011c                huart3
 .bss.audio_buffer
                0x00000000200001a4     0x7530 ./Core/Src/main.o
                0x00000000200001a4                audio_buffer
 .bss.audio_buffer_index
                0x00000000200076d4        0x2 ./Core/Src/main.o
                0x00000000200076d4                audio_buffer_index
 .bss.audio_byte_iter
                0x00000000200076d6        0x1 ./Core/Src/main.o
                0x00000000200076d6                audio_byte_iter
 *fill*         0x00000000200076d7        0x1 
 .bss.audio_sample
                0x00000000200076d8        0x2 ./Core/Src/main.o
                0x00000000200076d8                audio_sample
 .bss.rx_letter
                0x00000000200076da        0x1 ./Core/Src/main.o
                0x00000000200076da                rx_letter
 *fill*         0x00000000200076db        0x1 
 .bss.uwTick    0x00000000200076dc        0x4 ./Drivers/STM32F0xx_HAL_Driver/Src/stm32f0xx_hal.o
                0x00000000200076dc                uwTick
 *(COMMON)
                0x00000000200076e0                . = ALIGN (0x4)
                0x00000000200076e0                _ebss = .
                0x00000000200076e0                __bss_end__ = _ebss

._user_heap_stack
                0x00000000200076e0      0x600 load address 0x0000000008003380
                0x00000000200076e0                . = ALIGN (0x8)
                [!provide]                        PROVIDE (end = .)
                0x00000000200076e0                PROVIDE (_end = .)
                0x00000000200078e0                . = (. + _Min_Heap_Size)
 *fill*         0x00000000200076e0      0x200 
                0x0000000020007ce0                . = (. + _Min_Stack_Size)
 *fill*         0x00000000200078e0      0x400 
                0x0000000020007ce0                . = ALIGN (0x8)

/DISCARD/
 libc.a(*)
 libm.a(*)
 libgcc.a(*)

.ARM.attributes
                0x0000000000000000       0x28
 *(.ARM.attributes)
 .ARM.attributes
                0x0000000000000000       0x1e /Applications/STM32CubeIDE.app/Contents/Eclipse/plugins/com.st.stm32cube.ide.mcu.externaltools.gnu-tools-for-stm32.11.3.rel1.macos64_1.1.1.202309131626/tools/bin/../lib/gcc/arm-none-eabi/11.3.1/thumb/v6-m/nofp/crti.o
 .ARM.attributes
                0x000000000000001e       0x2c /Applications/STM32CubeIDE.app/Contents/Eclipse/plugins/com.st.stm32cube.ide.mcu.externaltools.gnu-tools-for-stm32.11.3.rel1.macos64_1.1.1.202309131626/tools/bin/../lib/gcc/arm-none-eabi/11.3.1/thumb/v6-m/nofp/crtbegin.o
 .ARM.attributes
                0x000000000000004a       0x2c ./Core/Src/lcd.o
 .ARM.attributes
                0x0000000000000076       0x2c ./Core/Src/main.o
 .ARM.attributes
                0x00000000000000a2       0x2c ./Core/Src/stm32f0xx_hal_msp.o
 .ARM.attributes
                0x00000000000000ce       0x2c ./Core/Src/stm32f0xx_it.o
 .ARM.attributes
                0x00000000000000fa       0x2c ./Core/Src/system_stm32f0xx.o
 .ARM.attributes
                0x0000000000000126       0x21 ./Core/Startup/startup_stm32f091rctx.o
 .ARM.attributes
                0x0000000000000147       0x2c ./Drivers/STM32F0xx_HAL_Driver/Src/stm32f0xx_hal.o
 .ARM.attributes
                0x0000000000000173       0x2c ./Drivers/STM32F0xx_HAL_Driver/Src/stm32f0xx_hal_cortex.o
 .ARM.attributes
                0x000000000000019f       0x2c ./Drivers/STM32F0xx_HAL_Driver/Src/stm32f0xx_hal_gpio.o
 .ARM.attributes
                0x00000000000001cb       0x2c ./Drivers/STM32F0xx_HAL_Driver/Src/stm32f0xx_hal_rcc.o
 .ARM.attributes
                0x00000000000001f7       0x2c ./Drivers/STM32F0xx_HAL_Driver/Src/stm32f0xx_hal_rcc_ex.o
 .ARM.attributes
                0x0000000000000223       0x2c ./Drivers/STM32F0xx_HAL_Driver/Src/stm32f0xx_hal_spi.o
 .ARM.attributes
                0x000000000000024f       0x2c ./Drivers/STM32F0xx_HAL_Driver/Src/stm32f0xx_hal_uart.o
 .ARM.attributes
                0x000000000000027b       0x2c /Applications/STM32CubeIDE.app/Contents/Eclipse/plugins/com.st.stm32cube.ide.mcu.externaltools.gnu-tools-for-stm32.11.3.rel1.macos64_1.1.1.202309131626/tools/bin/../lib/gcc/arm-none-eabi/11.3.1/../../../../arm-none-eabi/lib/thumb/v6-m/nofp/libc_nano.a(libc_a-memset.o)
 .ARM.attributes
                0x00000000000002a7       0x2c /Applications/STM32CubeIDE.app/Contents/Eclipse/plugins/com.st.stm32cube.ide.mcu.externaltools.gnu-tools-for-stm32.11.3.rel1.macos64_1.1.1.202309131626/tools/bin/../lib/gcc/arm-none-eabi/11.3.1/../../../../arm-none-eabi/lib/thumb/v6-m/nofp/libc_nano.a(libc_a-init.o)
 .ARM.attributes
                0x00000000000002d3       0x1c /Applications/STM32CubeIDE.app/Contents/Eclipse/plugins/com.st.stm32cube.ide.mcu.externaltools.gnu-tools-for-stm32.11.3.rel1.macos64_1.1.1.202309131626/tools/bin/../lib/gcc/arm-none-eabi/11.3.1/../../../../arm-none-eabi/lib/thumb/v6-m/nofp/libc_nano.a(libc_a-strlen.o)
 .ARM.attributes
                0x00000000000002ef       0x1e /Applications/STM32CubeIDE.app/Contents/Eclipse/plugins/com.st.stm32cube.ide.mcu.externaltools.gnu-tools-for-stm32.11.3.rel1.macos64_1.1.1.202309131626/tools/bin/../lib/gcc/arm-none-eabi/11.3.1/thumb/v6-m/nofp/libgcc.a(_udivsi3.o)
 .ARM.attributes
                0x000000000000030d       0x1e /Applications/STM32CubeIDE.app/Contents/Eclipse/plugins/com.st.stm32cube.ide.mcu.externaltools.gnu-tools-for-stm32.11.3.rel1.macos64_1.1.1.202309131626/tools/bin/../lib/gcc/arm-none-eabi/11.3.1/thumb/v6-m/nofp/libgcc.a(_dvmd_tls.o)
 .ARM.attributes
                0x000000000000032b       0x1e /Applications/STM32CubeIDE.app/Contents/Eclipse/plugins/com.st.stm32cube.ide.mcu.externaltools.gnu-tools-for-stm32.11.3.rel1.macos64_1.1.1.202309131626/tools/bin/../lib/gcc/arm-none-eabi/11.3.1/thumb/v6-m/nofp/crtn.o
OUTPUT(Final_Sign2Sound.elf elf32-littlearm)
LOAD linker stubs
LOAD /Applications/STM32CubeIDE.app/Contents/Eclipse/plugins/com.st.stm32cube.ide.mcu.externaltools.gnu-tools-for-stm32.11.3.rel1.macos64_1.1.1.202309131626/tools/bin/../lib/gcc/arm-none-eabi/11.3.1/../../../../arm-none-eabi/lib/thumb/v6-m/nofp/libc.a
LOAD /Applications/STM32CubeIDE.app/Contents/Eclipse/plugins/com.st.stm32cube.ide.mcu.externaltools.gnu-tools-for-stm32.11.3.rel1.macos64_1.1.1.202309131626/tools/bin/../lib/gcc/arm-none-eabi/11.3.1/../../../../arm-none-eabi/lib/thumb/v6-m/nofp/libm.a
LOAD /Applications/STM32CubeIDE.app/Contents/Eclipse/plugins/com.st.stm32cube.ide.mcu.externaltools.gnu-tools-for-stm32.11.3.rel1.macos64_1.1.1.202309131626/tools/bin/../lib/gcc/arm-none-eabi/11.3.1/thumb/v6-m/nofp/libgcc.a

.comment        0x0000000000000000       0x43
 .comment       0x0000000000000000       0x43 /Applications/STM32CubeIDE.app/Contents/Eclipse/plugins/com.st.stm32cube.ide.mcu.externaltools.gnu-tools-for-stm32.11.3.rel1.macos64_1.1.1.202309131626/tools/bin/../lib/gcc/arm-none-eabi/11.3.1/thumb/v6-m/nofp/crtbegin.o
                                         0x44 (size before relaxing)
 .comment       0x0000000000000043       0x44 ./Core/Src/lcd.o
 .comment       0x0000000000000043       0x44 ./Core/Src/main.o
 .comment       0x0000000000000043       0x44 ./Core/Src/stm32f0xx_hal_msp.o
 .comment       0x0000000000000043       0x44 ./Core/Src/stm32f0xx_it.o
 .comment       0x0000000000000043       0x44 ./Core/Src/system_stm32f0xx.o
 .comment       0x0000000000000043       0x44 ./Drivers/STM32F0xx_HAL_Driver/Src/stm32f0xx_hal.o
 .comment       0x0000000000000043       0x44 ./Drivers/STM32F0xx_HAL_Driver/Src/stm32f0xx_hal_cortex.o
 .comment       0x0000000000000043       0x44 ./Drivers/STM32F0xx_HAL_Driver/Src/stm32f0xx_hal_gpio.o
 .comment       0x0000000000000043       0x44 ./Drivers/STM32F0xx_HAL_Driver/Src/stm32f0xx_hal_rcc.o
 .comment       0x0000000000000043       0x44 ./Drivers/STM32F0xx_HAL_Driver/Src/stm32f0xx_hal_rcc_ex.o
 .comment       0x0000000000000043       0x44 ./Drivers/STM32F0xx_HAL_Driver/Src/stm32f0xx_hal_spi.o
 .comment       0x0000000000000043       0x44 ./Drivers/STM32F0xx_HAL_Driver/Src/stm32f0xx_hal_uart.o

.debug_info     0x0000000000000000     0xa295
 .debug_info    0x0000000000000000      0xdf4 ./Core/Src/lcd.o
 .debug_info    0x0000000000000df4     0x124e ./Core/Src/main.o
 .debug_info    0x0000000000002042      0xc7a ./Core/Src/stm32f0xx_hal_msp.o
 .debug_info    0x0000000000002cbc       0xda ./Core/Src/stm32f0xx_it.o
 .debug_info    0x0000000000002d96      0x242 ./Core/Src/system_stm32f0xx.o
 .debug_info    0x0000000000002fd8       0x23 ./Core/Startup/startup_stm32f091rctx.o
 .debug_info    0x0000000000002ffb      0x6c3 ./Drivers/STM32F0xx_HAL_Driver/Src/stm32f0xx_hal.o
 .debug_info    0x00000000000036be      0x6bf ./Drivers/STM32F0xx_HAL_Driver/Src/stm32f0xx_hal_cortex.o
 .debug_info    0x0000000000003d7d      0x5e6 ./Drivers/STM32F0xx_HAL_Driver/Src/stm32f0xx_hal_gpio.o
 .debug_info    0x0000000000004363      0x83f ./Drivers/STM32F0xx_HAL_Driver/Src/stm32f0xx_hal_rcc.o
 .debug_info    0x0000000000004ba2      0x5e7 ./Drivers/STM32F0xx_HAL_Driver/Src/stm32f0xx_hal_rcc_ex.o
 .debug_info    0x0000000000005189     0x1640 ./Drivers/STM32F0xx_HAL_Driver/Src/stm32f0xx_hal_spi.o
 .debug_info    0x00000000000067c9     0x3acc ./Drivers/STM32F0xx_HAL_Driver/Src/stm32f0xx_hal_uart.o

.debug_abbrev   0x0000000000000000     0x1968
 .debug_abbrev  0x0000000000000000      0x2bd ./Core/Src/lcd.o
 .debug_abbrev  0x00000000000002bd      0x359 ./Core/Src/main.o
 .debug_abbrev  0x0000000000000616      0x1ab ./Core/Src/stm32f0xx_hal_msp.o
 .debug_abbrev  0x00000000000007c1       0x73 ./Core/Src/stm32f0xx_it.o
 .debug_abbrev  0x0000000000000834      0x11c ./Core/Src/system_stm32f0xx.o
 .debug_abbrev  0x0000000000000950       0x12 ./Core/Startup/startup_stm32f091rctx.o
 .debug_abbrev  0x0000000000000962      0x213 ./Drivers/STM32F0xx_HAL_Driver/Src/stm32f0xx_hal.o
 .debug_abbrev  0x0000000000000b75      0x28c ./Drivers/STM32F0xx_HAL_Driver/Src/stm32f0xx_hal_cortex.o
 .debug_abbrev  0x0000000000000e01      0x1da ./Drivers/STM32F0xx_HAL_Driver/Src/stm32f0xx_hal_gpio.o
 .debug_abbrev  0x0000000000000fdb      0x28c ./Drivers/STM32F0xx_HAL_Driver/Src/stm32f0xx_hal_rcc.o
 .debug_abbrev  0x0000000000001267      0x1a7 ./Drivers/STM32F0xx_HAL_Driver/Src/stm32f0xx_hal_rcc_ex.o
 .debug_abbrev  0x000000000000140e      0x27b ./Drivers/STM32F0xx_HAL_Driver/Src/stm32f0xx_hal_spi.o
 .debug_abbrev  0x0000000000001689      0x2df ./Drivers/STM32F0xx_HAL_Driver/Src/stm32f0xx_hal_uart.o

.debug_aranges  0x0000000000000000      0x988
 .debug_aranges
                0x0000000000000000      0x118 ./Core/Src/lcd.o
 .debug_aranges
                0x0000000000000118       0xc0 ./Core/Src/main.o
 .debug_aranges
                0x00000000000001d8       0x40 ./Core/Src/stm32f0xx_hal_msp.o
 .debug_aranges
                0x0000000000000218       0x40 ./Core/Src/stm32f0xx_it.o
 .debug_aranges
                0x0000000000000258       0x28 ./Core/Src/system_stm32f0xx.o
 .debug_aranges
                0x0000000000000280       0x28 ./Core/Startup/startup_stm32f091rctx.o
 .debug_aranges
                0x00000000000002a8       0xd0 ./Drivers/STM32F0xx_HAL_Driver/Src/stm32f0xx_hal.o
 .debug_aranges
                0x0000000000000378       0xc0 ./Drivers/STM32F0xx_HAL_Driver/Src/stm32f0xx_hal_cortex.o
 .debug_aranges
                0x0000000000000438       0x58 ./Drivers/STM32F0xx_HAL_Driver/Src/stm32f0xx_hal_gpio.o
 .debug_aranges
                0x0000000000000490       0x80 ./Drivers/STM32F0xx_HAL_Driver/Src/stm32f0xx_hal_rcc.o
 .debug_aranges
                0x0000000000000510       0x78 ./Drivers/STM32F0xx_HAL_Driver/Src/stm32f0xx_hal_rcc_ex.o
 .debug_aranges
                0x0000000000000588      0x1d8 ./Drivers/STM32F0xx_HAL_Driver/Src/stm32f0xx_hal_spi.o
 .debug_aranges
                0x0000000000000760      0x228 ./Drivers/STM32F0xx_HAL_Driver/Src/stm32f0xx_hal_uart.o

.debug_rnglists
                0x0000000000000000      0x76a
 .debug_rnglists
                0x0000000000000000       0xdb ./Core/Src/lcd.o
 .debug_rnglists
                0x00000000000000db       0x91 ./Core/Src/main.o
 .debug_rnglists
                0x000000000000016c       0x2d ./Core/Src/stm32f0xx_hal_msp.o
 .debug_rnglists
                0x0000000000000199       0x2b ./Core/Src/stm32f0xx_it.o
 .debug_rnglists
                0x00000000000001c4       0x1a ./Core/Src/system_stm32f0xx.o
 .debug_rnglists
                0x00000000000001de       0x19 ./Core/Startup/startup_stm32f091rctx.o
 .debug_rnglists
                0x00000000000001f7       0x97 ./Drivers/STM32F0xx_HAL_Driver/Src/stm32f0xx_hal.o
 .debug_rnglists
                0x000000000000028e       0x8c ./Drivers/STM32F0xx_HAL_Driver/Src/stm32f0xx_hal_cortex.o
 .debug_rnglists
                0x000000000000031a       0x3f ./Drivers/STM32F0xx_HAL_Driver/Src/stm32f0xx_hal_gpio.o
 .debug_rnglists
                0x0000000000000359       0x61 ./Drivers/STM32F0xx_HAL_Driver/Src/stm32f0xx_hal_rcc.o
 .debug_rnglists
                0x00000000000003ba       0x5b ./Drivers/STM32F0xx_HAL_Driver/Src/stm32f0xx_hal_rcc_ex.o
 .debug_rnglists
                0x0000000000000415      0x17a ./Drivers/STM32F0xx_HAL_Driver/Src/stm32f0xx_hal_spi.o
 .debug_rnglists
                0x000000000000058f      0x1db ./Drivers/STM32F0xx_HAL_Driver/Src/stm32f0xx_hal_uart.o

.debug_macro    0x0000000000000000    0x1adb2
 .debug_macro   0x0000000000000000      0x2a4 ./Core/Src/lcd.o
 .debug_macro   0x00000000000002a4      0xa7e ./Core/Src/lcd.o
 .debug_macro   0x0000000000000d22       0x2e ./Core/Src/lcd.o
 .debug_macro   0x0000000000000d50       0x22 ./Core/Src/lcd.o
 .debug_macro   0x0000000000000d72       0x22 ./Core/Src/lcd.o
 .debug_macro   0x0000000000000d94       0x8e ./Core/Src/lcd.o
 .debug_macro   0x0000000000000e22       0x51 ./Core/Src/lcd.o
 .debug_macro   0x0000000000000e73      0x103 ./Core/Src/lcd.o
 .debug_macro   0x0000000000000f76       0x6a ./Core/Src/lcd.o
 .debug_macro   0x0000000000000fe0      0x1df ./Core/Src/lcd.o
 .debug_macro   0x00000000000011bf       0x1c ./Core/Src/lcd.o
 .debug_macro   0x00000000000011db       0x22 ./Core/Src/lcd.o
 .debug_macro   0x00000000000011fd       0xaf ./Core/Src/lcd.o
 .debug_macro   0x00000000000012ac      0x391 ./Core/Src/lcd.o
 .debug_macro   0x000000000000163d    0x10e6b ./Core/Src/lcd.o
 .debug_macro   0x00000000000124a8       0x66 ./Core/Src/lcd.o
 .debug_macro   0x000000000001250e      0x133 ./Core/Src/lcd.o
 .debug_macro   0x0000000000012641     0x34be ./Core/Src/lcd.o
 .debug_macro   0x0000000000015aff      0x174 ./Core/Src/lcd.o
 .debug_macro   0x0000000000015c73       0x55 ./Core/Src/lcd.o
 .debug_macro   0x0000000000015cc8      0x946 ./Core/Src/lcd.o
 .debug_macro   0x000000000001660e      0x69b ./Core/Src/lcd.o
 .debug_macro   0x0000000000016ca9      0x1ae ./Core/Src/lcd.o
 .debug_macro   0x0000000000016e57      0x202 ./Core/Src/lcd.o
 .debug_macro   0x0000000000017059      0x1a7 ./Core/Src/lcd.o
 .debug_macro   0x0000000000017200      0x1bc ./Core/Src/lcd.o
 .debug_macro   0x00000000000173bc      0x4cf ./Core/Src/lcd.o
 .debug_macro   0x000000000001788b       0x3c ./Core/Src/lcd.o
 .debug_macro   0x00000000000178c7       0x28 ./Core/Src/lcd.o
 .debug_macro   0x00000000000178ef       0xb0 ./Core/Src/lcd.o
 .debug_macro   0x000000000001799f      0x23f ./Core/Src/lcd.o
 .debug_macro   0x0000000000017bde      0x22c ./Core/Src/lcd.o
 .debug_macro   0x0000000000017e0a       0x61 ./Core/Src/lcd.o
 .debug_macro   0x0000000000017e6b       0xa5 ./Core/Src/lcd.o
 .debug_macro   0x0000000000017f10       0x4c ./Core/Src/lcd.o
 .debug_macro   0x0000000000017f5c      0x16d ./Core/Src/lcd.o
 .debug_macro   0x00000000000180c9      0x2fe ./Core/Src/lcd.o
 .debug_macro   0x00000000000183c7      0x5ba ./Core/Src/lcd.o
 .debug_macro   0x0000000000018981       0x44 ./Core/Src/lcd.o
 .debug_macro   0x00000000000189c5      0x435 ./Core/Src/lcd.o
 .debug_macro   0x0000000000018dfa       0x24 ./Core/Src/lcd.o
 .debug_macro   0x0000000000018e1e       0x61 ./Core/Src/lcd.o
 .debug_macro   0x0000000000018e7f       0x43 ./Core/Src/lcd.o
 .debug_macro   0x0000000000018ec2       0x34 ./Core/Src/lcd.o
 .debug_macro   0x0000000000018ef6       0x16 ./Core/Src/lcd.o
 .debug_macro   0x0000000000018f0c       0x35 ./Core/Src/lcd.o
 .debug_macro   0x0000000000018f41       0x16 ./Core/Src/lcd.o
 .debug_macro   0x0000000000018f57       0x43 ./Core/Src/lcd.o
 .debug_macro   0x0000000000018f9a       0x34 ./Core/Src/lcd.o
 .debug_macro   0x0000000000018fce       0x10 ./Core/Src/lcd.o
 .debug_macro   0x0000000000018fde       0x58 ./Core/Src/lcd.o
 .debug_macro   0x0000000000019036       0x8e ./Core/Src/lcd.o
 .debug_macro   0x00000000000190c4       0x1c ./Core/Src/lcd.o
 .debug_macro   0x00000000000190e0      0x177 ./Core/Src/lcd.o
 .debug_macro   0x0000000000019257      0x369 ./Core/Src/lcd.o
 .debug_macro   0x00000000000195c0       0x16 ./Core/Src/lcd.o
 .debug_macro   0x00000000000195d6       0x29 ./Core/Src/lcd.o
 .debug_macro   0x00000000000195ff       0x9a ./Core/Src/lcd.o
 .debug_macro   0x0000000000019699      0x2e3 ./Core/Src/main.o
 .debug_macro   0x000000000001997c       0x10 ./Core/Src/main.o
 .debug_macro   0x000000000001998c       0x16 ./Core/Src/main.o
 .debug_macro   0x00000000000199a2       0x20 ./Core/Src/main.o
 .debug_macro   0x00000000000199c2      0x2ad ./Core/Src/stm32f0xx_hal_msp.o
 .debug_macro   0x0000000000019c6f      0x2b7 ./Core/Src/stm32f0xx_it.o
 .debug_macro   0x0000000000019f26      0x1c3 ./Core/Src/system_stm32f0xx.o
 .debug_macro   0x000000000001a0e9      0x1e7 ./Drivers/STM32F0xx_HAL_Driver/Src/stm32f0xx_hal.o
 .debug_macro   0x000000000001a2d0      0x1c3 ./Drivers/STM32F0xx_HAL_Driver/Src/stm32f0xx_hal_cortex.o
 .debug_macro   0x000000000001a493      0x1ca ./Drivers/STM32F0xx_HAL_Driver/Src/stm32f0xx_hal_gpio.o
 .debug_macro   0x000000000001a65d      0x1d5 ./Drivers/STM32F0xx_HAL_Driver/Src/stm32f0xx_hal_rcc.o
 .debug_macro   0x000000000001a832      0x1d5 ./Drivers/STM32F0xx_HAL_Driver/Src/stm32f0xx_hal_rcc_ex.o
 .debug_macro   0x000000000001aa07      0x1cb ./Drivers/STM32F0xx_HAL_Driver/Src/stm32f0xx_hal_spi.o
 .debug_macro   0x000000000001abd2      0x1e0 ./Drivers/STM32F0xx_HAL_Driver/Src/stm32f0xx_hal_uart.o

.debug_line     0x0000000000000000     0xbdfa
 .debug_line    0x0000000000000000     0x1191 ./Core/Src/lcd.o
 .debug_line    0x0000000000001191      0xf17 ./Core/Src/main.o
 .debug_line    0x00000000000020a8      0x924 ./Core/Src/stm32f0xx_hal_msp.o
 .debug_line    0x00000000000029cc      0x8bc ./Core/Src/stm32f0xx_it.o
 .debug_line    0x0000000000003288      0x77f ./Core/Src/system_stm32f0xx.o
 .debug_line    0x0000000000003a07       0x7b ./Core/Startup/startup_stm32f091rctx.o
 .debug_line    0x0000000000003a82      0x972 ./Drivers/STM32F0xx_HAL_Driver/Src/stm32f0xx_hal.o
 .debug_line    0x00000000000043f4      0xa1e ./Drivers/STM32F0xx_HAL_Driver/Src/stm32f0xx_hal_cortex.o
 .debug_line    0x0000000000004e12      0xb02 ./Drivers/STM32F0xx_HAL_Driver/Src/stm32f0xx_hal_gpio.o
 .debug_line    0x0000000000005914      0xdfa ./Drivers/STM32F0xx_HAL_Driver/Src/stm32f0xx_hal_rcc.o
 .debug_line    0x000000000000670e      0xbda ./Drivers/STM32F0xx_HAL_Driver/Src/stm32f0xx_hal_rcc_ex.o
 .debug_line    0x00000000000072e8     0x1e7c ./Drivers/STM32F0xx_HAL_Driver/Src/stm32f0xx_hal_spi.o
 .debug_line    0x0000000000009164     0x2c96 ./Drivers/STM32F0xx_HAL_Driver/Src/stm32f0xx_hal_uart.o

.debug_str      0x0000000000000000    0xa1fe2
 .debug_str     0x0000000000000000    0x9f88b ./Core/Src/lcd.o
                                      0x9fb80 (size before relaxing)
 .debug_str     0x000000000009f88b      0xb15 ./Core/Src/main.o
                                      0xa041c (size before relaxing)
 .debug_str     0x00000000000a03a0       0x8d ./Core/Src/stm32f0xx_hal_msp.o
                                      0x9ff57 (size before relaxing)
 .debug_str     0x00000000000a042d       0x82 ./Core/Src/stm32f0xx_it.o
                                      0x9f885 (size before relaxing)
 .debug_str     0x00000000000a04af       0x8b ./Core/Src/system_stm32f0xx.o
                                      0x9c5c4 (size before relaxing)
 .debug_str     0x00000000000a053a       0x34 ./Core/Startup/startup_stm32f091rctx.o
                                         0x87 (size before relaxing)
 .debug_str     0x00000000000a056e      0x4dc ./Drivers/STM32F0xx_HAL_Driver/Src/stm32f0xx_hal.o
                                      0x9cbb4 (size before relaxing)
 .debug_str     0x00000000000a0a4a      0x19f ./Drivers/STM32F0xx_HAL_Driver/Src/stm32f0xx_hal_cortex.o
                                      0x9c9a5 (size before relaxing)
 .debug_str     0x00000000000a0be9      0x11e ./Drivers/STM32F0xx_HAL_Driver/Src/stm32f0xx_hal_gpio.o
                                      0x9c77a (size before relaxing)
 .debug_str     0x00000000000a0d07      0x21a ./Drivers/STM32F0xx_HAL_Driver/Src/stm32f0xx_hal_rcc.o
                                      0x9ca0b (size before relaxing)
 .debug_str     0x00000000000a0f21      0x2c7 ./Drivers/STM32F0xx_HAL_Driver/Src/stm32f0xx_hal_rcc_ex.o
                                      0x9c9a7 (size before relaxing)
 .debug_str     0x00000000000a11e8      0x592 ./Drivers/STM32F0xx_HAL_Driver/Src/stm32f0xx_hal_spi.o
                                      0x9cf44 (size before relaxing)
 .debug_str     0x00000000000a177a      0x868 ./Drivers/STM32F0xx_HAL_Driver/Src/stm32f0xx_hal_uart.o
                                      0x9d338 (size before relaxing)

.debug_frame    0x0000000000000000     0x2190
 .debug_frame   0x0000000000000000      0x434 ./Core/Src/lcd.o
 .debug_frame   0x0000000000000434      0x28c ./Core/Src/main.o
 .debug_frame   0x00000000000006c0       0xb0 ./Core/Src/stm32f0xx_hal_msp.o
 .debug_frame   0x0000000000000770       0x9c ./Core/Src/stm32f0xx_it.o
 .debug_frame   0x000000000000080c       0x4c ./Core/Src/system_stm32f0xx.o
 .debug_frame   0x0000000000000858      0x2a4 ./Drivers/STM32F0xx_HAL_Driver/Src/stm32f0xx_hal.o
 .debug_frame   0x0000000000000afc      0x2a0 ./Drivers/STM32F0xx_HAL_Driver/Src/stm32f0xx_hal_cortex.o
 .debug_frame   0x0000000000000d9c      0x110 ./Drivers/STM32F0xx_HAL_Driver/Src/stm32f0xx_hal_gpio.o
 .debug_frame   0x0000000000000eac      0x198 ./Drivers/STM32F0xx_HAL_Driver/Src/stm32f0xx_hal_rcc.o
 .debug_frame   0x0000000000001044      0x180 ./Drivers/STM32F0xx_HAL_Driver/Src/stm32f0xx_hal_rcc_ex.o
 .debug_frame   0x00000000000011c4      0x710 ./Drivers/STM32F0xx_HAL_Driver/Src/stm32f0xx_hal_spi.o
 .debug_frame   0x00000000000018d4      0x850 ./Drivers/STM32F0xx_HAL_Driver/Src/stm32f0xx_hal_uart.o
 .debug_frame   0x0000000000002124       0x20 /Applications/STM32CubeIDE.app/Contents/Eclipse/plugins/com.st.stm32cube.ide.mcu.externaltools.gnu-tools-for-stm32.11.3.rel1.macos64_1.1.1.202309131626/tools/bin/../lib/gcc/arm-none-eabi/11.3.1/../../../../arm-none-eabi/lib/thumb/v6-m/nofp/libc_nano.a(libc_a-memset.o)
 .debug_frame   0x0000000000002144       0x2c /Applications/STM32CubeIDE.app/Contents/Eclipse/plugins/com.st.stm32cube.ide.mcu.externaltools.gnu-tools-for-stm32.11.3.rel1.macos64_1.1.1.202309131626/tools/bin/../lib/gcc/arm-none-eabi/11.3.1/../../../../arm-none-eabi/lib/thumb/v6-m/nofp/libc_nano.a(libc_a-init.o)
 .debug_frame   0x0000000000002170       0x20 /Applications/STM32CubeIDE.app/Contents/Eclipse/plugins/com.st.stm32cube.ide.mcu.externaltools.gnu-tools-for-stm32.11.3.rel1.macos64_1.1.1.202309131626/tools/bin/../lib/gcc/arm-none-eabi/11.3.1/thumb/v6-m/nofp/libgcc.a(_udivsi3.o)

.debug_line_str
                0x0000000000000000       0x7b
 .debug_line_str
                0x0000000000000000       0x7b ./Core/Startup/startup_stm32f091rctx.o
                                         0x93 (size before relaxing)
