../Core/Src/main.c:105:5:main	8	static
../Core/Src/main.c:161:6:SystemClock_Config	112	static
../Core/Src/main.c:205:13:MX_SPI1_Init	8	static
../Core/Src/main.c:245:13:MX_USART2_UART_Init	8	static
../Core/Src/main.c:280:13:MX_USART3_UART_Init	8	static
../Core/Src/main.c:315:13:MX_GPIO_Init	48	static
../Core/Src/main.c:345:6:DAC_Handler	16	static
../Core/Src/main.c:389:19:spi_write	32	static
../Core/Src/main.c:407:6:process_audio_data	32	static
../Core/Src/main.c:434:6:OLED_Handler	8	static
../Core/Src/main.c:544:6:setup_bb	8	static
../Core/Src/main.c:556:6:small_delay	16	static
../Core/Src/main.c:561:6:bb_write_bit	16	static
../Core/Src/main.c:582:6:bb_write_byte	24	static
../Core/Src/main.c:599:6:bb_cmd	16	static
../Core/Src/main.c:618:6:bb_data	16	static
../Core/Src/main.c:638:6:bb_init_oled	8	static
../Core/Src/main.c:657:6:bb_display1	32	static
../Core/Src/main.c:689:6:bb_clear_display	8	static
../Core/Src/main.c:700:6:software_reset	8	static
../Core/Src/main.c:711:6:Error_Handler	8	static,ignoring_inline_asm
